<?xml version="1.0" encoding="UTF-8"?>
<testsuites name="jest tests" tests="1691" failures="0" errors="0" time="5.8">
  <testsuite name="keyboard review gate" errors="0" failures="0" skipped="0" timestamp="2026-04-28T10:07:39" time="2.714" tests="4">
    <testcase classname="keyboard review gate keeps active custom controls keyboard-operable" name="keyboard review gate keeps active custom controls keyboard-operable" time="0.033">
    </testcase>
    <testcase classname="keyboard review gate removes inactive controls from keyboard navigation by using disabled states" name="keyboard review gate removes inactive controls from keyboard navigation by using disabled states" time="0.007">
    </testcase>
    <testcase classname="keyboard review gate keeps grouped controls and scroll regions intentionally structured for keyboard flow" name="keyboard review gate keeps grouped controls and scroll regions intentionally structured for keyboard flow" time="0.005">
    </testcase>
    <testcase classname="keyboard review gate keeps date pickers manually editable with typed input support" name="keyboard review gate keeps date pickers manually editable with typed input support" time="0.001">
    </testcase>
  </testsuite>
  <testsuite name="DataService.tryFormatDate" errors="0" failures="0" skipped="0" timestamp="2026-04-28T10:07:39" time="2.896" tests="7">
    <testcase classname="DataService.tryFormatDate returns empty string for empty input" name="DataService.tryFormatDate returns empty string for empty input" time="0.017">
    </testcase>
    <testcase classname="DataService.tryFormatDate returns original value for invalid date string" name="DataService.tryFormatDate returns original value for invalid date string" time="0.001">
    </testcase>
    <testcase classname="DataService.tryFormatDate formats valid date string using en-GB locale" name="DataService.tryFormatDate formats valid date string using en-GB locale" time="0.098">
    </testcase>
    <testcase classname="DataService.mapTaskItemToRecord maps core fields and entity record functions" name="DataService.mapTaskItemToRecord maps core fields and entity record functions" time="0.003">
    </testcase>
    <testcase classname="DataService.mapTaskItemToRecord formats transaction date into transactiondate and transactionDate fields" name="DataService.mapTaskItemToRecord formats transaction date into transactiondate and transactionDate fields" time="0.001">
    </testcase>
    <testcase classname="DataService.mapTaskItemToRecord falls back to uprn-index as record id when taskId is empty" name="DataService.mapTaskItemToRecord falls back to uprn-index as record id when taskId is empty" time="0.001">
    </testcase>
    <testcase classname="DataService.mapTaskItemToRecord handles string assignedTo and empty optional values" name="DataService.mapTaskItemToRecord handles string assignedTo and empty optional values" time="0.002">
    </testcase>
  </testsuite>
  <testsuite name="GetHereditamentRelatedRequests model" errors="0" failures="0" skipped="0" timestamp="2026-04-28T10:07:39" time="2.977" tests="136">
    <testcase classname="GetHereditamentRelatedRequests model GetHereditamentRelatedRequestsRequest real request satisfies the request interface" name="GetHereditamentRelatedRequests model GetHereditamentRelatedRequestsRequest real request satisfies the request interface" time="0.01">
    </testcase>
    <testcase classname="GetHereditamentRelatedRequests model GetHereditamentRelatedRequestsRequest request has exactly one field" name="GetHereditamentRelatedRequests model GetHereditamentRelatedRequestsRequest request has exactly one field" time="0.002">
    </testcase>
    <testcase classname="GetHereditamentRelatedRequests model GetHereditamentRelatedRequestsRequest hereditamentId is a GUID string" name="GetHereditamentRelatedRequests model GetHereditamentRelatedRequestsRequest hereditamentId is a GUID string" time="0.001">
    </testcase>
    <testcase classname="GetHereditamentRelatedRequests model GetHereditamentRelatedRequestsResponse real response satisfies the response interface" name="GetHereditamentRelatedRequests model GetHereditamentRelatedRequestsResponse real response satisfies the response interface" time="0.004">
    </testcase>
    <testcase classname="GetHereditamentRelatedRequests model GetHereditamentRelatedRequestsResponse response with active request is valid" name="GetHereditamentRelatedRequests model GetHereditamentRelatedRequestsResponse response with active request is valid" time="0.002">
    </testcase>
    <testcase classname="GetHereditamentRelatedRequests model GetHereditamentRelatedRequestsResponse @odata.context is present in real response" name="GetHereditamentRelatedRequests model GetHereditamentRelatedRequestsResponse @odata.context is present in real response" time="0.001">
    </testcase>
    <testcase classname="GetHereditamentRelatedRequests model GetHereditamentRelatedRequestsResponse response fields are all optional" name="GetHereditamentRelatedRequests model GetHereditamentRelatedRequestsResponse response fields are all optional" time="0">
    </testcase>
    <testcase classname="GetHereditamentRelatedRequests model GetHereditamentRelatedRequestsResponse hereditamentActiveRequest is boolean, not string or number" name="GetHereditamentRelatedRequests model GetHereditamentRelatedRequestsResponse hereditamentActiveRequest is boolean, not string or number" time="0">
    </testcase>
    <testcase classname="GetHereditamentRelatedRequests model PluginErrorMessage hereditamentId required error is a valid error" name="GetHereditamentRelatedRequests model PluginErrorMessage hereditamentId required error is a valid error" time="0.001">
    </testcase>
    <testcase classname="GetHereditamentRelatedRequests model PluginErrorMessage generic error message is a valid error" name="GetHereditamentRelatedRequests model PluginErrorMessage generic error message is a valid error" time="0">
    </testcase>
    <testcase classname="GetHereditamentRelatedRequests model QueryEntityName query entity is voa_requestlineitem" name="GetHereditamentRelatedRequests model QueryEntityName query entity is voa_requestlineitem" time="0">
    </testcase>
    <testcase classname="GetHereditamentRelatedRequests model QueryAttribute query attribute is voa_requestlineitemid" name="GetHereditamentRelatedRequests model QueryAttribute query attribute is voa_requestlineitemid" time="0.004">
    </testcase>
    <testcase classname="GetHereditamentRelatedRequests model FetchXmlFilterCondition statecode condition shape is valid" name="GetHereditamentRelatedRequests model FetchXmlFilterCondition statecode condition shape is valid" time="0.001">
    </testcase>
    <testcase classname="GetHereditamentRelatedRequests model FetchXmlFilterCondition voa_statutoryspatialunitid condition shape is valid" name="GetHereditamentRelatedRequests model FetchXmlFilterCondition voa_statutoryspatialunitid condition shape is valid" time="0">
    </testcase>
    <testcase classname="GetHereditamentRelatedRequests model PadStatusSyncedValue synced trigger value is Committed" name="GetHereditamentRelatedRequests model PadStatusSyncedValue synced trigger value is Committed" time="0.001">
    </testcase>
    <testcase classname="GetHereditamentRelatedRequests model PadStatusSyncedLabel synced label text matches PadSection rendering" name="GetHereditamentRelatedRequests model PadStatusSyncedLabel synced label text matches PadSection rendering" time="0">
    </testcase>
    <testcase classname="GetHereditamentRelatedRequests model ActiveRequestWarningText warning text matches PadSection rendering" name="GetHereditamentRelatedRequests model ActiveRequestWarningText warning text matches PadSection rendering" time="0">
    </testcase>
    <testcase classname="GetHereditamentRelatedRequests model TrueLikeValue &quot;true&quot; is a valid TrueLikeValue" name="GetHereditamentRelatedRequests model TrueLikeValue &quot;true&quot; is a valid TrueLikeValue" time="0.001">
    </testcase>
    <testcase classname="GetHereditamentRelatedRequests model TrueLikeValue &quot;yes&quot; is a valid TrueLikeValue" name="GetHereditamentRelatedRequests model TrueLikeValue &quot;yes&quot; is a valid TrueLikeValue" time="0">
    </testcase>
    <testcase classname="GetHereditamentRelatedRequests model TrueLikeValue &quot;1&quot; is a valid TrueLikeValue" name="GetHereditamentRelatedRequests model TrueLikeValue &quot;1&quot; is a valid TrueLikeValue" time="0.001">
    </testcase>
    <testcase classname="GetHereditamentRelatedRequests model TrueLikeValue &quot;y&quot; is a valid TrueLikeValue" name="GetHereditamentRelatedRequests model TrueLikeValue &quot;y&quot; is a valid TrueLikeValue" time="0">
    </testcase>
    <testcase classname="GetHereditamentRelatedRequests model ActiveRequestFallbackKey &quot;activeRequestInVos&quot; is a valid fallback key" name="GetHereditamentRelatedRequests model ActiveRequestFallbackKey &quot;activeRequestInVos&quot; is a valid fallback key" time="0.001">
    </testcase>
    <testcase classname="GetHereditamentRelatedRequests model ActiveRequestFallbackKey &quot;isActiveRequestPresent&quot; is a valid fallback key" name="GetHereditamentRelatedRequests model ActiveRequestFallbackKey &quot;isActiveRequestPresent&quot; is a valid fallback key" time="0">
    </testcase>
    <testcase classname="GetHereditamentRelatedRequests model CSS class types synced class matches" name="GetHereditamentRelatedRequests model CSS class types synced class matches" time="0">
    </testcase>
    <testcase classname="GetHereditamentRelatedRequests model CSS class types warning class matches" name="GetHereditamentRelatedRequests model CSS class types warning class matches" time="0.001">
    </testcase>
    <testcase classname="GetHereditamentRelatedRequests model Plugin class metadata class name matches" name="GetHereditamentRelatedRequests model Plugin class metadata class name matches" time="0">
    </testcase>
    <testcase classname="GetHereditamentRelatedRequests model Plugin class metadata namespace matches" name="GetHereditamentRelatedRequests model Plugin class metadata namespace matches" time="0">
    </testcase>
    <testcase classname="GetHereditamentRelatedRequests model Plugin class metadata base class matches" name="GetHereditamentRelatedRequests model Plugin class metadata base class matches" time="0">
    </testcase>
    <testcase classname="View model PAD status mapping padStatusLabel derivation reads padStatus from propertyAndBandingDetails" name="View model PAD status mapping padStatusLabel derivation reads padStatus from propertyAndBandingDetails" time="0">
    </testcase>
    <testcase classname="View model PAD status mapping padStatusLabel derivation shows &quot;PAD Status: Synced&quot; when active request is not trueLike" name="View model PAD status mapping padStatusLabel derivation shows &quot;PAD Status: Synced&quot; when active request is not trueLike" time="0">
    </testcase>
    <testcase classname="View model PAD status mapping padStatusLabel derivation falls back to empty string when not applicable" name="View model PAD status mapping padStatusLabel derivation falls back to empty string when not applicable" time="0">
    </testcase>
    <testcase classname="View model PAD status mapping isActiveRequestPresent derivation uses isTrueLike wrapper" name="View model PAD status mapping isActiveRequestPresent derivation uses isTrueLike wrapper" time="0">
    </testcase>
    <testcase classname="View model PAD status mapping isActiveRequestPresent derivation uses firstNonEmpty for fallback chain" name="View model PAD status mapping isActiveRequestPresent derivation uses firstNonEmpty for fallback chain" time="0">
    </testcase>
    <testcase classname="View model PAD status mapping isActiveRequestPresent derivation checks propertyAndBandingDetails.hereditamentActiveRequest first" name="View model PAD status mapping isActiveRequestPresent derivation checks propertyAndBandingDetails.hereditamentActiveRequest first" time="0.001">
    </testcase>
    <testcase classname="View model PAD status mapping isActiveRequestPresent derivation checks details.hereditamentActiveRequest second" name="View model PAD status mapping isActiveRequestPresent derivation checks details.hereditamentActiveRequest second" time="0">
    </testcase>
    <testcase classname="View model PAD status mapping isActiveRequestPresent derivation checks hereditamentActiveRequestRaw is non-empty" name="View model PAD status mapping isActiveRequestPresent derivation checks hereditamentActiveRequestRaw is non-empty" time="0">
    </testcase>
    <testcase classname="View model PAD status mapping isActiveRequestPresent derivation checks hereditamentActiveRequestRaw is not dash placeholder" name="View model PAD status mapping isActiveRequestPresent derivation checks hereditamentActiveRequestRaw is not dash placeholder" time="0">
    </testcase>
    <testcase classname="View model PAD status mapping isActiveRequestPresent derivation hereditamentActiveRequest fallback sources are in the correct order" name="View model PAD status mapping isActiveRequestPresent derivation hereditamentActiveRequest fallback sources are in the correct order" time="0">
    </testcase>
    <testcase classname="isTrueLike utility function is exported in utils.ts" name="isTrueLike utility function is exported in utils.ts" time="0">
    </testcase>
    <testcase classname="isTrueLike utility normalizes input with trim().toLowerCase()" name="isTrueLike utility normalizes input with trim().toLowerCase()" time="0">
    </testcase>
    <testcase classname="isTrueLike utility accepts &quot;true&quot; as truthy" name="isTrueLike utility accepts &quot;true&quot; as truthy" time="0">
    </testcase>
    <testcase classname="isTrueLike utility accepts &quot;yes&quot; as truthy" name="isTrueLike utility accepts &quot;yes&quot; as truthy" time="0">
    </testcase>
    <testcase classname="isTrueLike utility accepts &quot;1&quot; as truthy" name="isTrueLike utility accepts &quot;1&quot; as truthy" time="0">
    </testcase>
    <testcase classname="isTrueLike utility accepts &quot;y&quot; as truthy" name="isTrueLike utility accepts &quot;y&quot; as truthy" time="0">
    </testcase>
    <testcase classname="isTrueLike utility implementation in source matches expected truthy values" name="isTrueLike utility implementation in source matches expected truthy values" time="0">
    </testcase>
    <testcase classname="isTrueLike utility function returns boolean" name="isTrueLike utility function returns boolean" time="0">
    </testcase>
    <testcase classname="isTrueLike utility simulated isTrueLike behavior isTrueLike(&quot;true&quot;) → true" name="isTrueLike utility simulated isTrueLike behavior isTrueLike(&quot;true&quot;) → true" time="0">
    </testcase>
    <testcase classname="isTrueLike utility simulated isTrueLike behavior isTrueLike(&quot;True&quot;) → true" name="isTrueLike utility simulated isTrueLike behavior isTrueLike(&quot;True&quot;) → true" time="0">
    </testcase>
    <testcase classname="isTrueLike utility simulated isTrueLike behavior isTrueLike(&quot;TRUE&quot;) → true" name="isTrueLike utility simulated isTrueLike behavior isTrueLike(&quot;TRUE&quot;) → true" time="0.001">
    </testcase>
    <testcase classname="isTrueLike utility simulated isTrueLike behavior isTrueLike(&quot;  true  &quot;) → true" name="isTrueLike utility simulated isTrueLike behavior isTrueLike(&quot;  true  &quot;) → true" time="0">
    </testcase>
    <testcase classname="isTrueLike utility simulated isTrueLike behavior isTrueLike(&quot;yes&quot;) → true" name="isTrueLike utility simulated isTrueLike behavior isTrueLike(&quot;yes&quot;) → true" time="0">
    </testcase>
    <testcase classname="isTrueLike utility simulated isTrueLike behavior isTrueLike(&quot;Yes&quot;) → true" name="isTrueLike utility simulated isTrueLike behavior isTrueLike(&quot;Yes&quot;) → true" time="0">
    </testcase>
    <testcase classname="isTrueLike utility simulated isTrueLike behavior isTrueLike(&quot;YES&quot;) → true" name="isTrueLike utility simulated isTrueLike behavior isTrueLike(&quot;YES&quot;) → true" time="0">
    </testcase>
    <testcase classname="isTrueLike utility simulated isTrueLike behavior isTrueLike(&quot;1&quot;) → true" name="isTrueLike utility simulated isTrueLike behavior isTrueLike(&quot;1&quot;) → true" time="0">
    </testcase>
    <testcase classname="isTrueLike utility simulated isTrueLike behavior isTrueLike(&quot;y&quot;) → true" name="isTrueLike utility simulated isTrueLike behavior isTrueLike(&quot;y&quot;) → true" time="0">
    </testcase>
    <testcase classname="isTrueLike utility simulated isTrueLike behavior isTrueLike(&quot;Y&quot;) → true" name="isTrueLike utility simulated isTrueLike behavior isTrueLike(&quot;Y&quot;) → true" time="0">
    </testcase>
    <testcase classname="isTrueLike utility simulated isTrueLike behavior isTrueLike(&quot;false&quot;) → false" name="isTrueLike utility simulated isTrueLike behavior isTrueLike(&quot;false&quot;) → false" time="0">
    </testcase>
    <testcase classname="isTrueLike utility simulated isTrueLike behavior isTrueLike(&quot;no&quot;) → false" name="isTrueLike utility simulated isTrueLike behavior isTrueLike(&quot;no&quot;) → false" time="0">
    </testcase>
    <testcase classname="isTrueLike utility simulated isTrueLike behavior isTrueLike(&quot;0&quot;) → false" name="isTrueLike utility simulated isTrueLike behavior isTrueLike(&quot;0&quot;) → false" time="0">
    </testcase>
    <testcase classname="isTrueLike utility simulated isTrueLike behavior isTrueLike(&quot;n&quot;) → false" name="isTrueLike utility simulated isTrueLike behavior isTrueLike(&quot;n&quot;) → false" time="0">
    </testcase>
    <testcase classname="isTrueLike utility simulated isTrueLike behavior isTrueLike(&quot;&quot;) → false" name="isTrueLike utility simulated isTrueLike behavior isTrueLike(&quot;&quot;) → false" time="0">
    </testcase>
    <testcase classname="isTrueLike utility simulated isTrueLike behavior isTrueLike(&quot;maybe&quot;) → false" name="isTrueLike utility simulated isTrueLike behavior isTrueLike(&quot;maybe&quot;) → false" time="0">
    </testcase>
    <testcase classname="isTrueLike utility simulated isTrueLike behavior isTrueLike(&quot;2&quot;) → false" name="isTrueLike utility simulated isTrueLike behavior isTrueLike(&quot;2&quot;) → false" time="0">
    </testcase>
    <testcase classname="isTrueLike utility simulated isTrueLike behavior isTrueLike(&quot;truthy&quot;) → false" name="isTrueLike utility simulated isTrueLike behavior isTrueLike(&quot;truthy&quot;) → false" time="0.001">
    </testcase>
    <testcase classname="isTrueLike utility simulated isTrueLike behavior isTrueLike(&quot;  &quot;) → false" name="isTrueLike utility simulated isTrueLike behavior isTrueLike(&quot;  &quot;) → false" time="0">
    </testcase>
    <testcase classname="PadSection component props interface accepts padStatusDisplay prop" name="PadSection component props interface accepts padStatusDisplay prop" time="0">
    </testcase>
    <testcase classname="PadSection component props interface accepts padStatusLabel prop" name="PadSection component props interface accepts padStatusLabel prop" time="0">
    </testcase>
    <testcase classname="PadSection component props interface accepts isActiveRequestPresent prop" name="PadSection component props interface accepts isActiveRequestPresent prop" time="0">
    </testcase>
    <testcase classname="PadSection component synced tag rendering renders synced tag with voa-pad-top-tag--synced class" name="PadSection component synced tag rendering renders synced tag with voa-pad-top-tag--synced class" time="0.001">
    </testcase>
    <testcase classname="PadSection component synced tag rendering displays padStatusLabel in synced tag" name="PadSection component synced tag rendering displays padStatusLabel in synced tag" time="0">
    </testcase>
    <testcase classname="PadSection component synced tag rendering synced tag is conditional on padStatusLabel being truthy" name="PadSection component synced tag rendering synced tag is conditional on padStatusLabel being truthy" time="0">
    </testcase>
    <testcase classname="PadSection component warning tag rendering renders warning tag with voa-pad-top-tag--warning class" name="PadSection component warning tag rendering renders warning tag with voa-pad-top-tag--warning class" time="0">
    </testcase>
    <testcase classname="PadSection component warning tag rendering warning tag is conditional on isActiveRequestPresent" name="PadSection component warning tag rendering warning tag is conditional on isActiveRequestPresent" time="0">
    </testcase>
    <testcase classname="PadSection component warning tag rendering warning tag shows &quot;Active request/job in VOS&quot; text" name="PadSection component warning tag rendering warning tag shows &quot;Active request/job in VOS&quot; text" time="0.001">
    </testcase>
    <testcase classname="PadSection component warning tag rendering warning tag has title tooltip explaining the context" name="PadSection component warning tag rendering warning tag has title tooltip explaining the context" time="0">
    </testcase>
    <testcase classname="PadSection component warning tag rendering warning tag uses Warning icon from Fluent UI" name="PadSection component warning tag rendering warning tag uses Warning icon from Fluent UI" time="0">
    </testcase>
    <testcase classname="PadSection component warning tag rendering warning icon is aria-hidden" name="PadSection component warning tag rendering warning icon is aria-hidden" time="0">
    </testcase>
    <testcase classname="PadSection component tags container tags are wrapped in voa-pad-top-tags div" name="PadSection component tags container tags are wrapped in voa-pad-top-tags div" time="0">
    </testcase>
    <testcase classname="PadSection component section heading section is labelled &quot;Property Attribute Details&quot;" name="PadSection component section heading section is labelled &quot;Property Attribute Details&quot;" time="0">
    </testcase>
    <testcase classname="PadSection component section heading uses aria-labelledby for pad-heading" name="PadSection component section heading uses aria-labelledby for pad-heading" time="0.001">
    </testcase>
    <testcase classname="PadSection component PAD status chip in table (committed vs default) committed status gets committed chip class" name="PadSection component PAD status chip in table (committed vs default) committed status gets committed chip class" time="0">
    </testcase>
    <testcase classname="PadSection component PAD status chip in table (committed vs default) chip has aria-label for PAD status" name="PadSection component PAD status chip in table (committed vs default) chip has aria-label for PAD status" time="0">
    </testcase>
    <testcase classname="CSS class alignment voa-pad-top-tag base class exists" name="CSS class alignment voa-pad-top-tag base class exists" time="0">
    </testcase>
    <testcase classname="CSS class alignment voa-pad-top-tag uses pill shape (border-radius: 999px)" name="CSS class alignment voa-pad-top-tag uses pill shape (border-radius: 999px)" time="0">
    </testcase>
    <testcase classname="CSS class alignment synced tag has blue background (#3949ab)" name="CSS class alignment synced tag has blue background (#3949ab)" time="0.001">
    </testcase>
    <testcase classname="CSS class alignment synced tag has white text (#ffffff)" name="CSS class alignment synced tag has white text (#ffffff)" time="0">
    </testcase>
    <testcase classname="CSS class alignment warning tag has amber background (#ffbf00)" name="CSS class alignment warning tag has amber background (#ffbf00)" time="0">
    </testcase>
    <testcase classname="CSS class alignment warning tag has dark text (#1f1f1f)" name="CSS class alignment warning tag has dark text (#1f1f1f)" time="0">
    </testcase>
    <testcase classname="CSS class alignment warning tag has border (#d3a128)" name="CSS class alignment warning tag has border (#d3a128)" time="0">
    </testcase>
    <testcase classname="CSS class alignment tags container uses flexbox with gap" name="CSS class alignment tags container uses flexbox with gap" time="0.001">
    </testcase>
    <testcase classname="CSS class alignment base tag uses inline-flex and font-weight 600" name="CSS class alignment base tag uses inline-flex and font-weight 600" time="0">
    </testcase>
    <testcase classname="SaleDetailsViewModel types alignment types include padStatusDisplay: string" name="SaleDetailsViewModel types alignment types include padStatusDisplay: string" time="0">
    </testcase>
    <testcase classname="SaleDetailsViewModel types alignment types include padStatusLabel: string" name="SaleDetailsViewModel types alignment types include padStatusLabel: string" time="0">
    </testcase>
    <testcase classname="SaleDetailsViewModel types alignment types include isActiveRequestPresent: boolean" name="SaleDetailsViewModel types alignment types include isActiveRequestPresent: boolean" time="0">
    </testcase>
    <testcase classname="SaleDetailsViewModel types alignment all three PAD fields are present" name="SaleDetailsViewModel types alignment all three PAD fields are present" time="0.001">
    </testcase>
    <testcase classname="PropertyAndBandingDetails model alignment ViewSaleRecordById model has activeRequestInVos field" name="PropertyAndBandingDetails model alignment ViewSaleRecordById model has activeRequestInVos field" time="0">
    </testcase>
    <testcase classname="PropertyAndBandingDetails model alignment activeRequestInVos is typed as optional boolean" name="PropertyAndBandingDetails model alignment activeRequestInVos is typed as optional boolean" time="0">
    </testcase>
    <testcase classname="PropertyAndBandingDetails model alignment model has suId field (hereditament GUID)" name="PropertyAndBandingDetails model alignment model has suId field (hereditament GUID)" time="0">
    </testcase>
    <testcase classname="PropertyAndBandingDetails model alignment model has padStatus field" name="PropertyAndBandingDetails model alignment model has padStatus field" time="0">
    </testcase>
    <testcase classname="PropertyAndBandingDetails model alignment model includes PropertyAndBandingDetails interface" name="PropertyAndBandingDetails model alignment model includes PropertyAndBandingDetails interface" time="0.001">
    </testcase>
    <testcase classname="PropertyAndBandingDetails model alignment activeRequestInVos has JSDoc comment" name="PropertyAndBandingDetails model alignment activeRequestInVos has JSDoc comment" time="0">
    </testcase>
    <testcase classname="Real payload round-trip request payload matches expected structure" name="Real payload round-trip request payload matches expected structure" time="0">
    </testcase>
    <testcase classname="Real payload round-trip response payload matches expected structure" name="Real payload round-trip response payload matches expected structure" time="0.002">
    </testcase>
    <testcase classname="Real payload round-trip false response means PAD is synced" name="Real payload round-trip false response means PAD is synced" time="0.001">
    </testcase>
    <testcase classname="Real payload round-trip JSON.stringify preserves boolean type for hereditamentActiveRequest" name="Real payload round-trip JSON.stringify preserves boolean type for hereditamentActiveRequest" time="0.001">
    </testcase>
    <testcase classname="Real payload round-trip response round-trips through JSON without data loss" name="Real payload round-trip response round-trips through JSON without data loss" time="0">
    </testcase>
    <testcase classname="Simulated PAD status label derivation padStatusDisplay &quot;Committed&quot; → &quot;PAD Status: Synced&quot;" name="Simulated PAD status label derivation padStatusDisplay &quot;Committed&quot; → &quot;PAD Status: Synced&quot;" time="0">
    </testcase>
    <testcase classname="Simulated PAD status label derivation padStatusDisplay &quot;committed&quot; → &quot;PAD Status: Synced&quot;" name="Simulated PAD status label derivation padStatusDisplay &quot;committed&quot; → &quot;PAD Status: Synced&quot;" time="0.001">
    </testcase>
    <testcase classname="Simulated PAD status label derivation padStatusDisplay &quot;COMMITTED&quot; → &quot;PAD Status: Synced&quot;" name="Simulated PAD status label derivation padStatusDisplay &quot;COMMITTED&quot; → &quot;PAD Status: Synced&quot;" time="0">
    </testcase>
    <testcase classname="Simulated PAD status label derivation padStatusDisplay &quot;Active&quot; → &quot;PAD Status: Active&quot;" name="Simulated PAD status label derivation padStatusDisplay &quot;Active&quot; → &quot;PAD Status: Active&quot;" time="0">
    </testcase>
    <testcase classname="Simulated PAD status label derivation padStatusDisplay &quot;Draft&quot; → &quot;PAD Status: Draft&quot;" name="Simulated PAD status label derivation padStatusDisplay &quot;Draft&quot; → &quot;PAD Status: Draft&quot;" time="0">
    </testcase>
    <testcase classname="Simulated PAD status label derivation padStatusDisplay &quot;Pending&quot; → &quot;PAD Status: Pending&quot;" name="Simulated PAD status label derivation padStatusDisplay &quot;Pending&quot; → &quot;PAD Status: Pending&quot;" time="0">
    </testcase>
    <testcase classname="Simulated PAD status label derivation padStatusDisplay &quot;-&quot; → &quot;PAD Status: -&quot;" name="Simulated PAD status label derivation padStatusDisplay &quot;-&quot; → &quot;PAD Status: -&quot;" time="0">
    </testcase>
    <testcase classname="Simulated PAD status label derivation padStatusDisplay &quot;Unknown&quot; → &quot;PAD Status: Unknown&quot;" name="Simulated PAD status label derivation padStatusDisplay &quot;Unknown&quot; → &quot;PAD Status: Unknown&quot;" time="0">
    </testcase>
    <testcase classname="Business logic integration scenarios scenario: hereditament with no active requests hereditamentActiveRequest is false" name="Business logic integration scenarios scenario: hereditament with no active requests hereditamentActiveRequest is false" time="0.001">
    </testcase>
    <testcase classname="Business logic integration scenarios scenario: hereditament with no active requests PAD status should show as Synced when padStatus is Committed" name="Business logic integration scenarios scenario: hereditament with no active requests PAD status should show as Synced when padStatus is Committed" time="0">
    </testcase>
    <testcase classname="Business logic integration scenarios scenario: hereditament with no active requests isActiveRequestPresent should be false" name="Business logic integration scenarios scenario: hereditament with no active requests isActiveRequestPresent should be false" time="0">
    </testcase>
    <testcase classname="Business logic integration scenarios scenario: hereditament with active requests hereditamentActiveRequest is true" name="Business logic integration scenarios scenario: hereditament with active requests hereditamentActiveRequest is true" time="0">
    </testcase>
    <testcase classname="Business logic integration scenarios scenario: hereditament with active requests isActiveRequestPresent should be true" name="Business logic integration scenarios scenario: hereditament with active requests isActiveRequestPresent should be true" time="0.001">
    </testcase>
    <testcase classname="Business logic integration scenarios scenario: hereditament with active requests warning tag text should be &quot;Active request/job in VOS&quot;" name="Business logic integration scenarios scenario: hereditament with active requests warning tag text should be &quot;Active request/job in VOS&quot;" time="0.029">
    </testcase>
    <testcase classname="Business logic integration scenarios scenario: hereditamentId validation valid GUID passes regex" name="Business logic integration scenarios scenario: hereditamentId validation valid GUID passes regex" time="0">
    </testcase>
    <testcase classname="Business logic integration scenarios scenario: hereditamentId validation invalid GUID fails regex" name="Business logic integration scenarios scenario: hereditamentId validation invalid GUID fails regex" time="0.001">
    </testcase>
    <testcase classname="Edge cases empty response object is assignable to response type" name="Edge cases empty response object is assignable to response type" time="0">
    </testcase>
    <testcase classname="Edge cases null hereditamentActiveRequest is tolerated by optional typing" name="Edge cases null hereditamentActiveRequest is tolerated by optional typing" time="0">
    </testcase>
    <testcase classname="Edge cases odata context is optional" name="Edge cases odata context is optional" time="0">
    </testcase>
    <testcase classname="Edge cases request with empty-string hereditamentId fails GUID validation" name="Edge cases request with empty-string hereditamentId fails GUID validation" time="0">
    </testcase>
    <testcase classname="Edge cases padStatusDisplay of &quot;-&quot; hides synced tag per PadSection" name="Edge cases padStatusDisplay of &quot;-&quot; hides synced tag per PadSection" time="0.001">
    </testcase>
    <testcase classname="Edge cases isTrueLike with whitespace-only string returns false" name="Edge cases isTrueLike with whitespace-only string returns false" time="0">
    </testcase>
    <testcase classname="Sample data alignment sample data includes padStatus field" name="Sample data alignment sample data includes padStatus field" time="0">
    </testcase>
    <testcase classname="Sample data alignment sample data uses Committed as padStatus value" name="Sample data alignment sample data uses Committed as padStatus value" time="0.001">
    </testcase>
    <testcase classname="Sample data alignment sample data includes activeRequestInVos field" name="Sample data alignment sample data includes activeRequestInVos field" time="0">
    </testcase>
    <testcase classname="Sample data alignment sample data activeRequestInVos is boolean true" name="Sample data alignment sample data activeRequestInVos is boolean true" time="0">
    </testcase>
    <testcase classname="WRT-197 test alignment WRT-197 tests exist for hereditament and banding details" name="WRT-197 test alignment WRT-197 tests exist for hereditament and banding details" time="0">
    </testcase>
    <testcase classname="WRT-197 test alignment WRT-197 tests cover address hyperlink with suId" name="WRT-197 test alignment WRT-197 tests cover address hyperlink with suId" time="0">
    </testcase>
    <testcase classname="WRT-197 test alignment WRT-197 tests cover banding effective date formatting" name="WRT-197 test alignment WRT-197 tests cover banding effective date formatting" time="0">
    </testcase>
    <testcase classname="WRT-197 test alignment WRT-197 tests do not cover PAD sync status (covered by this suite)" name="WRT-197 test alignment WRT-197 tests do not cover PAD sync status (covered by this suite)" time="0">
    </testcase>
  </testsuite>
  <testsuite name="WRT-366 View Sales Record through Quality Control Assignment AC" errors="0" failures="0" skipped="0" timestamp="2026-04-28T10:07:39" time="2.991" tests="5">
    <testcase classname="WRT-366 View Sales Record through Quality Control Assignment AC AC1: quality control assignment resolves to QA assignment table and keeps view-sales action available" name="WRT-366 View Sales Record through Quality Control Assignment AC AC1: quality control assignment resolves to QA assignment table and keeps view-sales action available" time="0.042">
    </testcase>
    <testcase classname="WRT-366 View Sales Record through Quality Control Assignment AC AC2: sale-id link and View Sales Record button route through the same navigate handler" name="WRT-366 View Sales Record through Quality Control Assignment AC AC2: sale-id link and View Sales Record button route through the same navigate handler" time="0.049">
    </testcase>
    <testcase classname="WRT-366 View Sales Record through Quality Control Assignment AC AC3: row invoke sends qc-assignment context and runtime stores it before loading details" name="WRT-366 View Sales Record through Quality Control Assignment AC AC3: row invoke sends qc-assignment context and runtime stores it before loading details" time="0.002">
    </testcase>
    <testcase classname="WRT-366 View Sales Record through Quality Control Assignment AC AC4: qc-assignment view-sales details remain read-only for non-caseworker ownership contexts" name="WRT-366 View Sales Record through Quality Control Assignment AC AC4: qc-assignment view-sales details remain read-only for non-caseworker ownership contexts" time="0.005">
    </testcase>
    <testcase classname="WRT-366 View Sales Record through Quality Control Assignment AC AC5: sale record shows full sections in read-only mode including Create Data Enhancement Job" name="WRT-366 View Sales Record through Quality Control Assignment AC AC5: sale record shows full sections in read-only mode including Create Data Enhancement Job" time="0.002">
    </testcase>
  </testsuite>
  <testsuite name="runtime user context role/team matching" errors="0" failures="0" skipped="0" timestamp="2026-04-28T10:07:39" time="3.056" tests="4">
    <testcase classname="runtime user context role/team matching caseworker access is detected from matchedRoleNames multi-role list (contains-based)" name="runtime user context role/team matching caseworker access is detected from matchedRoleNames multi-role list (contains-based)" time="0.047">
    </testcase>
    <testcase classname="runtime user context role/team matching manager access is detected from matchedRoleNames multi-role list" name="runtime user context role/team matching manager access is detected from matchedRoleNames multi-role list" time="0.002">
    </testcase>
    <testcase classname="runtime user context role/team matching qa access is detected from matchedRoleNames multi-role list" name="runtime user context role/team matching qa access is detected from matchedRoleNames multi-role list" time="0.002">
    </testcase>
    <testcase classname="runtime user context role/team matching team evidence supports contains-based matching from matchedTeamNames" name="runtime user context role/team matching team evidence supports contains-based matching from matchedTeamNames" time="0">
    </testcase>
  </testsuite>
  <testsuite name="isRecord" errors="0" failures="0" skipped="0" timestamp="2026-04-28T10:07:39" time="3.162" tests="68">
    <testcase classname="isRecord returns true for plain objects" name="isRecord returns true for plain objects" time="0.008">
    </testcase>
    <testcase classname="isRecord returns false for arrays" name="isRecord returns false for arrays" time="0.001">
    </testcase>
    <testcase classname="isRecord returns false for null and primitives" name="isRecord returns false for null and primitives" time="0">
    </testcase>
    <testcase classname="toDisplayText null and undefined return empty string" name="toDisplayText null and undefined return empty string" time="0">
    </testcase>
    <testcase classname="toDisplayText string values pass through" name="toDisplayText string values pass through" time="0.001">
    </testcase>
    <testcase classname="toDisplayText numbers and booleans convert to string" name="toDisplayText numbers and booleans convert to string" time="0">
    </testcase>
    <testcase classname="toDisplayText array values join non-empty items with comma" name="toDisplayText array values join non-empty items with comma" time="0.001">
    </testcase>
    <testcase classname="toDisplayText record values JSON stringify" name="toDisplayText record values JSON stringify" time="0">
    </testcase>
    <testcase classname="getRecord returns the nested record when present" name="getRecord returns the nested record when present" time="0.001">
    </testcase>
    <testcase classname="getRecord returns empty object when key is missing or not a record" name="getRecord returns empty object when key is missing or not a record" time="0.001">
    </testcase>
    <testcase classname="getRecordFromKeys returns the first matching key" name="getRecordFromKeys returns the first matching key" time="0">
    </testcase>
    <testcase classname="getRecordFromKeys skips non-record values and falls back" name="getRecordFromKeys skips non-record values and falls back" time="0">
    </testcase>
    <testcase classname="getRecordFromKeys returns empty object when no keys match" name="getRecordFromKeys returns empty object when no keys match" time="0">
    </testcase>
    <testcase classname="getRecordFromPath traverses dot-separated path" name="getRecordFromPath traverses dot-separated path" time="0">
    </testcase>
    <testcase classname="getRecordFromPath returns empty object for missing path" name="getRecordFromPath returns empty object for missing path" time="0.001">
    </testcase>
    <testcase classname="getRecordFromPath returns empty object for empty path" name="getRecordFromPath returns empty object for empty path" time="0">
    </testcase>
    <testcase classname="getRecordFromPath handles array index traversal" name="getRecordFromPath handles array index traversal" time="0">
    </testcase>
    <testcase classname="getRecordFromPath returns empty object when array index is out of bounds" name="getRecordFromPath returns empty object when array index is out of bounds" time="0">
    </testcase>
    <testcase classname="getRecordArray returns array of records filtered from mixed array" name="getRecordArray returns array of records filtered from mixed array" time="0">
    </testcase>
    <testcase classname="getRecordArray returns empty array when key not present or not an array" name="getRecordArray returns empty array when key not present or not an array" time="0">
    </testcase>
    <testcase classname="getRecordArrayFromKeys returns the first array found among keys" name="getRecordArrayFromKeys returns the first array found among keys" time="0.001">
    </testcase>
    <testcase classname="getRecordArrayFromKeys returns empty array when no key has an array" name="getRecordArrayFromKeys returns empty array when no key has an array" time="0">
    </testcase>
    <testcase classname="getRecordArrayFromPath traverses to array and filters records" name="getRecordArrayFromPath traverses to array and filters records" time="0">
    </testcase>
    <testcase classname="getRecordArrayFromPath returns empty array for non-array path" name="getRecordArrayFromPath returns empty array for non-array path" time="0">
    </testcase>
    <testcase classname="getValue and getValueFromPath getValue returns trimmed display text for a record key" name="getValue and getValueFromPath getValue returns trimmed display text for a record key" time="0">
    </testcase>
    <testcase classname="getValue and getValueFromPath getValue returns empty string for missing key" name="getValue and getValueFromPath getValue returns empty string for missing key" time="0">
    </testcase>
    <testcase classname="getValue and getValueFromPath getValueFromPath resolves dot-path and returns trimmed text" name="getValue and getValueFromPath getValueFromPath resolves dot-path and returns trimmed text" time="0">
    </testcase>
    <testcase classname="firstNonEmpty returns first non-blank value" name="firstNonEmpty returns first non-blank value" time="0">
    </testcase>
    <testcase classname="firstNonEmpty returns empty string when all are blank" name="firstNonEmpty returns empty string when all are blank" time="0">
    </testcase>
    <testcase classname="formatValue returns value as-is when non-empty" name="formatValue returns value as-is when non-empty" time="0">
    </testcase>
    <testcase classname="formatValue returns dash placeholder for empty/blank strings" name="formatValue returns dash placeholder for empty/blank strings" time="0">
    </testcase>
    <testcase classname="isHttpUrl returns true for https and http URLs" name="isHttpUrl returns true for https and http URLs" time="0">
    </testcase>
    <testcase classname="isHttpUrl returns false for non-http schemes and bare paths" name="isHttpUrl returns false for non-http schemes and bare paths" time="0">
    </testcase>
    <testcase classname="toUkDate converts ISO date string to DD/MM/YYYY" name="toUkDate converts ISO date string to DD/MM/YYYY" time="0.001">
    </testcase>
    <testcase classname="toUkDate returns the original value when date cannot be parsed" name="toUkDate returns the original value when date cannot be parsed" time="0.001">
    </testcase>
    <testcase classname="toUkDate returns empty string for empty input" name="toUkDate returns empty string for empty input" time="0">
    </testcase>
    <testcase classname="toUkCurrency formats positive number as GBP currency" name="toUkCurrency formats positive number as GBP currency" time="0.05">
    </testcase>
    <testcase classname="toUkCurrency handles pound-sign-prefixed input" name="toUkCurrency handles pound-sign-prefixed input" time="0">
    </testcase>
    <testcase classname="toUkCurrency returns empty string for blank or dash input" name="toUkCurrency returns empty string for blank or dash input" time="0.001">
    </testcase>
    <testcase classname="toUkCurrency returns untouched non-numeric string" name="toUkCurrency returns untouched non-numeric string" time="0">
    </testcase>
    <testcase classname="buildSearchUrl appends URL-encoded query to the base URL" name="buildSearchUrl appends URL-encoded query to the base URL" time="0.001">
    </testcase>
    <testcase classname="buildSearchUrl returns empty string when query is blank" name="buildSearchUrl returns empty string when query is blank" time="0">
    </testcase>
    <testcase classname="parseSaleDetails parses valid JSON object" name="parseSaleDetails parses valid JSON object" time="0">
    </testcase>
    <testcase classname="parseSaleDetails returns empty object for invalid JSON" name="parseSaleDetails returns empty object for invalid JSON" time="0.001">
    </testcase>
    <testcase classname="parseSaleDetails returns empty object for empty string" name="parseSaleDetails returns empty object for empty string" time="0">
    </testcase>
    <testcase classname="parseSaleDetails returns empty object when JSON parses to non-record" name="parseSaleDetails returns empty object when JSON parses to non-record" time="0">
    </testcase>
    <testcase classname="toInitials returns first letters of first and last name uppercased" name="toInitials returns first letters of first and last name uppercased" time="0.001">
    </testcase>
    <testcase classname="toInitials returns first two chars for single-word name" name="toInitials returns first two chars for single-word name" time="0">
    </testcase>
    <testcase classname="toInitials returns ? for empty string" name="toInitials returns ? for empty string" time="0">
    </testcase>
    <testcase classname="toInitials handles multiple spaces between names" name="toInitials handles multiple spaces between names" time="0">
    </testcase>
    <testcase classname="toStatusTone returns critical for fail/reject statuses" name="toStatusTone returns critical for fail/reject statuses" time="0.001">
    </testcase>
    <testcase classname="toStatusTone returns ok for complete/pass/commit statuses" name="toStatusTone returns ok for complete/pass/commit statuses" time="0">
    </testcase>
    <testcase classname="toStatusTone returns warning for review/assigned statuses" name="toStatusTone returns warning for review/assigned statuses" time="0">
    </testcase>
    <testcase classname="toStatusTone returns neutral for empty or unrecognised status" name="toStatusTone returns neutral for empty or unrecognised status" time="0">
    </testcase>
    <testcase classname="parseCsvCodes splits comma-separated codes" name="parseCsvCodes splits comma-separated codes" time="0">
    </testcase>
    <testcase classname="parseCsvCodes trims whitespace from each code" name="parseCsvCodes trims whitespace from each code" time="0">
    </testcase>
    <testcase classname="parseCsvCodes returns empty array for empty or dash input" name="parseCsvCodes returns empty array for empty or dash input" time="0.001">
    </testcase>
    <testcase classname="isTrueLike returns true for truthy text representations" name="isTrueLike returns true for truthy text representations" time="0">
    </testcase>
    <testcase classname="isTrueLike returns false for falsy and unrecognised values" name="isTrueLike returns false for falsy and unrecognised values" time="0">
    </testcase>
    <testcase classname="mapPadConfirmationToKey maps job-created text to key" name="mapPadConfirmationToKey maps job-created text to key" time="0">
    </testcase>
    <testcase classname="mapPadConfirmationToKey maps job-not-required text to key" name="mapPadConfirmationToKey maps job-not-required text to key" time="0">
    </testcase>
    <testcase classname="mapPadConfirmationToKey maps pads-not-reviewed text to key" name="mapPadConfirmationToKey maps pads-not-reviewed text to key" time="0">
    </testcase>
    <testcase classname="mapPadConfirmationToKey returns undefined for empty or dash" name="mapPadConfirmationToKey returns undefined for empty or dash" time="0.012">
    </testcase>
    <testcase classname="mapPadConfirmationToKey returns undefined for unrecognised text" name="mapPadConfirmationToKey returns undefined for unrecognised text" time="0">
    </testcase>
    <testcase classname="toReadableLabel converts camelCase to readable label" name="toReadableLabel converts camelCase to readable label" time="0.001">
    </testcase>
    <testcase classname="toReadableLabel leaves already-spaced string unchanged content" name="toReadableLabel leaves already-spaced string unchanged content" time="0">
    </testcase>
    <testcase classname="createAttributeChip creates chip with all provided fields" name="createAttributeChip creates chip with all provided fields" time="0.001">
    </testcase>
    <testcase classname="createAttributeChip creates chip without optional tooltip and color" name="createAttributeChip creates chip without optional tooltip and color" time="0">
    </testcase>
  </testsuite>
  <testsuite name="sections Stack uses a key that changes per sale/task" errors="0" failures="0" skipped="0" timestamp="2026-04-28T10:07:42" time="0.223" tests="38">
    <testcase classname="sections Stack uses a key that changes per sale/task sections Stack has key built from model.saleId and model.taskId" name="sections Stack uses a key that changes per sale/task sections Stack has key built from model.saleId and model.taskId" time="0.004">
    </testcase>
    <testcase classname="sections Stack uses a key that changes per sale/task key appears on the Stack wrapper that contains all detail sections" name="sections Stack uses a key that changes per sale/task key appears on the Stack wrapper that contains all detail sections" time="0.001">
    </testcase>
    <testcase classname="sections Stack uses a key that changes per sale/task key is on the Stack that also contains PadSection so padConfirmationKey resets" name="sections Stack uses a key that changes per sale/task key is on the Stack that also contains PadSection so padConfirmationKey resets" time="0.001">
    </testcase>
    <testcase classname="SalesParticularSection state initialisation each required field has useState initialised from model" name="SalesParticularSection state initialisation each required field has useState initialised from model" time="0.002">
    </testcase>
    <testcase classname="SalesParticularSection state initialisation onDraftChange effect fires whenever field values change" name="SalesParticularSection state initialisation onDraftChange effect fires whenever field values change" time="0.001">
    </testcase>
    <testcase classname="SalesParticularSection state initialisation onDraftChange uses useLayoutEffect to avoid one-render stale draft lag" name="SalesParticularSection state initialisation onDraftChange uses useLayoutEffect to avoid one-render stale draft lag" time="0">
    </testcase>
    <testcase classname="cross-section mandatory validation collectCrossSectionMandatoryErrors checks salesParticularModel (the draft)" name="cross-section mandatory validation collectCrossSectionMandatoryErrors checks salesParticularModel (the draft)" time="0.001">
    </testcase>
    <testcase classname="cross-section mandatory validation all 8 required fields are validated (including condition score)" name="cross-section mandatory validation all 8 required fields are validated (including condition score)" time="0">
    </testcase>
    <testcase classname="cross-section mandatory validation padConfirmation is also validated cross-section" name="cross-section mandatory validation padConfirmation is also validated cross-section" time="0">
    </testcase>
    <testcase classname="retainSaleDetails behaviour in runtime controller retainSaleDetails is true only when PCF view is already showing" name="retainSaleDetails behaviour in runtime controller retainSaleDetails is true only when PCF view is already showing" time="0">
    </testcase>
    <testcase classname="retainSaleDetails behaviour in runtime controller beginViewSaleRequest clears _saleDetails when NOT retaining" name="retainSaleDetails behaviour in runtime controller beginViewSaleRequest clears _saleDetails when NOT retaining" time="0.001">
    </testcase>
    <testcase classname="retainSaleDetails behaviour in runtime controller finishViewSaleRequest preserves QC outcome fields when incoming payload is missing them" name="retainSaleDetails behaviour in runtime controller finishViewSaleRequest preserves QC outcome fields when incoming payload is missing them" time="0">
    </testcase>
    <testcase classname="retainSaleDetails behaviour in runtime controller handleDetailsBack clears _saleDetails" name="retainSaleDetails behaviour in runtime controller handleDetailsBack clears _saleDetails" time="0">
    </testcase>
    <testcase classname="shell draft resync effects salesParticularDraft resync effect exists with saleId, taskId dependencies" name="shell draft resync effects salesParticularDraft resync effect exists with saleId, taskId dependencies" time="0.001">
    </testcase>
    <testcase classname="shell draft resync effects padConfirmationKey resync effect exists" name="shell draft resync effects padConfirmationKey resync effect exists" time="0.004">
    </testcase>
    <testcase classname="shell draft resync effects promotedMasterRecord resync effect exists" name="shell draft resync effects promotedMasterRecord resync effect exists" time="0.003">
    </testcase>
    <testcase classname="error clearing on model change SalesVerificationSection clears mandatoryErrorMessages when model changes" name="error clearing on model change SalesVerificationSection clears mandatoryErrorMessages when model changes" time="0">
    </testcase>
    <testcase classname="error clearing on model change SalesVerificationSection clears validation state when editing becomes disabled" name="error clearing on model change SalesVerificationSection clears validation state when editing becomes disabled" time="0.001">
    </testcase>
    <testcase classname="error clearing on model change SalesVerificationSection clears mandatory errors when salesParticularModel changes" name="error clearing on model change SalesVerificationSection clears mandatory errors when salesParticularModel changes" time="0">
    </testcase>
    <testcase classname="error clearing on model change SalesParticularSection clears validationErrors when model changes" name="error clearing on model change SalesParticularSection clears validationErrors when model changes" time="0.001">
    </testcase>
    <testcase classname="QC section state is reset by key-based remount SalesVerificationSection with QC section is inside the keyed Stack" name="QC section state is reset by key-based remount SalesVerificationSection with QC section is inside the keyed Stack" time="0">
    </testcase>
    <testcase classname="QC section state is reset by key-based remount QC local state (qcOutcomeKey, qcOutcomeRemarks, qcRemarks) is useState in SalesVerificationSection" name="QC section state is reset by key-based remount QC local state (qcOutcomeKey, qcOutcomeRemarks, qcRemarks) is useState in SalesVerificationSection" time="0.001">
    </testcase>
    <testcase classname="QC section state is reset by key-based remount QC props (canSubmitQcOutcome, showQcSection) are passed to SalesVerificationSection from shell" name="QC section state is reset by key-based remount QC props (canSubmitQcOutcome, showQcSection) are passed to SalesVerificationSection from shell" time="0">
    </testcase>
    <testcase classname="QC section state is reset by key-based remount runtime controller recalculates QC access in finishViewSaleRequest" name="QC section state is reset by key-based remount runtime controller recalculates QC access in finishViewSaleRequest" time="0">
    </testcase>
    <testcase classname="condition score mandatory validation conditionScore is in centralized mandatory validation rules" name="condition score mandatory validation conditionScore is in centralized mandatory validation rules" time="0">
    </testcase>
    <testcase classname="condition score mandatory validation condition score validation only triggers for details-available" name="condition score mandatory validation condition score validation only triggers for details-available" time="0">
    </testcase>
    <testcase classname="condition score mandatory validation calculate button exists in SalesParticularSection" name="condition score mandatory validation calculate button exists in SalesParticularSection" time="0">
    </testcase>
    <testcase classname="condition score mandatory validation condition score field placeholder indicates auto-calculation" name="condition score mandatory validation condition score field placeholder indicates auto-calculation" time="0.001">
    </testcase>
    <testcase classname="grid auto-refresh on back from details handleDetailsBack calls emitAction(back) to signal the host" name="grid auto-refresh on back from details handleDetailsBack calls emitAction(back) to signal the host" time="0">
    </testcase>
    <testcase classname="grid auto-refresh on back from details handleDetailsBack does NOT call _notifyOutputChanged directly (emitAction handles it)" name="grid auto-refresh on back from details handleDetailsBack does NOT call _notifyOutputChanged directly (emitAction handles it)" time="0">
    </testcase>
    <testcase classname="grid auto-refresh on back from details handleDetailsBack is consistent with handleBackToCanvas in using emitAction" name="grid auto-refresh on back from details handleDetailsBack is consistent with handleBackToCanvas in using emitAction" time="0">
    </testcase>
    <testcase classname="grid auto-refresh on back from details emitAction(back) clears selection and bumps actionRequestId for host-driven searchTrigger" name="grid auto-refresh on back from details emitAction(back) clears selection and bumps actionRequestId for host-driven searchTrigger" time="0">
    </testcase>
    <testcase classname="grid auto-refresh on back from details APIM load effect uses searchTrigger from context to detect host-driven refresh" name="grid auto-refresh on back from details APIM load effect uses searchTrigger from context to detect host-driven refresh" time="0.001">
    </testcase>
    <testcase classname="refreshNonce mechanism for grid auto-refresh on back DetailsListControlShell tracks showPcfDetails transitions and bumps refreshNonce" name="refreshNonce mechanism for grid auto-refresh on back DetailsListControlShell tracks showPcfDetails transitions and bumps refreshNonce" time="0.001">
    </testcase>
    <testcase classname="refreshNonce mechanism for grid auto-refresh on back DetailsListControlShell passes refreshNonce to DetailsListHost" name="refreshNonce mechanism for grid auto-refresh on back DetailsListControlShell passes refreshNonce to DetailsListHost" time="0">
    </testcase>
    <testcase classname="refreshNonce mechanism for grid auto-refresh on back DetailsListControlShell passes refreshNonce to ManagerJourneyShell" name="refreshNonce mechanism for grid auto-refresh on back DetailsListControlShell passes refreshNonce to ManagerJourneyShell" time="0.007">
    </testcase>
    <testcase classname="refreshNonce mechanism for grid auto-refresh on back DetailsListHost accepts refreshNonce and bumps searchNonce on change" name="refreshNonce mechanism for grid auto-refresh on back DetailsListHost accepts refreshNonce and bumps searchNonce on change" time="0.001">
    </testcase>
    <testcase classname="refreshNonce mechanism for grid auto-refresh on back ManagerJourneyShell passes refreshNonce through to DetailsListHost" name="refreshNonce mechanism for grid auto-refresh on back ManagerJourneyShell passes refreshNonce through to DetailsListHost" time="0.001">
    </testcase>
  </testsuite>
  <testsuite name="ViewSaleRecordById response model" errors="0" failures="0" skipped="0" timestamp="2026-04-28T10:07:39" time="3.261" tests="67">
    <testcase classname="ViewSaleRecordById response model model interface completeness envelope interface declares all top-level sections" name="ViewSaleRecordById response model model interface completeness envelope interface declares all top-level sections" time="0.008">
    </testcase>
    <testcase classname="ViewSaleRecordById response model model interface completeness salesVerificationTaskDetails interface has all fields" name="ViewSaleRecordById response model model interface completeness salesVerificationTaskDetails interface has all fields" time="0.001">
    </testcase>
    <testcase classname="ViewSaleRecordById response model model interface completeness qualityControlOutcome interface has qcReviewedByIsActive field" name="ViewSaleRecordById response model model interface completeness qualityControlOutcome interface has qcReviewedByIsActive field" time="0">
    </testcase>
    <testcase classname="ViewSaleRecordById response model model interface completeness propertyAndBandingDetails interface has description tooltip fields" name="ViewSaleRecordById response model model interface completeness propertyAndBandingDetails interface has description tooltip fields" time="0.001">
    </testcase>
    <testcase classname="ViewSaleRecordById response model model interface completeness propertyAndBandingDetails includes both sourceCode and sourceCodes" name="ViewSaleRecordById response model model interface completeness propertyAndBandingDetails includes both sourceCode and sourceCodes" time="0">
    </testcase>
    <testcase classname="ViewSaleRecordById response model model interface completeness all model fields are optional (every property uses ?:)" name="ViewSaleRecordById response model model interface completeness all model fields are optional (every property uses ?:)" time="0.002">
    </testcase>
    <testcase classname="ViewSaleRecordById response model parseSaleDetails round-trip deserializes all top-level sections" name="ViewSaleRecordById response model parseSaleDetails round-trip deserializes all top-level sections" time="0.001">
    </testcase>
    <testcase classname="ViewSaleRecordById response model parseSaleDetails round-trip empty / null input returns empty record" name="ViewSaleRecordById response model parseSaleDetails round-trip empty / null input returns empty record" time="0.014">
    </testcase>
    <testcase classname="ViewSaleRecordById response model salesVerificationTaskDetails mapping saleId is extracted" name="ViewSaleRecordById response model salesVerificationTaskDetails mapping saleId is extracted" time="0.003">
    </testcase>
    <testcase classname="ViewSaleRecordById response model salesVerificationTaskDetails mapping taskId is extracted" name="ViewSaleRecordById response model salesVerificationTaskDetails mapping taskId is extracted" time="0.001">
    </testcase>
    <testcase classname="ViewSaleRecordById response model salesVerificationTaskDetails mapping taskStatus maps to a status tone" name="ViewSaleRecordById response model salesVerificationTaskDetails mapping taskStatus maps to a status tone" time="0.001">
    </testcase>
    <testcase classname="ViewSaleRecordById response model salesVerificationTaskDetails mapping assignedTo is a GUID" name="ViewSaleRecordById response model salesVerificationTaskDetails mapping assignedTo is a GUID" time="0.005">
    </testcase>
    <testcase classname="ViewSaleRecordById response model salesVerificationTaskDetails mapping assignedToName is a display name (not a GUID)" name="ViewSaleRecordById response model salesVerificationTaskDetails mapping assignedToName is a display name (not a GUID)" time="0.001">
    </testcase>
    <testcase classname="ViewSaleRecordById response model salesVerificationTaskDetails mapping null name fields resolve to empty string via getValue" name="ViewSaleRecordById response model salesVerificationTaskDetails mapping null name fields resolve to empty string via getValue" time="0">
    </testcase>
    <testcase classname="ViewSaleRecordById response model salesVerificationTaskDetails mapping null fields resolve to empty string via getValue" name="ViewSaleRecordById response model salesVerificationTaskDetails mapping null fields resolve to empty string via getValue" time="0.001">
    </testcase>
    <testcase classname="ViewSaleRecordById response model salesVerificationTaskDetails mapping assignedToIsActive true is preserved through parseSaleDetails" name="ViewSaleRecordById response model salesVerificationTaskDetails mapping assignedToIsActive true is preserved through parseSaleDetails" time="0">
    </testcase>
    <testcase classname="ViewSaleRecordById response model salesVerificationTaskDetails mapping requestedByIsActive false is preserved through parseSaleDetails" name="ViewSaleRecordById response model salesVerificationTaskDetails mapping requestedByIsActive false is preserved through parseSaleDetails" time="0.001">
    </testcase>
    <testcase classname="ViewSaleRecordById response model salesVerificationTaskDetails mapping qcAssignedToIsActive null is preserved through parseSaleDetails" name="ViewSaleRecordById response model salesVerificationTaskDetails mapping qcAssignedToIsActive null is preserved through parseSaleDetails" time="0.001">
    </testcase>
    <testcase classname="ViewSaleRecordById response model links mapping vmsX and vmsY are populated for VMS URL construction" name="ViewSaleRecordById response model links mapping vmsX and vmsY are populated for VMS URL construction" time="0.007">
    </testcase>
    <testcase classname="ViewSaleRecordById response model links mapping epc, zoopla, rightMove are populated" name="ViewSaleRecordById response model links mapping epc, zoopla, rightMove are populated" time="0.001">
    </testcase>
    <testcase classname="ViewSaleRecordById response model propertyAndBandingDetails mapping address, band, billing authority are present" name="ViewSaleRecordById response model propertyAndBandingDetails mapping address, band, billing authority are present" time="0.002">
    </testcase>
    <testcase classname="ViewSaleRecordById response model propertyAndBandingDetails mapping bandingEffectiveDate formats to UK date" name="ViewSaleRecordById response model propertyAndBandingDetails mapping bandingEffectiveDate formats to UK date" time="0.002">
    </testcase>
    <testcase classname="ViewSaleRecordById response model propertyAndBandingDetails mapping suId is a valid GUID for hereditament link" name="ViewSaleRecordById response model propertyAndBandingDetails mapping suId is a valid GUID for hereditament link" time="0">
    </testcase>
    <testcase classname="ViewSaleRecordById response model propertyAndBandingDetails mapping PAD attribute codes are extracted" name="ViewSaleRecordById response model propertyAndBandingDetails mapping PAD attribute codes are extracted" time="0.002">
    </testcase>
    <testcase classname="ViewSaleRecordById response model propertyAndBandingDetails mapping null PAD attributes resolve to empty string" name="ViewSaleRecordById response model propertyAndBandingDetails mapping null PAD attributes resolve to empty string" time="0">
    </testcase>
    <testcase classname="ViewSaleRecordById response model propertyAndBandingDetails mapping description tooltip fields are accessible" name="ViewSaleRecordById response model propertyAndBandingDetails mapping description tooltip fields are accessible" time="0.001">
    </testcase>
    <testcase classname="ViewSaleRecordById response model propertyAndBandingDetails mapping sourceCode (singular) is accessible when sourceCodes is null" name="ViewSaleRecordById response model propertyAndBandingDetails mapping sourceCode (singular) is accessible when sourceCodes is null" time="0.001">
    </testcase>
    <testcase classname="ViewSaleRecordById response model masterSale mapping salePrice formats to UK currency" name="ViewSaleRecordById response model masterSale mapping salePrice formats to UK currency" time="0.055">
    </testcase>
    <testcase classname="ViewSaleRecordById response model masterSale mapping transactionDate formats to UK date" name="ViewSaleRecordById response model masterSale mapping transactionDate formats to UK date" time="0">
    </testcase>
    <testcase classname="ViewSaleRecordById response model masterSale mapping hpiAdjustedPrice formats to UK currency" name="ViewSaleRecordById response model masterSale mapping hpiAdjustedPrice formats to UK currency" time="0.001">
    </testcase>
    <testcase classname="ViewSaleRecordById response model masterSale mapping modelValue formats to UK currency" name="ViewSaleRecordById response model masterSale mapping modelValue formats to UK currency" time="0.001">
    </testcase>
    <testcase classname="ViewSaleRecordById response model masterSale mapping flag fields are populated" name="ViewSaleRecordById response model masterSale mapping flag fields are populated" time="0">
    </testcase>
    <testcase classname="ViewSaleRecordById response model masterSale mapping null ratio resolves to empty string" name="ViewSaleRecordById response model masterSale mapping null ratio resolves to empty string" time="0">
    </testcase>
    <testcase classname="ViewSaleRecordById response model masterSale mapping salesSource indicates LRPPD" name="ViewSaleRecordById response model masterSale mapping salesSource indicates LRPPD" time="0.001">
    </testcase>
    <testcase classname="ViewSaleRecordById response model repeatSaleInfo mapping null ratio ranges resolve to empty string" name="ViewSaleRecordById response model repeatSaleInfo mapping null ratio ranges resolve to empty string" time="0">
    </testcase>
    <testcase classname="ViewSaleRecordById response model welshLandTax mapping array has one WLTT record" name="ViewSaleRecordById response model welshLandTax mapping array has one WLTT record" time="0.001">
    </testcase>
    <testcase classname="ViewSaleRecordById response model welshLandTax mapping wlttId is a GUID" name="ViewSaleRecordById response model welshLandTax mapping wlttId is a GUID" time="0">
    </testcase>
    <testcase classname="ViewSaleRecordById response model welshLandTax mapping transactionPrice formats to UK currency" name="ViewSaleRecordById response model welshLandTax mapping transactionPrice formats to UK currency" time="0.001">
    </testcase>
    <testcase classname="ViewSaleRecordById response model welshLandTax mapping transactionDate formats to UK date" name="ViewSaleRecordById response model welshLandTax mapping transactionDate formats to UK date" time="0">
    </testcase>
    <testcase classname="ViewSaleRecordById response model welshLandTax mapping party fields are populated" name="ViewSaleRecordById response model welshLandTax mapping party fields are populated" time="0.001">
    </testcase>
    <testcase classname="ViewSaleRecordById response model welshLandTax mapping null optional fields resolve gracefully" name="ViewSaleRecordById response model welshLandTax mapping null optional fields resolve gracefully" time="0.001">
    </testcase>
    <testcase classname="ViewSaleRecordById response model welshLandTax mapping property type and tenure are present" name="ViewSaleRecordById response model welshLandTax mapping property type and tenure are present" time="0">
    </testcase>
    <testcase classname="ViewSaleRecordById response model landRegistryData mapping array has one LRPPD record" name="ViewSaleRecordById response model landRegistryData mapping array has one LRPPD record" time="0">
    </testcase>
    <testcase classname="ViewSaleRecordById response model landRegistryData mapping lrppdId is a GUID-like value" name="ViewSaleRecordById response model landRegistryData mapping lrppdId is a GUID-like value" time="0.001">
    </testcase>
    <testcase classname="ViewSaleRecordById response model landRegistryData mapping address is populated" name="ViewSaleRecordById response model landRegistryData mapping address is populated" time="0.005">
    </testcase>
    <testcase classname="ViewSaleRecordById response model landRegistryData mapping transactionPrice formats to UK currency" name="ViewSaleRecordById response model landRegistryData mapping transactionPrice formats to UK currency" time="0.001">
    </testcase>
    <testcase classname="ViewSaleRecordById response model landRegistryData mapping date formats correctly" name="ViewSaleRecordById response model landRegistryData mapping date formats correctly" time="0.002">
    </testcase>
    <testcase classname="ViewSaleRecordById response model landRegistryData mapping all classification fields present" name="ViewSaleRecordById response model landRegistryData mapping all classification fields present" time="0.001">
    </testcase>
    <testcase classname="ViewSaleRecordById response model salesParticularDetails mapping all null form fields resolve to empty string" name="ViewSaleRecordById response model salesParticularDetails mapping all null form fields resolve to empty string" time="0.002">
    </testcase>
    <testcase classname="ViewSaleRecordById response model salesVerificationDetails mapping all null verification fields resolve to empty string" name="ViewSaleRecordById response model salesVerificationDetails mapping all null verification fields resolve to empty string" time="0">
    </testcase>
    <testcase classname="ViewSaleRecordById response model qualityControlOutcome mapping all null QC fields resolve to empty string" name="ViewSaleRecordById response model qualityControlOutcome mapping all null QC fields resolve to empty string" time="0.001">
    </testcase>
    <testcase classname="ViewSaleRecordById response model qualityControlOutcome mapping qcReviewedByIsActive null is preserved through parseSaleDetails" name="ViewSaleRecordById response model qualityControlOutcome mapping qcReviewedByIsActive null is preserved through parseSaleDetails" time="0">
    </testcase>
    <testcase classname="ViewSaleRecordById response model useSaleDetailsViewModel handles new fields buildPadChip checks *Description suffix for tooltips" name="ViewSaleRecordById response model useSaleDetailsViewModel handles new fields buildPadChip checks *Description suffix for tooltips" time="0">
    </testcase>
    <testcase classname="ViewSaleRecordById response model useSaleDetailsViewModel handles new fields sourceCodes falls back to singular sourceCode" name="ViewSaleRecordById response model useSaleDetailsViewModel handles new fields sourceCodes falls back to singular sourceCode" time="0.001">
    </testcase>
    <testcase classname="ViewSaleRecordById response model useSaleDetailsViewModel handles new fields view model extracts padConfirmation from banding section" name="ViewSaleRecordById response model useSaleDetailsViewModel handles new fields view model extracts padConfirmation from banding section" time="0">
    </testcase>
    <testcase classname="ViewSaleRecordById response model mapping with populated fields (non-null scenario) taskStatus maps to critical status tone for QC Failed" name="ViewSaleRecordById response model mapping with populated fields (non-null scenario) taskStatus maps to critical status tone for QC Failed" time="0">
    </testcase>
    <testcase classname="ViewSaleRecordById response model mapping with populated fields (non-null scenario) wlttId is accessible when populated" name="ViewSaleRecordById response model mapping with populated fields (non-null scenario) wlttId is accessible when populated" time="0">
    </testcase>
    <testcase classname="ViewSaleRecordById response model mapping with populated fields (non-null scenario) salesSource is WLTT" name="ViewSaleRecordById response model mapping with populated fields (non-null scenario) salesSource is WLTT" time="0.001">
    </testcase>
    <testcase classname="ViewSaleRecordById response model mapping with populated fields (non-null scenario) name fields are populated display names (not GUIDs)" name="ViewSaleRecordById response model mapping with populated fields (non-null scenario) name fields are populated display names (not GUIDs)" time="0">
    </testcase>
    <testcase classname="ViewSaleRecordById response model mapping with populated fields (non-null scenario) sales particular form fields are populated" name="ViewSaleRecordById response model mapping with populated fields (non-null scenario) sales particular form fields are populated" time="0.001">
    </testcase>
    <testcase classname="ViewSaleRecordById response model mapping with populated fields (non-null scenario) sales verification fields are populated" name="ViewSaleRecordById response model mapping with populated fields (non-null scenario) sales verification fields are populated" time="0.011">
    </testcase>
    <testcase classname="ViewSaleRecordById response model mapping with populated fields (non-null scenario) QC outcome fields are populated" name="ViewSaleRecordById response model mapping with populated fields (non-null scenario) QC outcome fields are populated" time="0">
    </testcase>
    <testcase classname="ViewSaleRecordById response model mapping with populated fields (non-null scenario) isActive boolean fields are preserved in populated scenario" name="ViewSaleRecordById response model mapping with populated fields (non-null scenario) isActive boolean fields are preserved in populated scenario" time="0.001">
    </testcase>
    <testcase classname="ViewSaleRecordById response model mapping with populated fields (non-null scenario) name fields take priority over GUIDs in display — view model uses name-first key arrays" name="ViewSaleRecordById response model mapping with populated fields (non-null scenario) name fields take priority over GUIDs in display — view model uses name-first key arrays" time="0.001">
    </testcase>
    <testcase classname="ViewSaleRecordById response model mapping with populated fields (non-null scenario) repeat sale info ratio ranges are populated" name="ViewSaleRecordById response model mapping with populated fields (non-null scenario) repeat sale info ratio ranges are populated" time="0.001">
    </testcase>
    <testcase classname="ViewSaleRecordById response model mapping with populated fields (non-null scenario) padConfirmation maps to key" name="ViewSaleRecordById response model mapping with populated fields (non-null scenario) padConfirmation maps to key" time="0">
    </testcase>
    <testcase classname="ViewSaleRecordById response model mapping with populated fields (non-null scenario) mapPadConfirmationToKey maps the three gateway-accepted values" name="ViewSaleRecordById response model mapping with populated fields (non-null scenario) mapPadConfirmationToKey maps the three gateway-accepted values" time="0">
    </testcase>
  </testsuite>
  <testsuite name="assigned user mapping contract" errors="0" failures="0" skipped="0" timestamp="2026-04-28T10:07:39" time="3.375" tests="2">
    <testcase classname="assigned user mapping contract uses a shared mapping context for GUID-to-name resolution across screens" name="assigned user mapping contract uses a shared mapping context for GUID-to-name resolution across screens" time="0.009">
    </testcase>
    <testcase classname="assigned user mapping contract maps both assignedto and qcassignedto via the same normalized ID path" name="assigned user mapping contract maps both assignedto and qcassignedto via the same normalized ID path" time="0.001">
    </testcase>
  </testsuite>
  <testsuite name="Prefilter mapping" errors="0" failures="0" skipped="0" timestamp="2026-04-28T10:07:42" time="0.606" tests="27">
    <testcase classname="Prefilter mapping mapManagerPrefiltersToApi maps billing authority search and completion dates" name="Prefilter mapping mapManagerPrefiltersToApi maps billing authority search and completion dates" time="0.003">
    </testcase>
    <testcase classname="Prefilter mapping mapManagerPrefiltersToApi maps caseworker search to CW and assigned statuses" name="Prefilter mapping mapManagerPrefiltersToApi maps caseworker search to CW and assigned statuses" time="0.001">
    </testcase>
    <testcase classname="Prefilter mapping mapManagerPrefiltersToApi maps &quot;__all__&quot; caseworker to ALL" name="Prefilter mapping mapManagerPrefiltersToApi maps &quot;__all__&quot; caseworker to ALL" time="0">
    </testcase>
    <testcase classname="Prefilter mapping mapManagerPrefiltersToApi assignment criteria matrix maps assignment criteria: billing authority | ready to allocate" name="Prefilter mapping mapManagerPrefiltersToApi assignment criteria matrix maps assignment criteria: billing authority | ready to allocate" time="0.001">
    </testcase>
    <testcase classname="Prefilter mapping mapManagerPrefiltersToApi assignment criteria matrix maps assignment criteria: billing authority | currently assigned" name="Prefilter mapping mapManagerPrefiltersToApi assignment criteria matrix maps assignment criteria: billing authority | currently assigned" time="0">
    </testcase>
    <testcase classname="Prefilter mapping mapManagerPrefiltersToApi assignment criteria matrix maps assignment criteria: billing authority | awaiting QC" name="Prefilter mapping mapManagerPrefiltersToApi assignment criteria matrix maps assignment criteria: billing authority | awaiting QC" time="0.001">
    </testcase>
    <testcase classname="Prefilter mapping mapManagerPrefiltersToApi assignment criteria matrix maps assignment criteria: billing authority | completed with dates" name="Prefilter mapping mapManagerPrefiltersToApi assignment criteria matrix maps assignment criteria: billing authority | completed with dates" time="0">
    </testcase>
    <testcase classname="Prefilter mapping mapManagerPrefiltersToApi assignment criteria matrix maps assignment criteria: caseworker | assigned to selected" name="Prefilter mapping mapManagerPrefiltersToApi assignment criteria matrix maps assignment criteria: caseworker | assigned to selected" time="0.001">
    </testcase>
    <testcase classname="Prefilter mapping mapManagerPrefiltersToApi assignment criteria matrix maps assignment criteria: caseworker | assigned and awaiting QC" name="Prefilter mapping mapManagerPrefiltersToApi assignment criteria matrix maps assignment criteria: caseworker | assigned and awaiting QC" time="0">
    </testcase>
    <testcase classname="Prefilter mapping mapManagerPrefiltersToApi assignment criteria matrix maps assignment criteria: caseworker | completed with dates" name="Prefilter mapping mapManagerPrefiltersToApi assignment criteria matrix maps assignment criteria: caseworker | completed with dates" time="0.001">
    </testcase>
    <testcase classname="Prefilter mapping mapQcPrefiltersToApi maps QC user search with statuses and date range" name="Prefilter mapping mapQcPrefiltersToApi maps QC user search with statuses and date range" time="0.001">
    </testcase>
    <testcase classname="Prefilter mapping mapQcPrefiltersToApi assignment criteria matrix maps QC assignment criteria: qc user | assigned to selected" name="Prefilter mapping mapQcPrefiltersToApi assignment criteria matrix maps QC assignment criteria: qc user | assigned to selected" time="0.001">
    </testcase>
    <testcase classname="Prefilter mapping mapQcPrefiltersToApi assignment criteria matrix maps QC assignment criteria: qc user | completed by selected" name="Prefilter mapping mapQcPrefiltersToApi assignment criteria matrix maps QC assignment criteria: qc user | completed by selected" time="0.001">
    </testcase>
    <testcase classname="Prefilter mapping mapQcPrefiltersToApi assignment criteria matrix maps QC assignment criteria: qc user | assigned but in progress" name="Prefilter mapping mapQcPrefiltersToApi assignment criteria matrix maps QC assignment criteria: qc user | assigned but in progress" time="0">
    </testcase>
    <testcase classname="Prefilter mapping mapQcPrefiltersToApi assignment criteria matrix maps QC assignment criteria: caseworker | completed with QC requested" name="Prefilter mapping mapQcPrefiltersToApi assignment criteria matrix maps QC assignment criteria: caseworker | completed with QC requested" time="0.001">
    </testcase>
    <testcase classname="Prefilter mapping mapQcPrefiltersToApi assignment criteria matrix maps QC assignment criteria: caseworker | completed" name="Prefilter mapping mapQcPrefiltersToApi assignment criteria matrix maps QC assignment criteria: caseworker | completed" time="0">
    </testcase>
    <testcase classname="Prefilter mapping mapQcPrefiltersToApi assignment criteria matrix maps QC assignment criteria: task | completed with QC requested" name="Prefilter mapping mapQcPrefiltersToApi assignment criteria matrix maps QC assignment criteria: task | completed with QC requested" time="0.001">
    </testcase>
    <testcase classname="Prefilter mapping mapQcPrefiltersToApi assignment criteria matrix maps QC assignment criteria: task | completed with dates" name="Prefilter mapping mapQcPrefiltersToApi assignment criteria matrix maps QC assignment criteria: task | completed with dates" time="0">
    </testcase>
    <testcase classname="Prefilter mapping mapQcPrefiltersToApi assignment criteria matrix maps &quot;__all__&quot; to ALL for non-task searches" name="Prefilter mapping mapQcPrefiltersToApi assignment criteria matrix maps &quot;__all__&quot; to ALL for non-task searches" time="0.001">
    </testcase>
    <testcase classname="Prefilter mapping mapQcPrefiltersToApi assignment criteria matrix omits taskStatus when workThat is missing" name="Prefilter mapping mapQcPrefiltersToApi assignment criteria matrix omits taskStatus when workThat is missing" time="0.001">
    </testcase>
    <testcase classname="Prefilter mapping mapQcViewPrefiltersToApi criteria matrix maps QC view criteria: assigned to me" name="Prefilter mapping mapQcViewPrefiltersToApi criteria matrix maps QC view criteria: assigned to me" time="0.001">
    </testcase>
    <testcase classname="Prefilter mapping mapQcViewPrefiltersToApi criteria matrix maps QC view criteria: completed by me with dates" name="Prefilter mapping mapQcViewPrefiltersToApi criteria matrix maps QC view criteria: completed by me with dates" time="0.001">
    </testcase>
    <testcase classname="Prefilter mapping mapQcViewPrefiltersToApi criteria matrix maps QC view criteria: assigned to me but in progress" name="Prefilter mapping mapQcViewPrefiltersToApi criteria matrix maps QC view criteria: assigned to me but in progress" time="0.001">
    </testcase>
    <testcase classname="Prefilter mapping mapQcViewPrefiltersToApi criteria matrix omits taskStatus when workThat is missing" name="Prefilter mapping mapQcViewPrefiltersToApi criteria matrix omits taskStatus when workThat is missing" time="0">
    </testcase>
    <testcase classname="Prefilter mapping performance mapManagerPrefiltersToApi handles large caseworker lists quickly" name="Prefilter mapping performance mapManagerPrefiltersToApi handles large caseworker lists quickly" time="0.131">
    </testcase>
    <testcase classname="Prefilter mapping performance mapQcPrefiltersToApi handles large caseworker lists quickly" name="Prefilter mapping performance mapQcPrefiltersToApi handles large caseworker lists quickly" time="0.119">
    </testcase>
    <testcase classname="Prefilter mapping performance mapQcViewPrefiltersToApi handles repeated runs quickly" name="Prefilter mapping performance mapQcViewPrefiltersToApi handles repeated runs quickly" time="0.001">
    </testcase>
  </testsuite>
  <testsuite name="toRecord" errors="0" failures="0" skipped="0" timestamp="2026-04-28T10:07:42" time="0.325" tests="63">
    <testcase classname="toRecord returns the object when value is a plain object" name="toRecord returns the object when value is a plain object" time="0.001">
    </testcase>
    <testcase classname="toRecord returns undefined for null" name="toRecord returns undefined for null" time="0">
    </testcase>
    <testcase classname="toRecord returns undefined for array" name="toRecord returns undefined for array" time="0.001">
    </testcase>
    <testcase classname="toRecord returns undefined for primitive string" name="toRecord returns undefined for primitive string" time="0">
    </testcase>
    <testcase classname="toRecord returns undefined for undefined" name="toRecord returns undefined for undefined" time="0.001">
    </testcase>
    <testcase classname="getEmptySaleRecord returns a record with the expected keys" name="getEmptySaleRecord returns a record with the expected keys" time="0.001">
    </testcase>
    <testcase classname="getEmptySaleRecord returns a new object each call" name="getEmptySaleRecord returns a new object each call" time="0.001">
    </testcase>
    <testcase classname="getSaleDetailsRoot parses valid JSON object" name="getSaleDetailsRoot parses valid JSON object" time="0">
    </testcase>
    <testcase classname="getSaleDetailsRoot falls back to empty record for invalid JSON" name="getSaleDetailsRoot falls back to empty record for invalid JSON" time="0.001">
    </testcase>
    <testcase classname="getSaleDetailsRoot falls back to empty record for empty string" name="getSaleDetailsRoot falls back to empty record for empty string" time="0">
    </testcase>
    <testcase classname="getSaleDetailsRoot falls back to empty record when JSON parses to an array" name="getSaleDetailsRoot falls back to empty record when JSON parses to an array" time="0">
    </testcase>
    <testcase classname="getSaleDetailsRoot falls back to empty record when JSON parses to a primitive" name="getSaleDetailsRoot falls back to empty record when JSON parses to a primitive" time="0">
    </testcase>
    <testcase classname="stripTaskIdPrefix strips alphabetic prefix from task ID" name="stripTaskIdPrefix strips alphabetic prefix from task ID" time="0.001">
    </testcase>
    <testcase classname="stripTaskIdPrefix leaves digits-only value unchanged" name="stripTaskIdPrefix leaves digits-only value unchanged" time="0.001">
    </testcase>
    <testcase classname="stripTaskIdPrefix returns trimmed non-digit value when no digits present" name="stripTaskIdPrefix returns trimmed non-digit value when no digits present" time="0.001">
    </testcase>
    <testcase classname="stripTaskIdPrefix strips M- prefix style from task IDs" name="stripTaskIdPrefix strips M- prefix style from task IDs" time="0">
    </testcase>
    <testcase classname="resolveCurrentTaskIdFromDetails resolves from salesVerificationTaskDetails.taskId" name="resolveCurrentTaskIdFromDetails resolves from salesVerificationTaskDetails.taskId" time="0.001">
    </testcase>
    <testcase classname="resolveCurrentTaskIdFromDetails falls back to taskDetails.taskId when primary is absent" name="resolveCurrentTaskIdFromDetails falls back to taskDetails.taskId when primary is absent" time="0">
    </testcase>
    <testcase classname="resolveCurrentTaskIdFromDetails falls back to selectedTaskId param when both detail nodes are empty" name="resolveCurrentTaskIdFromDetails falls back to selectedTaskId param when both detail nodes are empty" time="0.001">
    </testcase>
    <testcase classname="resolveCurrentTaskIdFromDetails returns empty string when no taskId can be resolved" name="resolveCurrentTaskIdFromDetails returns empty string when no taskId can be resolved" time="0">
    </testcase>
    <testcase classname="resolveCurrentTaskIdFromDetails prefers salesVerificationTaskDetails.taskId over taskDetails.taskId" name="resolveCurrentTaskIdFromDetails prefers salesVerificationTaskDetails.taskId over taskDetails.taskId" time="0.001">
    </testcase>
    <testcase classname="resolveCurrentSaleIdFromDetails resolves saleId from salesVerificationTaskDetails" name="resolveCurrentSaleIdFromDetails resolves saleId from salesVerificationTaskDetails" time="0">
    </testcase>
    <testcase classname="resolveCurrentSaleIdFromDetails falls back to saleid (camelCase variant)" name="resolveCurrentSaleIdFromDetails falls back to saleid (camelCase variant)" time="0.001">
    </testcase>
    <testcase classname="resolveCurrentSaleIdFromDetails falls back to taskDetails.saleId" name="resolveCurrentSaleIdFromDetails falls back to taskDetails.saleId" time="0">
    </testcase>
    <testcase classname="resolveCurrentSaleIdFromDetails falls back to root saleId" name="resolveCurrentSaleIdFromDetails falls back to root saleId" time="0.001">
    </testcase>
    <testcase classname="resolveCurrentSaleIdFromDetails falls back to selectedSaleId parameter" name="resolveCurrentSaleIdFromDetails falls back to selectedSaleId parameter" time="0">
    </testcase>
    <testcase classname="resolveCurrentSaleIdFromDetails returns empty string when nothing can be resolved" name="resolveCurrentSaleIdFromDetails returns empty string when nothing can be resolved" time="0">
    </testcase>
    <testcase classname="resolveTaskIdForAuditLogs uses selectedTaskId with prefix stripped when provided" name="resolveTaskIdForAuditLogs uses selectedTaskId with prefix stripped when provided" time="0.001">
    </testcase>
    <testcase classname="resolveTaskIdForAuditLogs falls back to taskId from salesVerificationTaskDetails" name="resolveTaskIdForAuditLogs falls back to taskId from salesVerificationTaskDetails" time="0">
    </testcase>
    <testcase classname="resolveTaskIdForAuditLogs falls back to taskId from legacy taskDetails" name="resolveTaskIdForAuditLogs falls back to taskId from legacy taskDetails" time="0.001">
    </testcase>
    <testcase classname="resolveTaskIdForAuditLogs returns empty string when nothing resolves" name="resolveTaskIdForAuditLogs returns empty string when nothing resolves" time="0">
    </testcase>
    <testcase classname="resolveTaskIdForAuditLogs ignores selectedTaskId when it is empty/whitespace" name="resolveTaskIdForAuditLogs ignores selectedTaskId when it is empty/whitespace" time="0.001">
    </testcase>
    <testcase classname="mergeManualTaskCreationDetails writes saleId, taskId, and assignedTo from payload" name="mergeManualTaskCreationDetails writes saleId, taskId, and assignedTo from payload" time="0">
    </testcase>
    <testcase classname="mergeManualTaskCreationDetails sets sourceType M on both task details" name="mergeManualTaskCreationDetails sets sourceType M on both task details" time="0">
    </testcase>
    <testcase classname="mergeManualTaskCreationDetails derives taskStatus from existing taskStatus when taskId is already present" name="mergeManualTaskCreationDetails derives taskStatus from existing taskStatus when taskId is already present" time="0">
    </testcase>
    <testcase classname="mergeManualTaskCreationDetails defaults taskStatus to Assigned when taskId is provided but no preexisting status" name="mergeManualTaskCreationDetails defaults taskStatus to Assigned when taskId is provided but no preexisting status" time="0.001">
    </testcase>
    <testcase classname="mergeManualTaskCreationDetails does not override taskStatus when no taskId present" name="mergeManualTaskCreationDetails does not override taskStatus when no taskId present" time="0">
    </testcase>
    <testcase classname="mergeManualTaskCreationDetails falls back to empty record for invalid JSON" name="mergeManualTaskCreationDetails falls back to empty record for invalid JSON" time="0.001">
    </testcase>
    <testcase classname="mergeModifyTaskDetails writes updated taskStatus to both detail nodes" name="mergeModifyTaskDetails writes updated taskStatus to both detail nodes" time="0.037">
    </testcase>
    <testcase classname="mergeModifyTaskDetails writes all assignedTo aliases when assignedTo provided" name="mergeModifyTaskDetails writes all assignedTo aliases when assignedTo provided" time="0.002">
    </testcase>
    <testcase classname="mergeModifyTaskDetails writes all assignedToUserId aliases when provided" name="mergeModifyTaskDetails writes all assignedToUserId aliases when provided" time="0.001">
    </testcase>
    <testcase classname="mergeModifyTaskDetails writes all assignedDate aliases when provided" name="mergeModifyTaskDetails writes all assignedDate aliases when provided" time="0.001">
    </testcase>
    <testcase classname="mergeModifyTaskDetails nulls out task completed date fields on modify" name="mergeModifyTaskDetails nulls out task completed date fields on modify" time="0">
    </testcase>
    <testcase classname="mergeSalesVerificationDetails writes isSaleUseful, whyNotUseful, additionalNotes to salesVerificationDetails" name="mergeSalesVerificationDetails writes isSaleUseful, whyNotUseful, additionalNotes to salesVerificationDetails" time="0.001">
    </testcase>
    <testcase classname="mergeSalesVerificationDetails converts empty strings to null via emptyToNull" name="mergeSalesVerificationDetails converts empty strings to null via emptyToNull" time="0.001">
    </testcase>
    <testcase classname="mergeSalesVerificationDetails sets taskStatus to Complete for completeSalesVerificationTask action" name="mergeSalesVerificationDetails sets taskStatus to Complete for completeSalesVerificationTask action" time="0">
    </testcase>
    <testcase classname="mergeSalesVerificationDetails sets taskStatus to QC Requested for submitSalesVerificationTaskForQc action" name="mergeSalesVerificationDetails sets taskStatus to QC Requested for submitSalesVerificationTaskForQc action" time="0">
    </testcase>
    <testcase classname="mergeSalesVerificationDetails sets taskStatus to Reassigned To QC when current status is Assigned QC Failed" name="mergeSalesVerificationDetails sets taskStatus to Reassigned To QC when current status is Assigned QC Failed" time="0">
    </testcase>
    <testcase classname="mergeSalesVerificationDetails merges salesParticularDraft when provided" name="mergeSalesVerificationDetails merges salesParticularDraft when provided" time="0">
    </testcase>
    <testcase classname="mergeSalesVerificationDetails writes padConfirmation text to propertyAndBandingDetails when padConfirmationKey provided" name="mergeSalesVerificationDetails writes padConfirmation text to propertyAndBandingDetails when padConfirmationKey provided" time="0.001">
    </testcase>
    <testcase classname="mergeSalesVerificationDetails handles WLTT promotedMasterRecord" name="mergeSalesVerificationDetails handles WLTT promotedMasterRecord" time="0">
    </testcase>
    <testcase classname="mergeSalesVerificationDetails handles LRPPD promotedMasterRecord" name="mergeSalesVerificationDetails handles LRPPD promotedMasterRecord" time="0.001">
    </testcase>
    <testcase classname="mergeSalesVerificationDetails skips promotedMasterRecord update when id is empty" name="mergeSalesVerificationDetails skips promotedMasterRecord update when id is empty" time="0.007">
    </testcase>
    <testcase classname="mergeQcOutcomeDetails passes QC outcome sets taskStatus to Complete Passed QC" name="mergeQcOutcomeDetails passes QC outcome sets taskStatus to Complete Passed QC" time="0.003">
    </testcase>
    <testcase classname="mergeQcOutcomeDetails fail QC outcome sets taskStatus to Assigned QC Failed and nulls completedDate" name="mergeQcOutcomeDetails fail QC outcome sets taskStatus to Assigned QC Failed and nulls completedDate" time="0.001">
    </testcase>
    <testcase classname="mergeQcOutcomeDetails returns unmodified JSON when qcOutcome is not a valid Pass/Fail value" name="mergeQcOutcomeDetails returns unmodified JSON when qcOutcome is not a valid Pass/Fail value" time="0">
    </testcase>
    <testcase classname="preserveQcOutcomeDetails preserves existing qcOutcome when incoming has no outcome" name="preserveQcOutcomeDetails preserves existing qcOutcome when incoming has no outcome" time="0.001">
    </testcase>
    <testcase classname="preserveQcOutcomeDetails returns the incoming JSON unchanged when incoming already has outcome data" name="preserveQcOutcomeDetails returns the incoming JSON unchanged when incoming already has outcome data" time="0.001">
    </testcase>
    <testcase classname="preserveQcOutcomeDetails returns incoming JSON unchanged when task IDs differ" name="preserveQcOutcomeDetails returns incoming JSON unchanged when task IDs differ" time="0">
    </testcase>
    <testcase classname="preserveQcOutcomeDetails returns incoming JSON unchanged when sale IDs differ" name="preserveQcOutcomeDetails returns incoming JSON unchanged when sale IDs differ" time="0.001">
    </testcase>
    <testcase classname="mergeAuditHistoryDetails stores SL audit payload into auditLogs.sl and auditHistory" name="mergeAuditHistoryDetails stores SL audit payload into auditLogs.sl and auditHistory" time="0.002">
    </testcase>
    <testcase classname="mergeAuditHistoryDetails stores QC audit payload into auditLogs.qc and qcAuditHistory" name="mergeAuditHistoryDetails stores QC audit payload into auditLogs.qc and qcAuditHistory" time="0.001">
    </testcase>
    <testcase classname="mergeAuditHistoryDetails falls back to empty record for invalid JSON" name="mergeAuditHistoryDetails falls back to empty record for invalid JSON" time="0.001">
    </testcase>
  </testsuite>
  <testsuite name="SvtGetAuditLogs model" errors="0" failures="0" skipped="0" timestamp="2026-04-28T10:07:39" time="3.39" tests="201">
    <testcase classname="SvtGetAuditLogs model SvtGetAuditLogsRequest real request satisfies the request interface" name="SvtGetAuditLogs model SvtGetAuditLogsRequest real request satisfies the request interface" time="0.009">
    </testcase>
    <testcase classname="SvtGetAuditLogs model SvtGetAuditLogsRequest QC audit type is accepted" name="SvtGetAuditLogs model SvtGetAuditLogsRequest QC audit type is accepted" time="0.001">
    </testcase>
    <testcase classname="SvtGetAuditLogs model SvtGetAuditLogsRequest request has exactly two fields" name="SvtGetAuditLogs model SvtGetAuditLogsRequest request has exactly two fields" time="0.002">
    </testcase>
    <testcase classname="SvtGetAuditLogs model AuditType &quot;QC&quot; is a valid AuditType" name="SvtGetAuditLogs model AuditType &quot;QC&quot; is a valid AuditType" time="0.019">
    </testcase>
    <testcase classname="SvtGetAuditLogs model AuditType &quot;SL&quot; is a valid AuditType" name="SvtGetAuditLogs model AuditType &quot;SL&quot; is a valid AuditType" time="0">
    </testcase>
    <testcase classname="SvtGetAuditLogs model AuditLogsResponse real response satisfies the response interface" name="SvtGetAuditLogs model AuditLogsResponse real response satisfies the response interface" time="0">
    </testcase>
    <testcase classname="SvtGetAuditLogs model AuditLogsResponse empty response is valid" name="SvtGetAuditLogs model AuditLogsResponse empty response is valid" time="0.001">
    </testcase>
    <testcase classname="SvtGetAuditLogs model AuditLogsResponse error response is valid" name="SvtGetAuditLogs model AuditLogsResponse error response is valid" time="0">
    </testcase>
    <testcase classname="SvtGetAuditLogs model AuditHistoryRecord first real record has expected shape" name="SvtGetAuditLogs model AuditHistoryRecord first real record has expected shape" time="0.001">
    </testcase>
    <testcase classname="SvtGetAuditLogs model AuditHistoryRecord record with no changes is valid" name="SvtGetAuditLogs model AuditHistoryRecord record with no changes is valid" time="0">
    </testcase>
    <testcase classname="SvtGetAuditLogs model AuditFieldChange TaskStatus change has expected shape" name="SvtGetAuditLogs model AuditFieldChange TaskStatus change has expected shape" time="0.017">
    </testcase>
    <testcase classname="SvtGetAuditLogs model AuditFieldChange all fields are optional" name="SvtGetAuditLogs model AuditFieldChange all fields are optional" time="0">
    </testcase>
    <testcase classname="SvtGetAuditLogs model AuditLogsErrorPayload error payload shape matches plugin BuildErrorPayload" name="SvtGetAuditLogs model AuditLogsErrorPayload error payload shape matches plugin BuildErrorPayload" time="0.001">
    </testcase>
    <testcase classname="SvtGetAuditLogs model AuditLogsMergePayload merge payload shape matches what PCF passes to mergeAuditHistoryDetails" name="SvtGetAuditLogs model AuditLogsMergePayload merge payload shape matches what PCF passes to mergeAuditHistoryDetails" time="0.004">
    </testcase>
    <testcase classname="SvtGetAuditLogs model AuditLogsMergePayload error merge payload includes errorMessage" name="SvtGetAuditLogs model AuditLogsMergePayload error merge payload includes errorMessage" time="0.001">
    </testcase>
    <testcase classname="SvtGetAuditLogs model View model types AuditHistoryChangeViewModel has required fields" name="SvtGetAuditLogs model View model types AuditHistoryChangeViewModel has required fields" time="0">
    </testcase>
    <testcase classname="SvtGetAuditLogs model View model types AuditHistoryEntryViewModel has required fields" name="SvtGetAuditLogs model View model types AuditHistoryEntryViewModel has required fields" time="0">
    </testcase>
    <testcase classname="SvtGetAuditLogs model View model types AuditHistoryViewModel has required fields" name="SvtGetAuditLogs model View model types AuditHistoryViewModel has required fields" time="0.001">
    </testcase>
    <testcase classname="SvtGetAuditLogs model Type aliases AuditLogsScopeKey matches merge scoping" name="SvtGetAuditLogs model Type aliases AuditLogsScopeKey matches merge scoping" time="0">
    </testcase>
    <testcase classname="SvtGetAuditLogs model Type aliases AuditLogsLegacyKey matches backward-compatible keys" name="SvtGetAuditLogs model Type aliases AuditLogsLegacyKey matches backward-compatible keys" time="0.001">
    </testcase>
    <testcase classname="SvtGetAuditLogs model Type aliases AuditLogsConfigurationName is SVTAuditLogs" name="SvtGetAuditLogs model Type aliases AuditLogsConfigurationName is SVTAuditLogs" time="0">
    </testcase>
    <testcase classname="SvtGetAuditLogs model Type aliases AuditLogsUserLookupBatchSize is 200" name="SvtGetAuditLogs model Type aliases AuditLogsUserLookupBatchSize is 200" time="0.001">
    </testcase>
    <testcase classname="SvtGetAuditLogs model Type aliases AssigneeFieldMatch values" name="SvtGetAuditLogs model Type aliases AssigneeFieldMatch values" time="0">
    </testcase>
    <testcase classname="SvtGetAuditLogs model Type aliases AuditHistoryArrayKey values match mapAuditHistoryModel extraction keys" name="SvtGetAuditLogs model Type aliases AuditHistoryArrayKey values match mapAuditHistoryModel extraction keys" time="0">
    </testcase>
    <testcase classname="PCF fetchAuditHistory flow openAuditHistory calls handleAuditHistoryOpen with SL" name="PCF fetchAuditHistory flow openAuditHistory calls handleAuditHistoryOpen with SL" time="0.001">
    </testcase>
    <testcase classname="PCF fetchAuditHistory flow openQcLog calls handleAuditHistoryOpen with QC" name="PCF fetchAuditHistory flow openQcLog calls handleAuditHistoryOpen with QC" time="0.001">
    </testcase>
    <testcase classname="PCF fetchAuditHistory flow handleAuditHistoryOpen emits correct action per type" name="PCF fetchAuditHistory flow handleAuditHistoryOpen emits correct action per type" time="0.004">
    </testcase>
    <testcase classname="PCF fetchAuditHistory flow fetchAuditHistory resolves taskId using resolveTaskIdForAuditLogs" name="PCF fetchAuditHistory flow fetchAuditHistory resolves taskId using resolveTaskIdForAuditLogs" time="0.001">
    </testcase>
    <testcase classname="PCF fetchAuditHistory flow fetchAuditHistory sends { taskId, auditType } as params" name="PCF fetchAuditHistory flow fetchAuditHistory sends { taskId, auditType } as params" time="0.001">
    </testcase>
    <testcase classname="PCF fetchAuditHistory flow fetchAuditHistory resolves API name from config" name="PCF fetchAuditHistory flow fetchAuditHistory resolves API name from config" time="0.001">
    </testcase>
    <testcase classname="PCF fetchAuditHistory flow fetchAuditHistory resolves API type from config" name="PCF fetchAuditHistory flow fetchAuditHistory resolves API type from config" time="0.001">
    </testcase>
    <testcase classname="PCF fetchAuditHistory flow fetchAuditHistory unwraps and merges response" name="PCF fetchAuditHistory flow fetchAuditHistory unwraps and merges response" time="0.001">
    </testcase>
    <testcase classname="PCF fetchAuditHistory flow missing taskId produces error merge payload" name="PCF fetchAuditHistory flow missing taskId produces error merge payload" time="0">
    </testcase>
    <testcase classname="PCF fetchAuditHistory flow missing API name produces error merge payload" name="PCF fetchAuditHistory flow missing API name produces error merge payload" time="0.001">
    </testcase>
    <testcase classname="PCF fetchAuditHistory flow fetch failure produces error merge payload" name="PCF fetchAuditHistory flow fetch failure produces error merge payload" time="0.008">
    </testcase>
    <testcase classname="resolveTaskIdForAuditLogs function is exported from sale-details.ts" name="resolveTaskIdForAuditLogs function is exported from sale-details.ts" time="0.002">
    </testcase>
    <testcase classname="resolveTaskIdForAuditLogs prefers selectedTaskId when provided and strips prefix" name="resolveTaskIdForAuditLogs prefers selectedTaskId when provided and strips prefix" time="0.001">
    </testcase>
    <testcase classname="resolveTaskIdForAuditLogs stripTaskIdPrefix helper extracts digits only" name="resolveTaskIdForAuditLogs stripTaskIdPrefix helper extracts digits only" time="0">
    </testcase>
    <testcase classname="resolveTaskIdForAuditLogs functional: strips A- prefix from selectedTaskId" name="resolveTaskIdForAuditLogs functional: strips A- prefix from selectedTaskId" time="0.036">
    </testcase>
    <testcase classname="resolveTaskIdForAuditLogs functional: strips M- prefix from taskDetails.taskId" name="resolveTaskIdForAuditLogs functional: strips M- prefix from taskDetails.taskId" time="0">
    </testcase>
    <testcase classname="resolveTaskIdForAuditLogs functional: returns digits-only taskId unchanged" name="resolveTaskIdForAuditLogs functional: returns digits-only taskId unchanged" time="0">
    </testcase>
    <testcase classname="resolveTaskIdForAuditLogs functional: returns empty string when no taskId" name="resolveTaskIdForAuditLogs functional: returns empty string when no taskId" time="0">
    </testcase>
    <testcase classname="resolveTaskIdForAuditLogs falls back to salesVerificationTaskDetails.taskId" name="resolveTaskIdForAuditLogs falls back to salesVerificationTaskDetails.taskId" time="0">
    </testcase>
    <testcase classname="resolveTaskIdForAuditLogs falls back to taskDetails.taskId as legacy" name="resolveTaskIdForAuditLogs falls back to taskDetails.taskId as legacy" time="0">
    </testcase>
    <testcase classname="resolveTaskIdForAuditLogs returns empty string when no taskId found" name="resolveTaskIdForAuditLogs returns empty string when no taskId found" time="0">
    </testcase>
    <testcase classname="mergeAuditHistoryDetails function is exported from sale-details.ts" name="mergeAuditHistoryDetails function is exported from sale-details.ts" time="0.001">
    </testcase>
    <testcase classname="mergeAuditHistoryDetails scopes QC payload under auditLogs.qc" name="mergeAuditHistoryDetails scopes QC payload under auditLogs.qc" time="0">
    </testcase>
    <testcase classname="mergeAuditHistoryDetails sets legacy key qcAuditHistory for QC type" name="mergeAuditHistoryDetails sets legacy key qcAuditHistory for QC type" time="0">
    </testcase>
    <testcase classname="mergeAuditHistoryDetails sets legacy key auditHistory for SL type" name="mergeAuditHistoryDetails sets legacy key auditHistory for SL type" time="0">
    </testcase>
    <testcase classname="mergeAuditHistoryDetails preserves existing auditLogs object if present" name="mergeAuditHistoryDetails preserves existing auditLogs object if present" time="0">
    </testcase>
    <testcase classname="mergeAuditHistoryDetails simulated merge for SL type stores under correct keys" name="mergeAuditHistoryDetails simulated merge for SL type stores under correct keys" time="0.001">
    </testcase>
    <testcase classname="mergeAuditHistoryDetails simulated merge for QC type stores under correct keys" name="mergeAuditHistoryDetails simulated merge for QC type stores under correct keys" time="0">
    </testcase>
    <testcase classname="mergeAuditHistoryDetails simulated merge preserves both SL and QC in auditLogs" name="mergeAuditHistoryDetails simulated merge preserves both SL and QC in auditLogs" time="0">
    </testcase>
    <testcase classname="resolveAuditPayload function exists in view model source" name="resolveAuditPayload function exists in view model source" time="0">
    </testcase>
    <testcase classname="resolveAuditPayload resolves namesapced payload from auditLogs.qc or auditLogs.sl" name="resolveAuditPayload resolves namesapced payload from auditLogs.qc or auditLogs.sl" time="0.001">
    </testcase>
    <testcase classname="resolveAuditPayload main type has fallback keys: auditHistory, salesAuditHistory, mainAuditHistory" name="resolveAuditPayload main type has fallback keys: auditHistory, salesAuditHistory, mainAuditHistory" time="0">
    </testcase>
    <testcase classname="resolveAuditPayload QC type has fallback keys: qcAuditHistory, qualityControlAuditHistory, qualityControlHistory" name="resolveAuditPayload QC type has fallback keys: qcAuditHistory, qualityControlAuditHistory, qualityControlHistory" time="0">
    </testcase>
    <testcase classname="resolveAuditPayload prefers namespaced payload over direct payload" name="resolveAuditPayload prefers namespaced payload over direct payload" time="0">
    </testcase>
    <testcase classname="View model field label mapping AUDIT_FIELD_LABEL_BY_KEY is declared in view model" name="View model field label mapping AUDIT_FIELD_LABEL_BY_KEY is declared in view model" time="0">
    </testcase>
    <testcase classname="View model field label mapping field &quot;taskstatus&quot; maps to label &quot;Task Status&quot;" name="View model field label mapping field &quot;taskstatus&quot; maps to label &quot;Task Status&quot;" time="0">
    </testcase>
    <testcase classname="View model field label mapping field &quot;status&quot; maps to label &quot;Task Status&quot;" name="View model field label mapping field &quot;status&quot; maps to label &quot;Task Status&quot;" time="0.001">
    </testcase>
    <testcase classname="View model field label mapping field &quot;assignedto&quot; maps to label &quot;Assigned to&quot;" name="View model field label mapping field &quot;assignedto&quot; maps to label &quot;Assigned to&quot;" time="0">
    </testcase>
    <testcase classname="View model field label mapping field &quot;caseworkerassignedto&quot; maps to label &quot;Assigned to&quot;" name="View model field label mapping field &quot;caseworkerassignedto&quot; maps to label &quot;Assigned to&quot;" time="0">
    </testcase>
    <testcase classname="View model field label mapping field &quot;padconfirmation&quot; maps to label &quot;PAD Confirmation&quot;" name="View model field label mapping field &quot;padconfirmation&quot; maps to label &quot;PAD Confirmation&quot;" time="0">
    </testcase>
    <testcase classname="View model field label mapping field &quot;salesource&quot; maps to label &quot;Sale Source&quot;" name="View model field label mapping field &quot;salesource&quot; maps to label &quot;Sale Source&quot;" time="0">
    </testcase>
    <testcase classname="View model field label mapping field &quot;source&quot; maps to label &quot;Sale Source&quot;" name="View model field label mapping field &quot;source&quot; maps to label &quot;Sale Source&quot;" time="0">
    </testcase>
    <testcase classname="View model field label mapping field &quot;wlttid&quot; maps to label &quot;WLTT ID&quot;" name="View model field label mapping field &quot;wlttid&quot; maps to label &quot;WLTT ID&quot;" time="0">
    </testcase>
    <testcase classname="View model field label mapping field &quot;wltid&quot; maps to label &quot;WLTT ID&quot;" name="View model field label mapping field &quot;wltid&quot; maps to label &quot;WLTT ID&quot;" time="0.001">
    </testcase>
    <testcase classname="View model field label mapping field &quot;lrppdid&quot; maps to label &quot;LRPPD ID&quot;" name="View model field label mapping field &quot;lrppdid&quot; maps to label &quot;LRPPD ID&quot;" time="0">
    </testcase>
    <testcase classname="View model field label mapping field &quot;lrpddid&quot; maps to label &quot;LRPPD ID&quot;" name="View model field label mapping field &quot;lrpddid&quot; maps to label &quot;LRPPD ID&quot;" time="0">
    </testcase>
    <testcase classname="View model field label mapping field &quot;hpiadjustedprice&quot; maps to label &quot;HPI adjusted Price&quot;" name="View model field label mapping field &quot;hpiadjustedprice&quot; maps to label &quot;HPI adjusted Price&quot;" time="0">
    </testcase>
    <testcase classname="View model field label mapping field &quot;hpiadjustedsaleprice&quot; maps to label &quot;HPI adjusted Price&quot;" name="View model field label mapping field &quot;hpiadjustedsaleprice&quot; maps to label &quot;HPI adjusted Price&quot;" time="0">
    </testcase>
    <testcase classname="View model field label mapping field &quot;salesparticular&quot; maps to label &quot;Sales Particular&quot;" name="View model field label mapping field &quot;salesparticular&quot; maps to label &quot;Sales Particular&quot;" time="0">
    </testcase>
    <testcase classname="View model field label mapping field &quot;salesparticulars&quot; maps to label &quot;Sales Particular&quot;" name="View model field label mapping field &quot;salesparticulars&quot; maps to label &quot;Sales Particular&quot;" time="0">
    </testcase>
    <testcase classname="View model field label mapping field &quot;linkparticulars&quot; maps to label &quot;Link Particulars&quot;" name="View model field label mapping field &quot;linkparticulars&quot; maps to label &quot;Link Particulars&quot;" time="0">
    </testcase>
    <testcase classname="View model field label mapping field &quot;kitchenage&quot; maps to label &quot;Kitchen Age&quot;" name="View model field label mapping field &quot;kitchenage&quot; maps to label &quot;Kitchen Age&quot;" time="0.001">
    </testcase>
    <testcase classname="View model field label mapping field &quot;kitchenspecification&quot; maps to label &quot;Kitchen Specification&quot;" name="View model field label mapping field &quot;kitchenspecification&quot; maps to label &quot;Kitchen Specification&quot;" time="0">
    </testcase>
    <testcase classname="View model field label mapping field &quot;bathroomage&quot; maps to label &quot;Bathroom Age&quot;" name="View model field label mapping field &quot;bathroomage&quot; maps to label &quot;Bathroom Age&quot;" time="0">
    </testcase>
    <testcase classname="View model field label mapping field &quot;bathroomspecification&quot; maps to label &quot;Bathroom Specification&quot;" name="View model field label mapping field &quot;bathroomspecification&quot; maps to label &quot;Bathroom Specification&quot;" time="0">
    </testcase>
    <testcase classname="View model field label mapping field &quot;glazing&quot; maps to label &quot;Glazing&quot;" name="View model field label mapping field &quot;glazing&quot; maps to label &quot;Glazing&quot;" time="0">
    </testcase>
    <testcase classname="View model field label mapping field &quot;heating&quot; maps to label &quot;Heating&quot;" name="View model field label mapping field &quot;heating&quot; maps to label &quot;Heating&quot;" time="0">
    </testcase>
    <testcase classname="View model field label mapping field &quot;decorativefinishes&quot; maps to label &quot;Decorative finishes&quot;" name="View model field label mapping field &quot;decorativefinishes&quot; maps to label &quot;Decorative finishes&quot;" time="0">
    </testcase>
    <testcase classname="View model field label mapping field &quot;conditionscore&quot; maps to label &quot;Condition Score&quot;" name="View model field label mapping field &quot;conditionscore&quot; maps to label &quot;Condition Score&quot;" time="0">
    </testcase>
    <testcase classname="View model field label mapping field &quot;conditioncategory&quot; maps to label &quot;Condition Category&quot;" name="View model field label mapping field &quot;conditioncategory&quot; maps to label &quot;Condition Category&quot;" time="0">
    </testcase>
    <testcase classname="View model field label mapping field &quot;particularnotes&quot; maps to label &quot;Particular Notes&quot;" name="View model field label mapping field &quot;particularnotes&quot; maps to label &quot;Particular Notes&quot;" time="0">
    </testcase>
    <testcase classname="View model field label mapping field &quot;particularsnotes&quot; maps to label &quot;Particular Notes&quot;" name="View model field label mapping field &quot;particularsnotes&quot; maps to label &quot;Particular Notes&quot;" time="0">
    </testcase>
    <testcase classname="View model field label mapping field &quot;notes&quot; maps to label &quot;Particular Notes&quot;" name="View model field label mapping field &quot;notes&quot; maps to label &quot;Particular Notes&quot;" time="0">
    </testcase>
    <testcase classname="View model field label mapping field &quot;reasonnotes&quot; maps to label &quot;Notes&quot;" name="View model field label mapping field &quot;reasonnotes&quot; maps to label &quot;Notes&quot;" time="0">
    </testcase>
    <testcase classname="View model field label mapping field &quot;issaleuseful&quot; maps to label &quot;Is this Sale Useful?&quot;" name="View model field label mapping field &quot;issaleuseful&quot; maps to label &quot;Is this Sale Useful?&quot;" time="0.001">
    </testcase>
    <testcase classname="View model field label mapping field &quot;isthissaleuseful&quot; maps to label &quot;Is this Sale Useful?&quot;" name="View model field label mapping field &quot;isthissaleuseful&quot; maps to label &quot;Is this Sale Useful?&quot;" time="0">
    </testcase>
    <testcase classname="View model field label mapping field &quot;whynotuseful&quot; maps to label &quot;Why is the sale not useful?&quot;" name="View model field label mapping field &quot;whynotuseful&quot; maps to label &quot;Why is the sale not useful?&quot;" time="0">
    </testcase>
    <testcase classname="View model field label mapping field &quot;whyisthesalenotuseful&quot; maps to label &quot;Why is the sale not useful?&quot;" name="View model field label mapping field &quot;whyisthesalenotuseful&quot; maps to label &quot;Why is the sale not useful?&quot;" time="0">
    </testcase>
    <testcase classname="View model field label mapping field &quot;additionalnotes&quot; maps to label &quot;Additional Notes&quot;" name="View model field label mapping field &quot;additionalnotes&quot; maps to label &quot;Additional Notes&quot;" time="0">
    </testcase>
    <testcase classname="View model field label mapping field &quot;assigneddate&quot; maps to label &quot;Assigned Date&quot;" name="View model field label mapping field &quot;assigneddate&quot; maps to label &quot;Assigned Date&quot;" time="0">
    </testcase>
    <testcase classname="View model field label mapping field &quot;assignedat&quot; maps to label &quot;Assigned Date&quot;" name="View model field label mapping field &quot;assignedat&quot; maps to label &quot;Assigned Date&quot;" time="0.001">
    </testcase>
    <testcase classname="View model field label mapping field &quot;caseworkerassigneddate&quot; maps to label &quot;Assigned Date&quot;" name="View model field label mapping field &quot;caseworkerassigneddate&quot; maps to label &quot;Assigned Date&quot;" time="0">
    </testcase>
    <testcase classname="View model field label mapping field &quot;caseworkerassignedon&quot; maps to label &quot;Assigned Date&quot;" name="View model field label mapping field &quot;caseworkerassignedon&quot; maps to label &quot;Assigned Date&quot;" time="0">
    </testcase>
    <testcase classname="View model field label mapping field &quot;qcassigneddate&quot; maps to label &quot;QC Assigned Date&quot;" name="View model field label mapping field &quot;qcassigneddate&quot; maps to label &quot;QC Assigned Date&quot;" time="0">
    </testcase>
    <testcase classname="View model field label mapping field &quot;qcassignedat&quot; maps to label &quot;QC Assigned Date&quot;" name="View model field label mapping field &quot;qcassignedat&quot; maps to label &quot;QC Assigned Date&quot;" time="0">
    </testcase>
    <testcase classname="View model field label mapping field &quot;qcassignedto&quot; maps to label &quot;QC Assigned to&quot;" name="View model field label mapping field &quot;qcassignedto&quot; maps to label &quot;QC Assigned to&quot;" time="0">
    </testcase>
    <testcase classname="View model field label mapping field &quot;qcremarks&quot; maps to label &quot;QC Remarks&quot;" name="View model field label mapping field &quot;qcremarks&quot; maps to label &quot;QC Remarks&quot;" time="0">
    </testcase>
    <testcase classname="View model field label mapping field &quot;outcome&quot; maps to label &quot;Outcome&quot;" name="View model field label mapping field &quot;outcome&quot; maps to label &quot;Outcome&quot;" time="0.001">
    </testcase>
    <testcase classname="View model field label mapping field &quot;completedat&quot; maps to label &quot;CW Completed At&quot;" name="View model field label mapping field &quot;completedat&quot; maps to label &quot;CW Completed At&quot;" time="0">
    </testcase>
    <testcase classname="View model field label mapping normalizeAuditFieldKey removes non-alphanumeric and lowercases" name="View model field label mapping normalizeAuditFieldKey removes non-alphanumeric and lowercases" time="0">
    </testcase>
    <testcase classname="View model field label mapping toAuditFieldLabel falls back to toReadableLabel for unknown keys" name="View model field label mapping toAuditFieldLabel falls back to toReadableLabel for unknown keys" time="0">
    </testcase>
    <testcase classname="View model field label mapping model AuditFieldLabelKey type covers all known keys" name="View model field label mapping model AuditFieldLabelKey type covers all known keys" time="0.003">
    </testcase>
    <testcase classname="View model field label mapping model AuditFieldDisplayLabel type covers all known labels" name="View model field label mapping model AuditFieldDisplayLabel type covers all known labels" time="0.002">
    </testcase>
    <testcase classname="View model date parsing UK_AUDIT_DATE_TIME_PATTERN regex exists" name="View model date parsing UK_AUDIT_DATE_TIME_PATTERN regex exists" time="0">
    </testcase>
    <testcase classname="View model date parsing parseAuditDateTime function exists" name="View model date parsing parseAuditDateTime function exists" time="0">
    </testcase>
    <testcase classname="View model date parsing toUkDateTime function exists" name="View model date parsing toUkDateTime function exists" time="0">
    </testcase>
    <testcase classname="View model date parsing UK date pattern matches DD/MM/YYYY HH:mm:ss format" name="View model date parsing UK date pattern matches DD/MM/YYYY HH:mm:ss format" time="0.001">
    </testcase>
    <testcase classname="View model date parsing simulated parseAuditDateTime for real trace date" name="View model date parsing simulated parseAuditDateTime for real trace date" time="0">
    </testcase>
    <testcase classname="View model date parsing simulated toUkDateTime produces DD/MM/YYYY HH:mm:ss" name="View model date parsing simulated toUkDateTime produces DD/MM/YYYY HH:mm:ss" time="0.001">
    </testcase>
    <testcase classname="View model date parsing dash input returns dash" name="View model date parsing dash input returns dash" time="0">
    </testcase>
    <testcase classname="View model sorting entries are sorted by sortValue descending (latest first)" name="View model sorting entries are sorted by sortValue descending (latest first)" time="0">
    </testcase>
    <testcase classname="View model sorting NaN sortValue falls back to negative index" name="View model sorting NaN sortValue falls back to negative index" time="0">
    </testcase>
    <testcase classname="View model sorting entries with no changes are filtered out" name="View model sorting entries with no changes are filtered out" time="0.001">
    </testcase>
    <testcase classname="View model sorting sortValue is removed from final entries" name="View model sorting sortValue is removed from final entries" time="0">
    </testcase>
    <testcase classname="View model sorting simulated sort order: later dates appear first" name="View model sorting simulated sort order: later dates appear first" time="0">
    </testcase>
    <testcase classname="mapAuditHistoryModel function exists in view model source" name="mapAuditHistoryModel function exists in view model source" time="0">
    </testcase>
    <testcase classname="mapAuditHistoryModel extracts history from multiple keys" name="mapAuditHistoryModel extracts history from multiple keys" time="0">
    </testcase>
    <testcase classname="mapAuditHistoryModel maps changeID with fallback to index-based id" name="mapAuditHistoryModel maps changeID with fallback to index-based id" time="0">
    </testcase>
    <testcase classname="mapAuditHistoryModel maps changedBy with user display name resolution" name="mapAuditHistoryModel maps changedBy with user display name resolution" time="0">
    </testcase>
    <testcase classname="mapAuditHistoryModel maps changedOn using toUkDateTime" name="mapAuditHistoryModel maps changedOn using toUkDateTime" time="0">
    </testcase>
    <testcase classname="mapAuditHistoryModel maps eventType from record" name="mapAuditHistoryModel maps eventType from record" time="0.001">
    </testcase>
    <testcase classname="mapAuditHistoryModel extracts errorMessage from payload" name="mapAuditHistoryModel extracts errorMessage from payload" time="0">
    </testcase>
    <testcase classname="mapAuditFieldChanges function exists in view model source" name="mapAuditFieldChanges function exists in view model source" time="0">
    </testcase>
    <testcase classname="mapAuditFieldChanges maps changes array with fieldName, oldValue, newValue" name="mapAuditFieldChanges maps changes array with fieldName, oldValue, newValue" time="0.001">
    </testcase>
    <testcase classname="mapAuditFieldChanges falls back to single-field format when changes array is empty" name="mapAuditFieldChanges falls back to single-field format when changes array is empty" time="0">
    </testcase>
    <testcase classname="Audit modal display modal shows Changed By metadata" name="Audit modal display modal shows Changed By metadata" time="0">
    </testcase>
    <testcase classname="Audit modal display modal shows Changed On metadata" name="Audit modal display modal shows Changed On metadata" time="0.001">
    </testcase>
    <testcase classname="Audit modal display modal shows Event metadata (conditional)" name="Audit modal display modal shows Event metadata (conditional)" time="0.011">
    </testcase>
    <testcase classname="Audit modal display modal has search placeholder" name="Audit modal display modal has search placeholder" time="0.001">
    </testcase>
    <testcase classname="Audit modal display modal has accessible aria-label on entry meta" name="Audit modal display modal has accessible aria-label on entry meta" time="0">
    </testcase>
    <testcase classname="SaleDetailsShell types alignment AuditHistoryChangeViewModel matches model interface" name="SaleDetailsShell types alignment AuditHistoryChangeViewModel matches model interface" time="0.001">
    </testcase>
    <testcase classname="SaleDetailsShell types alignment AuditHistoryEntryViewModel matches model interface" name="SaleDetailsShell types alignment AuditHistoryEntryViewModel matches model interface" time="0.001">
    </testcase>
    <testcase classname="SaleDetailsShell types alignment AuditHistoryViewModel matches model interface" name="SaleDetailsShell types alignment AuditHistoryViewModel matches model interface" time="0">
    </testcase>
    <testcase classname="Config alignment ControlConfig has auditLogsApiName = &apos;voa_SvtGetAuditLogs&apos;" name="Config alignment ControlConfig has auditLogsApiName = &apos;voa_SvtGetAuditLogs&apos;" time="0.001">
    </testcase>
    <testcase classname="Config alignment ControlConfig has auditLogsApiType = &apos;action&apos;" name="Config alignment ControlConfig has auditLogsApiType = &apos;action&apos;" time="0">
    </testcase>
    <testcase classname="Config alignment ControlManifest declares auditLogsApiName property" name="Config alignment ControlManifest declares auditLogsApiName property" time="0">
    </testcase>
    <testcase classname="Config alignment ControlManifest declares auditLogsApiType property" name="Config alignment ControlManifest declares auditLogsApiType property" time="0">
    </testcase>
    <testcase classname="Config alignment ControlManifest marks both audit properties as optional (not required)" name="Config alignment ControlManifest marks both audit properties as optional (not required)" time="0.001">
    </testcase>
    <testcase classname="QC log access control QcLogActionRuleInput interface exists" name="QC log access control QcLogActionRuleInput interface exists" time="0">
    </testcase>
    <testcase classname="QC log access control getQcLogActionRule function exists" name="QC log access control getQcLogActionRule function exists" time="0.001">
    </testcase>
    <testcase classname="QC log access control QC log restricted to caseworker, QC users, and managers" name="QC log access control QC log restricted to caseworker, QC users, and managers" time="0">
    </testcase>
    <testcase classname="QC log access control canProgressTask &amp;&amp; readOnly triggers restriction" name="QC log access control canProgressTask &amp;&amp; readOnly triggers restriction" time="0.026">
    </testcase>
    <testcase classname="QC log access control unconfigured API disables QC log action" name="QC log access control unconfigured API disables QC log action" time="0">
    </testcase>
    <testcase classname="Real trace payload round-trip real trace request matches SvtGetAuditLogsRequest interface" name="Real trace payload round-trip real trace request matches SvtGetAuditLogsRequest interface" time="0.001">
    </testcase>
    <testcase classname="Real trace payload round-trip real audit response round-trips through JSON" name="Real trace payload round-trip real audit response round-trips through JSON" time="0.008">
    </testcase>
    <testcase classname="Real trace payload round-trip real changedBy is a valid GUID token" name="Real trace payload round-trip real changedBy is a valid GUID token" time="0.001">
    </testcase>
    <testcase classname="Real trace payload round-trip real changedOn matches UK date format" name="Real trace payload round-trip real changedOn matches UK date format" time="0">
    </testcase>
    <testcase classname="Real trace payload round-trip real trace URL contains v1/audit-logs endpoint" name="Real trace payload round-trip real trace URL contains v1/audit-logs endpoint" time="0.001">
    </testcase>
    <testcase classname="Simulated GUID resolution extracting GUIDs from changedBy value" name="Simulated GUID resolution extracting GUIDs from changedBy value" time="0">
    </testcase>
    <testcase classname="Simulated GUID resolution extracting GUID with braces" name="Simulated GUID resolution extracting GUID with braces" time="0.001">
    </testcase>
    <testcase classname="Simulated GUID resolution no GUID in plain text" name="Simulated GUID resolution no GUID in plain text" time="0">
    </testcase>
    <testcase classname="Simulated GUID resolution multiple GUIDs extracted from a value" name="Simulated GUID resolution multiple GUIDs extracted from a value" time="0">
    </testcase>
    <testcase classname="Simulated GUID resolution simulated changedBy replacement" name="Simulated GUID resolution simulated changedBy replacement" time="0">
    </testcase>
    <testcase classname="Simulated GUID resolution simulated assignee field oldValue/newValue replacement" name="Simulated GUID resolution simulated assignee field oldValue/newValue replacement" time="0">
    </testcase>
    <testcase classname="Simulated ShouldResolveAssigneeField field &quot;AssignedTo&quot; → shouldResolve = true" name="Simulated ShouldResolveAssigneeField field &quot;AssignedTo&quot; → shouldResolve = true" time="0">
    </testcase>
    <testcase classname="Simulated ShouldResolveAssigneeField field &quot;Assigned To&quot; → shouldResolve = true" name="Simulated ShouldResolveAssigneeField field &quot;Assigned To&quot; → shouldResolve = true" time="0.001">
    </testcase>
    <testcase classname="Simulated ShouldResolveAssigneeField field &quot;assigned_to&quot; → shouldResolve = true" name="Simulated ShouldResolveAssigneeField field &quot;assigned_to&quot; → shouldResolve = true" time="0">
    </testcase>
    <testcase classname="Simulated ShouldResolveAssigneeField field &quot;QCAssignedTo&quot; → shouldResolve = true" name="Simulated ShouldResolveAssigneeField field &quot;QCAssignedTo&quot; → shouldResolve = true" time="0">
    </testcase>
    <testcase classname="Simulated ShouldResolveAssigneeField field &quot;qc_assigned_to&quot; → shouldResolve = true" name="Simulated ShouldResolveAssigneeField field &quot;qc_assigned_to&quot; → shouldResolve = true" time="0">
    </testcase>
    <testcase classname="Simulated ShouldResolveAssigneeField field &quot;CaseworkerAssignedTo&quot; → shouldResolve = true" name="Simulated ShouldResolveAssigneeField field &quot;CaseworkerAssignedTo&quot; → shouldResolve = true" time="0">
    </testcase>
    <testcase classname="Simulated ShouldResolveAssigneeField field &quot;TaskStatus&quot; → shouldResolve = false" name="Simulated ShouldResolveAssigneeField field &quot;TaskStatus&quot; → shouldResolve = false" time="0.001">
    </testcase>
    <testcase classname="Simulated ShouldResolveAssigneeField field &quot;ChangedBy&quot; → shouldResolve = false" name="Simulated ShouldResolveAssigneeField field &quot;ChangedBy&quot; → shouldResolve = false" time="0">
    </testcase>
    <testcase classname="Simulated ShouldResolveAssigneeField field &quot;OldValue&quot; → shouldResolve = false" name="Simulated ShouldResolveAssigneeField field &quot;OldValue&quot; → shouldResolve = false" time="0">
    </testcase>
    <testcase classname="Simulated ShouldResolveAssigneeField field &quot;qcremarks&quot; → shouldResolve = false" name="Simulated ShouldResolveAssigneeField field &quot;qcremarks&quot; → shouldResolve = false" time="0">
    </testcase>
    <testcase classname="Simulated ShouldResolveAssigneeField field &quot;MyCustomAssignedTo&quot; → shouldResolve = true" name="Simulated ShouldResolveAssigneeField field &quot;MyCustomAssignedTo&quot; → shouldResolve = true" time="0">
    </testcase>
    <testcase classname="Simulated NormalizeAuditType &quot;QC&quot; normalizes to &quot;QC&quot;" name="Simulated NormalizeAuditType &quot;QC&quot; normalizes to &quot;QC&quot;" time="0.001">
    </testcase>
    <testcase classname="Simulated NormalizeAuditType &quot;qc&quot; normalizes to &quot;QC&quot;" name="Simulated NormalizeAuditType &quot;qc&quot; normalizes to &quot;QC&quot;" time="0">
    </testcase>
    <testcase classname="Simulated NormalizeAuditType &quot;Qc&quot; normalizes to &quot;QC&quot;" name="Simulated NormalizeAuditType &quot;Qc&quot; normalizes to &quot;QC&quot;" time="0">
    </testcase>
    <testcase classname="Simulated NormalizeAuditType &quot;SL&quot; normalizes to &quot;SL&quot;" name="Simulated NormalizeAuditType &quot;SL&quot; normalizes to &quot;SL&quot;" time="0">
    </testcase>
    <testcase classname="Simulated NormalizeAuditType &quot;sl&quot; normalizes to &quot;SL&quot;" name="Simulated NormalizeAuditType &quot;sl&quot; normalizes to &quot;SL&quot;" time="0">
    </testcase>
    <testcase classname="Simulated NormalizeAuditType &quot;Sl&quot; normalizes to &quot;SL&quot;" name="Simulated NormalizeAuditType &quot;Sl&quot; normalizes to &quot;SL&quot;" time="0">
    </testcase>
    <testcase classname="Simulated NormalizeAuditType &quot;  QC  &quot; normalizes to &quot;QC&quot;" name="Simulated NormalizeAuditType &quot;  QC  &quot; normalizes to &quot;QC&quot;" time="0.001">
    </testcase>
    <testcase classname="Simulated NormalizeAuditType &quot;  SL  &quot; normalizes to &quot;SL&quot;" name="Simulated NormalizeAuditType &quot;  SL  &quot; normalizes to &quot;SL&quot;" time="0">
    </testcase>
    <testcase classname="Simulated NormalizeAuditType &quot;null&quot; normalizes to null (invalid)" name="Simulated NormalizeAuditType &quot;null&quot; normalizes to null (invalid)" time="0">
    </testcase>
    <testcase classname="Simulated NormalizeAuditType &quot;undefined&quot; normalizes to null (invalid)" name="Simulated NormalizeAuditType &quot;undefined&quot; normalizes to null (invalid)" time="0">
    </testcase>
    <testcase classname="Simulated NormalizeAuditType &quot;&quot; normalizes to null (invalid)" name="Simulated NormalizeAuditType &quot;&quot; normalizes to null (invalid)" time="0">
    </testcase>
    <testcase classname="Simulated NormalizeAuditType &quot;  &quot; normalizes to null (invalid)" name="Simulated NormalizeAuditType &quot;  &quot; normalizes to null (invalid)" time="0">
    </testcase>
    <testcase classname="Simulated NormalizeAuditType &quot;XX&quot; normalizes to null (invalid)" name="Simulated NormalizeAuditType &quot;XX&quot; normalizes to null (invalid)" time="0.001">
    </testcase>
    <testcase classname="Simulated NormalizeAuditType &quot;SALES&quot; normalizes to null (invalid)" name="Simulated NormalizeAuditType &quot;SALES&quot; normalizes to null (invalid)" time="0">
    </testcase>
    <testcase classname="Simulated NormalizeAuditType &quot;Q&quot; normalizes to null (invalid)" name="Simulated NormalizeAuditType &quot;Q&quot; normalizes to null (invalid)" time="0">
    </testcase>
    <testcase classname="Simulated BuildUrl appends query params to base URL" name="Simulated BuildUrl appends query params to base URL" time="0.001">
    </testcase>
    <testcase classname="Simulated BuildUrl template replacement for {taskId} and {auditType}" name="Simulated BuildUrl template replacement for {taskId} and {auditType}" time="0">
    </testcase>
    <testcase classname="Simulated BuildUrl existing query params preserved" name="Simulated BuildUrl existing query params preserved" time="0.001">
    </testcase>
    <testcase classname="Simulated BuildUrl empty base address returns empty" name="Simulated BuildUrl empty base address returns empty" time="0">
    </testcase>
    <testcase classname="Simulated BuildUrl appends with &amp; when ? already exists" name="Simulated BuildUrl appends with &amp; when ? already exists" time="0">
    </testcase>
    <testcase classname="Simulated merge round-trip SL merge stores under auditLogs.sl and auditHistory" name="Simulated merge round-trip SL merge stores under auditLogs.sl and auditHistory" time="0.001">
    </testcase>
    <testcase classname="Simulated merge round-trip QC merge stores under auditLogs.qc and qcAuditHistory" name="Simulated merge round-trip QC merge stores under auditLogs.qc and qcAuditHistory" time="0">
    </testcase>
    <testcase classname="Simulated merge round-trip sequential SL then QC merge preserves both scopes" name="Simulated merge round-trip sequential SL then QC merge preserves both scopes" time="0.001">
    </testcase>
    <testcase classname="Simulated merge round-trip error payload merge stores error message" name="Simulated merge round-trip error payload merge stores error message" time="0">
    </testcase>
    <testcase classname="Simulated merge round-trip real trace payload merge stores correctly" name="Simulated merge round-trip real trace payload merge stores correctly" time="0.001">
    </testcase>
    <testcase classname="Simulated resolveAuditPayload prefers namespaced SL payload over legacy" name="Simulated resolveAuditPayload prefers namespaced SL payload over legacy" time="0">
    </testcase>
    <testcase classname="Simulated resolveAuditPayload falls back to legacy auditHistory when namespace is empty" name="Simulated resolveAuditPayload falls back to legacy auditHistory when namespace is empty" time="0">
    </testcase>
    <testcase classname="Simulated resolveAuditPayload prefers namespaced QC payload over legacy" name="Simulated resolveAuditPayload prefers namespaced QC payload over legacy" time="0.001">
    </testcase>
    <testcase classname="Docs alignment plugin-calling-guide lists voa_SvtGetAuditLogs" name="Docs alignment plugin-calling-guide lists voa_SvtGetAuditLogs" time="0">
    </testcase>
    <testcase classname="Docs alignment plugin-calling-guide shows GET method with taskId and auditType" name="Docs alignment plugin-calling-guide shows GET method with taskId and auditType" time="0">
    </testcase>
    <testcase classname="Docs alignment plugin-calling-guide shows SVTAuditLogs config name" name="Docs alignment plugin-calling-guide shows SVTAuditLogs config name" time="0">
    </testcase>
    <testcase classname="Docs alignment pcfinputoutputproperties lists auditLogsApiName" name="Docs alignment pcfinputoutputproperties lists auditLogsApiName" time="0.001">
    </testcase>
  </testsuite>
  <testsuite name="resolveConfiguredApiName" errors="0" failures="0" skipped="0" timestamp="2026-04-28T10:07:42" time="0.205" tests="49">
    <testcase classname="resolveConfiguredApiName returns value from context parameter when present" name="resolveConfiguredApiName returns value from context parameter when present" time="0.001">
    </testcase>
    <testcase classname="resolveConfiguredApiName falls back to fallbackApiName when context param is absent" name="resolveConfiguredApiName falls back to fallbackApiName when context param is absent" time="0">
    </testcase>
    <testcase classname="resolveConfiguredApiName returns empty string when both sources are empty" name="resolveConfiguredApiName returns empty string when both sources are empty" time="0">
    </testcase>
    <testcase classname="resolveConfiguredApiName context param takes precedence over fallback" name="resolveConfiguredApiName context param takes precedence over fallback" time="0.001">
    </testcase>
    <testcase classname="resolveConfiguredApiType returns 0 for &quot;Action&quot; context value" name="resolveConfiguredApiType returns 0 for &quot;Action&quot; context value" time="0">
    </testcase>
    <testcase classname="resolveConfiguredApiType returns 1 (default) for unknown type" name="resolveConfiguredApiType returns 1 (default) for unknown type" time="0">
    </testcase>
    <testcase classname="resolveConfiguredApiType falls back to fallbackApiType when context param missing" name="resolveConfiguredApiType falls back to fallbackApiType when context param missing" time="0">
    </testcase>
    <testcase classname="resolveConfiguredApiType returns 1 when both sources are empty" name="resolveConfiguredApiType returns 1 when both sources are empty" time="0.001">
    </testcase>
    <testcase classname="resolveCurrentUserId returns normalized GUID from context userSettings" name="resolveCurrentUserId returns normalized GUID from context userSettings" time="0">
    </testcase>
    <testcase classname="resolveCurrentUserId falls back to Xrm when context userId is empty" name="resolveCurrentUserId falls back to Xrm when context userId is empty" time="0">
    </testcase>
    <testcase classname="resolveCurrentUserId returns empty string when both sources are absent" name="resolveCurrentUserId returns empty string when both sources are absent" time="0">
    </testcase>
    <testcase classname="resolveCurrentUserDisplayName returns userName from context" name="resolveCurrentUserDisplayName returns userName from context" time="0">
    </testcase>
    <testcase classname="resolveCurrentUserDisplayName falls back to userDisplayName when userName is absent" name="resolveCurrentUserDisplayName falls back to userDisplayName when userName is absent" time="0">
    </testcase>
    <testcase classname="resolveCurrentUserDisplayName falls back to Xrm userName when context has no name" name="resolveCurrentUserDisplayName falls back to Xrm userName when context has no name" time="0">
    </testcase>
    <testcase classname="resolveCurrentUserDisplayName returns empty string when all sources are absent" name="resolveCurrentUserDisplayName returns empty string when all sources are absent" time="0">
    </testcase>
    <testcase classname="unwrapCustomApiPayload unwraps Result (capital R) string as parsed JSON" name="unwrapCustomApiPayload unwraps Result (capital R) string as parsed JSON" time="0">
    </testcase>
    <testcase classname="unwrapCustomApiPayload unwraps result (lower-case r) string as parsed JSON" name="unwrapCustomApiPayload unwraps result (lower-case r) string as parsed JSON" time="0.001">
    </testcase>
    <testcase classname="unwrapCustomApiPayload returns raw string when JSON parse fails" name="unwrapCustomApiPayload returns raw string when JSON parse fails" time="0">
    </testcase>
    <testcase classname="unwrapCustomApiPayload returns original payload when no Result/result field" name="unwrapCustomApiPayload returns original payload when no Result/result field" time="0">
    </testcase>
    <testcase classname="unwrapCustomApiPayload returns null unchanged" name="unwrapCustomApiPayload returns null unchanged" time="0">
    </testcase>
    <testcase classname="parseManualTaskCreationResult parses object with success:true and message" name="parseManualTaskCreationResult parses object with success:true and message" time="0.002">
    </testcase>
    <testcase classname="parseManualTaskCreationResult parses object with success:false" name="parseManualTaskCreationResult parses object with success:false" time="0">
    </testcase>
    <testcase classname="parseManualTaskCreationResult parses JSON string result" name="parseManualTaskCreationResult parses JSON string result" time="0.001">
    </testcase>
    <testcase classname="parseManualTaskCreationResult handles 500 error in message — returns technical error message" name="parseManualTaskCreationResult handles 500 error in message — returns technical error message" time="0.001">
    </testcase>
    <testcase classname="parseManualTaskCreationResult returns failure with default message for null input" name="parseManualTaskCreationResult returns failure with default message for null input" time="0">
    </testcase>
    <testcase classname="parseManualTaskCreationResult parses plain &quot;success&quot; string result" name="parseManualTaskCreationResult parses plain &quot;success&quot; string result" time="0.001">
    </testcase>
    <testcase classname="parseModifyTaskResult parses object with success:true" name="parseModifyTaskResult parses object with success:true" time="0.002">
    </testcase>
    <testcase classname="parseModifyTaskResult parses object with success:false" name="parseModifyTaskResult parses object with success:false" time="0">
    </testcase>
    <testcase classname="parseModifyTaskResult parses JSON-wrapped Result field" name="parseModifyTaskResult parses JSON-wrapped Result field" time="0.001">
    </testcase>
    <testcase classname="parseModifyTaskResult parses &quot;ok&quot; string as success" name="parseModifyTaskResult parses &quot;ok&quot; string as success" time="0.001">
    </testcase>
    <testcase classname="parseModifyTaskResult sanitises 500 error message" name="parseModifyTaskResult sanitises 500 error message" time="0.002">
    </testcase>
    <testcase classname="parseModifyTaskResult returns default failure for null input" name="parseModifyTaskResult returns default failure for null input" time="0.003">
    </testcase>
    <testcase classname="parseApiMutationResult parses success object" name="parseApiMutationResult parses success object" time="0.001">
    </testcase>
    <testcase classname="parseApiMutationResult parses failure object" name="parseApiMutationResult parses failure object" time="0.001">
    </testcase>
    <testcase classname="parseApiMutationResult returns fallback message for null" name="parseApiMutationResult returns fallback message for null" time="0.001">
    </testcase>
    <testcase classname="parseApiMutationResult parses success hint in plain string" name="parseApiMutationResult parses success hint in plain string" time="0.001">
    </testcase>
    <testcase classname="parseApiMutationResult parses failure hint in plain string" name="parseApiMutationResult parses failure hint in plain string" time="0">
    </testcase>
    <testcase classname="parseApiMutationResult sanitises bad request HTML response" name="parseApiMutationResult sanitises bad request HTML response" time="0">
    </testcase>
    <testcase classname="parseApiMutationResult sanitises response with 500 status code" name="parseApiMutationResult sanitises response with 500 status code" time="0">
    </testcase>
    <testcase classname="parseApiMutationResult unwraps nested Result field before parsing" name="parseApiMutationResult unwraps nested Result field before parsing" time="0">
    </testcase>
    <testcase classname="extractTaskIdFromUnknown extracts M-1234 pattern from plain string" name="extractTaskIdFromUnknown extracts M-1234 pattern from plain string" time="0">
    </testcase>
    <testcase classname="extractTaskIdFromUnknown extracts M-id from string with surrounding text" name="extractTaskIdFromUnknown extracts M-id from string with surrounding text" time="0.001">
    </testcase>
    <testcase classname="extractTaskIdFromUnknown extracts task id from object with taskId key" name="extractTaskIdFromUnknown extracts task id from object with taskId key" time="0.001">
    </testcase>
    <testcase classname="extractTaskIdFromUnknown extracts task id from array of objects" name="extractTaskIdFromUnknown extracts task id from array of objects" time="0.003">
    </testcase>
    <testcase classname="extractTaskIdFromUnknown extracts from JSON string" name="extractTaskIdFromUnknown extracts from JSON string" time="0">
    </testcase>
    <testcase classname="extractTaskIdFromUnknown returns empty string for null" name="extractTaskIdFromUnknown returns empty string for null" time="0.001">
    </testcase>
    <testcase classname="extractTaskIdFromUnknown returns empty string for empty string" name="extractTaskIdFromUnknown returns empty string for empty string" time="0">
    </testcase>
    <testcase classname="extractTaskIdFromUnknown returns empty string when no task id pattern found" name="extractTaskIdFromUnknown returns empty string when no task id pattern found" time="0.001">
    </testcase>
    <testcase classname="extractTaskIdFromUnknown returns empty string for undefined" name="extractTaskIdFromUnknown returns empty string for undefined" time="0">
    </testcase>
  </testsuite>
  <testsuite name="SvtSubmitSalesVerification model" errors="0" failures="0" skipped="0" timestamp="2026-04-28T10:07:42" time="0.235" tests="49">
    <testcase classname="SvtSubmitSalesVerification model model interface completeness outer request has saleId, saleSubmitPayload, saleSubmitRemarks" name="SvtSubmitSalesVerification model model interface completeness outer request has saleId, saleSubmitPayload, saleSubmitRemarks" time="0.001">
    </testcase>
    <testcase classname="SvtSubmitSalesVerification model model interface completeness inner payload body declares three sections" name="SvtSubmitSalesVerification model model interface completeness inner payload body declares three sections" time="0.001">
    </testcase>
    <testcase classname="SvtSubmitSalesVerification model model interface completeness SubmitTaskDetails has canonical and legacy field names" name="SvtSubmitSalesVerification model model interface completeness SubmitTaskDetails has canonical and legacy field names" time="0.001">
    </testcase>
    <testcase classname="SvtSubmitSalesVerification model model interface completeness SubmitTaskStatus type covers all three known values" name="SvtSubmitSalesVerification model model interface completeness SubmitTaskStatus type covers all three known values" time="0.001">
    </testcase>
    <testcase classname="SvtSubmitSalesVerification model PCF merge logic alignment resolveTaskStatusForSalesVerificationAction returns Complete for complete action" name="SvtSubmitSalesVerification model PCF merge logic alignment resolveTaskStatusForSalesVerificationAction returns Complete for complete action" time="0">
    </testcase>
    <testcase classname="SvtSubmitSalesVerification model PCF merge logic alignment resolveTaskStatusForSalesVerificationAction returns QC Requested for first-time QC" name="SvtSubmitSalesVerification model PCF merge logic alignment resolveTaskStatusForSalesVerificationAction returns QC Requested for first-time QC" time="0">
    </testcase>
    <testcase classname="SvtSubmitSalesVerification model PCF merge logic alignment resolveTaskStatusForSalesVerificationAction returns Reassigned To QC when current is Assigned QC Failed" name="SvtSubmitSalesVerification model PCF merge logic alignment resolveTaskStatusForSalesVerificationAction returns Reassigned To QC when current is Assigned QC Failed" time="0.044">
    </testcase>
    <testcase classname="SvtSubmitSalesVerification model PCF merge logic alignment applySalesVerificationTaskStatus writes taskStatus, taskstatus, status" name="SvtSubmitSalesVerification model PCF merge logic alignment applySalesVerificationTaskStatus writes taskStatus, taskstatus, status" time="0">
    </testcase>
    <testcase classname="SvtSubmitSalesVerification model PCF merge logic alignment promoted master writes both canonical and legacy field names" name="SvtSubmitSalesVerification model PCF merge logic alignment promoted master writes both canonical and legacy field names" time="0.001">
    </testcase>
    <testcase classname="SvtSubmitSalesVerification model PCF merge logic alignment mergeSalesParticularDraftDetails maps particularNotes correctly" name="SvtSubmitSalesVerification model PCF merge logic alignment mergeSalesParticularDraftDetails maps particularNotes correctly" time="0">
    </testcase>
    <testcase classname="SvtSubmitSalesVerification model PCF merge logic alignment salesVerificationDetails fields use emptyToNull" name="SvtSubmitSalesVerification model PCF merge logic alignment salesVerificationDetails fields use emptyToNull" time="0.001">
    </testcase>
    <testcase classname="SvtSubmitSalesVerification model PCF merge logic alignment stripTaskIdPrefix is exported and used in controller submit flow" name="SvtSubmitSalesVerification model PCF merge logic alignment stripTaskIdPrefix is exported and used in controller submit flow" time="0">
    </testcase>
    <testcase classname="SvtSubmitSalesVerification model real payload: Complete (S-1004906) outer envelope has saleId and empty remarks" name="SvtSubmitSalesVerification model real payload: Complete (S-1004906) outer envelope has saleId and empty remarks" time="0.001">
    </testcase>
    <testcase classname="SvtSubmitSalesVerification model real payload: Complete (S-1004906) inner payload has all three sections" name="SvtSubmitSalesVerification model real payload: Complete (S-1004906) inner payload has all three sections" time="0">
    </testcase>
    <testcase classname="SvtSubmitSalesVerification model real payload: Complete (S-1004906) taskStatus is Complete" name="SvtSubmitSalesVerification model real payload: Complete (S-1004906) taskStatus is Complete" time="0">
    </testcase>
    <testcase classname="SvtSubmitSalesVerification model real payload: Complete (S-1004906) salesSource is WLTT with wlttId populated" name="SvtSubmitSalesVerification model real payload: Complete (S-1004906) salesSource is WLTT with wlttId populated" time="0.001">
    </testcase>
    <testcase classname="SvtSubmitSalesVerification model real payload: Complete (S-1004906) requestedBy is a GUID" name="SvtSubmitSalesVerification model real payload: Complete (S-1004906) requestedBy is a GUID" time="0">
    </testcase>
    <testcase classname="SvtSubmitSalesVerification model real payload: Complete (S-1004906) salesParticularDetails has all form fields populated" name="SvtSubmitSalesVerification model real payload: Complete (S-1004906) salesParticularDetails has all form fields populated" time="0.001">
    </testcase>
    <testcase classname="SvtSubmitSalesVerification model real payload: Complete (S-1004906) salesVerificationDetails has isSaleUseful=No" name="SvtSubmitSalesVerification model real payload: Complete (S-1004906) salesVerificationDetails has isSaleUseful=No" time="0">
    </testcase>
    <testcase classname="SvtSubmitSalesVerification model real payload: Reassigned To QC (S-1004839) outer has remarks for QC resubmission" name="SvtSubmitSalesVerification model real payload: Reassigned To QC (S-1004839) outer has remarks for QC resubmission" time="0.001">
    </testcase>
    <testcase classname="SvtSubmitSalesVerification model real payload: Reassigned To QC (S-1004839) taskStatus is Reassigned To QC" name="SvtSubmitSalesVerification model real payload: Reassigned To QC (S-1004839) taskStatus is Reassigned To QC" time="0">
    </testcase>
    <testcase classname="SvtSubmitSalesVerification model real payload: Reassigned To QC (S-1004839) salesParticularDetails tolerates null fields" name="SvtSubmitSalesVerification model real payload: Reassigned To QC (S-1004839) salesParticularDetails tolerates null fields" time="0.001">
    </testcase>
    <testcase classname="SvtSubmitSalesVerification model real payload: Reassigned To QC (S-1004839) padConfirmation is Data enhancement job not required" name="SvtSubmitSalesVerification model real payload: Reassigned To QC (S-1004839) padConfirmation is Data enhancement job not required" time="0.013">
    </testcase>
    <testcase classname="SvtSubmitSalesVerification model real payload: Reassigned To QC (S-1004839) whyNotUseful has full reason text" name="SvtSubmitSalesVerification model real payload: Reassigned To QC (S-1004839) whyNotUseful has full reason text" time="0">
    </testcase>
    <testcase classname="SvtSubmitSalesVerification model real payload: QC Requested (S-1004899) outer has qc remarks" name="SvtSubmitSalesVerification model real payload: QC Requested (S-1004899) outer has qc remarks" time="0.001">
    </testcase>
    <testcase classname="SvtSubmitSalesVerification model real payload: QC Requested (S-1004899) taskStatus is QC Requested" name="SvtSubmitSalesVerification model real payload: QC Requested (S-1004899) taskStatus is QC Requested" time="0">
    </testcase>
    <testcase classname="SvtSubmitSalesVerification model real payload: QC Requested (S-1004899) all form fields are present (mix of populated and null)" name="SvtSubmitSalesVerification model real payload: QC Requested (S-1004899) all form fields are present (mix of populated and null)" time="0.001">
    </testcase>
    <testcase classname="SvtSubmitSalesVerification model merge + build end-to-end flow Complete action sets taskStatus to Complete" name="SvtSubmitSalesVerification model merge + build end-to-end flow Complete action sets taskStatus to Complete" time="0.004">
    </testcase>
    <testcase classname="SvtSubmitSalesVerification model merge + build end-to-end flow QC Requested action sets taskStatus to QC Requested" name="SvtSubmitSalesVerification model merge + build end-to-end flow QC Requested action sets taskStatus to QC Requested" time="0.001">
    </testcase>
    <testcase classname="SvtSubmitSalesVerification model merge + build end-to-end flow Reassigned To QC when current status is Assigned QC Failed" name="SvtSubmitSalesVerification model merge + build end-to-end flow Reassigned To QC when current status is Assigned QC Failed" time="0">
    </testcase>
    <testcase classname="SvtSubmitSalesVerification model merge + build end-to-end flow remarks default to null when not provided for Complete" name="SvtSubmitSalesVerification model merge + build end-to-end flow remarks default to null when not provided for Complete" time="0.001">
    </testcase>
    <testcase classname="SvtSubmitSalesVerification model merge + build end-to-end flow promoted WLTT master sets wlttId and clears lrppdId" name="SvtSubmitSalesVerification model merge + build end-to-end flow promoted WLTT master sets wlttId and clears lrppdId" time="0.006">
    </testcase>
    <testcase classname="SvtSubmitSalesVerification model merge + build end-to-end flow promoted LRPPD master sets lrppdId and clears wlttId" name="SvtSubmitSalesVerification model merge + build end-to-end flow promoted LRPPD master sets lrppdId and clears wlttId" time="0.001">
    </testcase>
    <testcase classname="SvtSubmitSalesVerification model merge + build end-to-end flow padConfirmation text mapping for job-created key" name="SvtSubmitSalesVerification model merge + build end-to-end flow padConfirmation text mapping for job-created key" time="0.001">
    </testcase>
    <testcase classname="SvtSubmitSalesVerification model merge + build end-to-end flow three sections only — no extra keys in submit payload" name="SvtSubmitSalesVerification model merge + build end-to-end flow three sections only — no extra keys in submit payload" time="0.002">
    </testcase>
    <testcase classname="SvtSubmitSalesVerification model merge + build end-to-end flow empty draft fields become null in submit payload" name="SvtSubmitSalesVerification model merge + build end-to-end flow empty draft fields become null in submit payload" time="0.004">
    </testcase>
    <testcase classname="SvtSubmitSalesVerification model merge + build end-to-end flow requestedBy is set to current user ID in submit payload" name="SvtSubmitSalesVerification model merge + build end-to-end flow requestedBy is set to current user ID in submit payload" time="0">
    </testcase>
    <testcase classname="SvtSubmitSalesVerification model merge + build end-to-end flow taskId with A- prefix is stripped to digits only" name="SvtSubmitSalesVerification model merge + build end-to-end flow taskId with A- prefix is stripped to digits only" time="0.001">
    </testcase>
    <testcase classname="SvtSubmitSalesVerification model merge + build end-to-end flow taskId with M- prefix is stripped to digits only" name="SvtSubmitSalesVerification model merge + build end-to-end flow taskId with M- prefix is stripped to digits only" time="0.001">
    </testcase>
    <testcase classname="SvtSubmitSalesVerification model merge + build end-to-end flow taskId without prefix is left unchanged" name="SvtSubmitSalesVerification model merge + build end-to-end flow taskId without prefix is left unchanged" time="0.001">
    </testcase>
    <testcase classname="SvtSubmitSalesVerification model PCF ↔ Plugin field alignment PCF writes both wlttId and wltId for plugin compatibility" name="SvtSubmitSalesVerification model PCF ↔ Plugin field alignment PCF writes both wlttId and wltId for plugin compatibility" time="0">
    </testcase>
    <testcase classname="SvtSubmitSalesVerification model PCF ↔ Plugin field alignment PCF writes both lrppdId and lrpddId for plugin compatibility" name="SvtSubmitSalesVerification model PCF ↔ Plugin field alignment PCF writes both lrppdId and lrpddId for plugin compatibility" time="0">
    </testcase>
    <testcase classname="SvtSubmitSalesVerification model PCF ↔ Plugin field alignment PCF writes both salesSource and saleSource for plugin compatibility" name="SvtSubmitSalesVerification model PCF ↔ Plugin field alignment PCF writes both salesSource and saleSource for plugin compatibility" time="0">
    </testcase>
    <testcase classname="SvtSubmitSalesVerification model PCF ↔ Plugin field alignment PCF writes both particularNotes and particularsNotes" name="SvtSubmitSalesVerification model PCF ↔ Plugin field alignment PCF writes both particularNotes and particularsNotes" time="0">
    </testcase>
    <testcase classname="SvtSubmitSalesVerification model auto-navigate back on submit success controller exposes submitSuccessMessage getter and clearSubmitSuccessMessage" name="SvtSubmitSalesVerification model auto-navigate back on submit success controller exposes submitSuccessMessage getter and clearSubmitSuccessMessage" time="0.001">
    </testcase>
    <testcase classname="SvtSubmitSalesVerification model auto-navigate back on submit success controller exposes closeDetailsAfterSubmit for delayed post-submit return" name="SvtSubmitSalesVerification model auto-navigate back on submit success controller exposes closeDetailsAfterSubmit for delayed post-submit return" time="0">
    </testcase>
    <testcase classname="SvtSubmitSalesVerification model auto-navigate back on submit success section owns post-submit success messaging and delayed return" name="SvtSubmitSalesVerification model auto-navigate back on submit success section owns post-submit success messaging and delayed return" time="0">
    </testcase>
    <testcase classname="SvtSubmitSalesVerification model auto-navigate back on submit success index passes submitSuccessMessage and onDismissSubmitSuccess to ControlShell" name="SvtSubmitSalesVerification model auto-navigate back on submit success index passes submitSuccessMessage and onDismissSubmitSuccess to ControlShell" time="0.001">
    </testcase>
    <testcase classname="SvtSubmitSalesVerification model auto-navigate back on submit success ControlShell renders success MessageBar with auto-dismiss" name="SvtSubmitSalesVerification model auto-navigate back on submit success ControlShell renders success MessageBar with auto-dismiss" time="0">
    </testcase>
  </testsuite>
  <testsuite name="getSales API user name mapping" errors="0" failures="0" skipped="0" timestamp="2026-04-28T10:07:39" time="3.382" tests="34">
    <testcase classname="getSales API user name mapping unwrapCustomApiPayload — APIM envelopes unwraps nested response.Result payload with pageInfo and sales items" name="getSales API user name mapping unwrapCustomApiPayload — APIM envelopes unwraps nested response.Result payload with pageInfo and sales items" time="0.03">
    </testcase>
    <testcase classname="getSales API user name mapping normalizeSearchResponse — assignedToUserList extraction userLookup maps lowercased GUIDs to display names" name="getSales API user name mapping normalizeSearchResponse — assignedToUserList extraction userLookup maps lowercased GUIDs to display names" time="0.001">
    </testcase>
    <testcase classname="getSales API user name mapping normalizeSearchResponse — assignedToUserList extraction userFilterOptions[assignedto] builds {key, text} option objects" name="getSales API user name mapping normalizeSearchResponse — assignedToUserList extraction userFilterOptions[assignedto] builds {key, text} option objects" time="0.043">
    </testcase>
    <testcase classname="getSales API user name mapping normalizeSearchResponse — assignedToUserList extraction userFilterOptions[qcassignedto] builds {key, text} option objects" name="getSales API user name mapping normalizeSearchResponse — assignedToUserList extraction userFilterOptions[qcassignedto] builds {key, text} option objects" time="0.002">
    </testcase>
    <testcase classname="getSales API user name mapping normalizeSearchResponse — assignedToUserList extraction user list keys are stripped from regular filters" name="getSales API user name mapping normalizeSearchResponse — assignedToUserList extraction user list keys are stripped from regular filters" time="0.001">
    </testcase>
    <testcase classname="getSales API user name mapping normalizeSearchResponse — assignedToUserList extraction regular filter values pass through unchanged" name="getSales API user name mapping normalizeSearchResponse — assignedToUserList extraction regular filter values pass through unchanged" time="0">
    </testcase>
    <testcase classname="getSales API user name mapping normalizeSearchResponse — assignedToUserList extraction inactive users (isActive: false) are still included in lookup and options" name="getSales API user name mapping normalizeSearchResponse — assignedToUserList extraction inactive users (isActive: false) are still included in lookup and options" time="0.001">
    </testcase>
    <testcase classname="getSales API user name mapping normalizeSearchResponse — assignedToUserList extraction option keys use lowercased user IDs" name="getSales API user name mapping normalizeSearchResponse — assignedToUserList extraction option keys use lowercased user IDs" time="0">
    </testcase>
    <testcase classname="getSales API user name mapping normalizeSearchResponse — assignedToUserList extraction user options are alphabetically sorted by display name and deduplicated by GUID" name="getSales API user name mapping normalizeSearchResponse — assignedToUserList extraction user options are alphabetically sorted by display name and deduplicated by GUID" time="0.001">
    </testcase>
    <testcase classname="getSales API user name mapping normalizeSearchResponse — no user lists userLookup is undefined when no user list keys in filters" name="getSales API user name mapping normalizeSearchResponse — no user lists userLookup is undefined when no user list keys in filters" time="0">
    </testcase>
    <testcase classname="getSales API user name mapping normalizeSearchResponse — no user lists userFilterOptions is undefined when no user list keys in filters" name="getSales API user name mapping normalizeSearchResponse — no user lists userFilterOptions is undefined when no user list keys in filters" time="0.001">
    </testcase>
    <testcase classname="getSales API user name mapping normalizeSearchResponse — no user lists userLookup is undefined when only qcAssignedToUserList is absent" name="getSales API user name mapping normalizeSearchResponse — no user lists userLookup is undefined when only qcAssignedToUserList is absent" time="0">
    </testcase>
    <testcase classname="getSales API user name mapping normalizeSearchResponse — assignedToUserList only (no QC list) userFilterOptions[assignedto] is populated" name="getSales API user name mapping normalizeSearchResponse — assignedToUserList only (no QC list) userFilterOptions[assignedto] is populated" time="0">
    </testcase>
    <testcase classname="getSales API user name mapping normalizeSearchResponse — assignedToUserList only (no QC list) userFilterOptions[qcassignedto] is absent when no QC user list supplied" name="getSales API user name mapping normalizeSearchResponse — assignedToUserList only (no QC list) userFilterOptions[qcassignedto] is absent when no QC user list supplied" time="0.001">
    </testcase>
    <testcase classname="getSales API user name mapping normalizeSearchResponse — sales item name pass-through assignedToName is carried through from sales item" name="getSales API user name mapping normalizeSearchResponse — sales item name pass-through assignedToName is carried through from sales item" time="0">
    </testcase>
    <testcase classname="getSales API user name mapping normalizeSearchResponse — sales item name pass-through qcAssignedToName is carried through from sales item" name="getSales API user name mapping normalizeSearchResponse — sales item name pass-through qcAssignedToName is carried through from sales item" time="0.001">
    </testcase>
    <testcase classname="getSales API user name mapping normalizeSearchResponse — sales item name pass-through missing name fields produce undefined (not null)" name="getSales API user name mapping normalizeSearchResponse — sales item name pass-through missing name fields produce undefined (not null)" time="0">
    </testcase>
    <testcase classname="getSales API user name mapping normalizeSearchResponse — sales item name pass-through summaryFlags accepts array payloads (sort response contract)" name="getSales API user name mapping normalizeSearchResponse — sales item name pass-through summaryFlags accepts array payloads (sort response contract)" time="0.001">
    </testcase>
    <testcase classname="getSales API user name mapping normalizeSearchResponse — sales item name pass-through summaryFlags accepts comma/semicolon delimited payloads" name="getSales API user name mapping normalizeSearchResponse — sales item name pass-through summaryFlags accepts comma/semicolon delimited payloads" time="0.001">
    </testcase>
    <testcase classname="getSales API user name mapping normalizeSearchResponse — sales item name pass-through reviewFlags accepts array payloads (string values)" name="getSales API user name mapping normalizeSearchResponse — sales item name pass-through reviewFlags accepts array payloads (string values)" time="0.001">
    </testcase>
    <testcase classname="getSales API user name mapping normalizeSearchResponse — sales item name pass-through reviewFlags accepts object-array payloads and delimiter splitting" name="getSales API user name mapping normalizeSearchResponse — sales item name pass-through reviewFlags accepts object-array payloads and delimiter splitting" time="0">
    </testcase>
    <testcase classname="getSales API user name mapping displayFilterOptionsRich contract (DetailsListHost.tsx source) iterates both assignedto and qcassignedto filter fields" name="getSales API user name mapping displayFilterOptionsRich contract (DetailsListHost.tsx source) iterates both assignedto and qcassignedto filter fields" time="0.001">
    </testcase>
    <testcase classname="getSales API user name mapping displayFilterOptionsRich contract (DetailsListHost.tsx source) prefers API-supplied user options when available" name="getSales API user name mapping displayFilterOptionsRich contract (DetailsListHost.tsx source) prefers API-supplied user options when available" time="0">
    </testcase>
    <testcase classname="getSales API user name mapping displayFilterOptionsRich contract (DetailsListHost.tsx source) option text is updated from display name map when plugin cache is available" name="getSales API user name mapping displayFilterOptionsRich contract (DetailsListHost.tsx source) option text is updated from display name map when plugin cache is available" time="0">
    </testcase>
    <testcase classname="getSales API user name mapping displayFilterOptionsRich contract (DetailsListHost.tsx source) GUID key is preserved through the rich option mapping" name="getSales API user name mapping displayFilterOptionsRich contract (DetailsListHost.tsx source) GUID key is preserved through the rich option mapping" time="0">
    </testcase>
    <testcase classname="getSales API user name mapping displayFilterOptionsRich contract (DetailsListHost.tsx source) falls back to raw GUID strings with display map when no API user options" name="getSales API user name mapping displayFilterOptionsRich contract (DetailsListHost.tsx source) falls back to raw GUID strings with display map when no API user options" time="0">
    </testcase>
    <testcase classname="getSales API user name mapping displayFilterOptionsRich contract (DetailsListHost.tsx source) apiUserLookup and apiUserFilterOptions state is held in DetailsListHost" name="getSales API user name mapping displayFilterOptionsRich contract (DetailsListHost.tsx source) apiUserLookup and apiUserFilterOptions state is held in DetailsListHost" time="0">
    </testcase>
    <testcase classname="getSales API user name mapping displayFilterOptionsRich contract (DetailsListHost.tsx source) preserves assigned/qc assigned ID fields for GUID-backed filtering" name="getSales API user name mapping displayFilterOptionsRich contract (DetailsListHost.tsx source) preserves assigned/qc assigned ID fields for GUID-backed filtering" time="0.001">
    </testcase>
    <testcase classname="getSales API user name mapping displayFilterOptionsRich contract (DetailsListHost.tsx source) passes APIM filter options into Grid for synchronous column filter menus" name="getSales API user name mapping displayFilterOptionsRich contract (DetailsListHost.tsx source) passes APIM filter options into Grid for synchronous column filter menus" time="0">
    </testcase>
    <testcase classname="getSales API user name mapping displayFilterOptionsRich contract (DetailsListHost.tsx source) Grid prefers preloaded APIM column filter options before record-derived distinct values" name="getSales API user name mapping displayFilterOptionsRich contract (DetailsListHost.tsx source) Grid prefers preloaded APIM column filter options before record-derived distinct values" time="0">
    </testcase>
    <testcase classname="getSales API user name mapping displayFilterOptionsRich contract (DetailsListHost.tsx source) Grid no longer excludes summary flag from async filter option loading" name="getSales API user name mapping displayFilterOptionsRich contract (DetailsListHost.tsx source) Grid no longer excludes summary flag from async filter option loading" time="0.001">
    </testcase>
    <testcase classname="getSales API user name mapping displayFilterOptionsRich contract (DetailsListHost.tsx source) normalizeFilterOptions splits semicolon-delimited multiSelect filter values" name="getSales API user name mapping displayFilterOptionsRich contract (DetailsListHost.tsx source) normalizeFilterOptions splits semicolon-delimited multiSelect filter values" time="0">
    </testcase>
    <testcase classname="getSales API user name mapping displayFilterOptionsRich contract (DetailsListHost.tsx source) summary/review/overall flag dropdown options are alphabetically sorted" name="getSales API user name mapping displayFilterOptionsRich contract (DetailsListHost.tsx source) summary/review/overall flag dropdown options are alphabetically sorted" time="0">
    </testcase>
    <testcase classname="getSales API user name mapping displayFilterOptionsRich contract (DetailsListHost.tsx source) host sort normalizes multi-value strings and arrays to first-word keys" name="getSales API user name mapping displayFilterOptionsRich contract (DetailsListHost.tsx source) host sort normalizes multi-value strings and arrays to first-word keys" time="0.001">
    </testcase>
  </testsuite>
  <testsuite name="SALES_COLUMNS alignment" errors="0" failures="0" skipped="0" timestamp="2026-04-28T10:07:42" time="0.274" tests="55">
    <testcase classname="SALES_COLUMNS alignment vertical alignment every column has ColVerticalAlign = center" name="SALES_COLUMNS alignment vertical alignment every column has ColVerticalAlign = center" time="0.003">
    </testcase>
    <testcase classname="SALES_COLUMNS alignment identifier columns (left horizontal) saleid -&gt; ColHorizontalAlign = left" name="SALES_COLUMNS alignment identifier columns (left horizontal) saleid -&gt; ColHorizontalAlign = left" time="0">
    </testcase>
    <testcase classname="SALES_COLUMNS alignment identifier columns (center horizontal) taskid -&gt; ColHorizontalAlign = center" name="SALES_COLUMNS alignment identifier columns (center horizontal) taskid -&gt; ColHorizontalAlign = center" time="0">
    </testcase>
    <testcase classname="SALES_COLUMNS alignment identifier columns (center horizontal) uprn -&gt; ColHorizontalAlign = center" name="SALES_COLUMNS alignment identifier columns (center horizontal) uprn -&gt; ColHorizontalAlign = center" time="0.001">
    </testcase>
    <testcase classname="SALES_COLUMNS alignment numeric/decimal columns (right horizontal) saleprice -&gt; ColHorizontalAlign = right" name="SALES_COLUMNS alignment numeric/decimal columns (right horizontal) saleprice -&gt; ColHorizontalAlign = right" time="0">
    </testcase>
    <testcase classname="SALES_COLUMNS alignment numeric/decimal columns (right horizontal) ratio -&gt; ColHorizontalAlign = right" name="SALES_COLUMNS alignment numeric/decimal columns (right horizontal) ratio -&gt; ColHorizontalAlign = right" time="0">
    </testcase>
    <testcase classname="SALES_COLUMNS alignment numeric/decimal columns (right horizontal) outlierratio -&gt; ColHorizontalAlign = right" name="SALES_COLUMNS alignment numeric/decimal columns (right horizontal) outlierratio -&gt; ColHorizontalAlign = right" time="0">
    </testcase>
    <testcase classname="SALES_COLUMNS alignment tag/status columns (center horizontal) flaggedforreview -&gt; ColHorizontalAlign = center" name="SALES_COLUMNS alignment tag/status columns (center horizontal) flaggedforreview -&gt; ColHorizontalAlign = center" time="0">
    </testcase>
    <testcase classname="SALES_COLUMNS alignment tag/status columns (left horizontal) reviewflags -&gt; ColHorizontalAlign = left" name="SALES_COLUMNS alignment tag/status columns (left horizontal) reviewflags -&gt; ColHorizontalAlign = left" time="0">
    </testcase>
    <testcase classname="SALES_COLUMNS alignment tag/status columns (left horizontal) overallflag -&gt; ColHorizontalAlign = left" name="SALES_COLUMNS alignment tag/status columns (left horizontal) overallflag -&gt; ColHorizontalAlign = left" time="0.001">
    </testcase>
    <testcase classname="SALES_COLUMNS alignment tag/status columns (left horizontal) summaryflags -&gt; ColHorizontalAlign = left" name="SALES_COLUMNS alignment tag/status columns (left horizontal) summaryflags -&gt; ColHorizontalAlign = left" time="0">
    </testcase>
    <testcase classname="SALES_COLUMNS alignment tag/status columns (left horizontal) taskstatus -&gt; ColHorizontalAlign = left" name="SALES_COLUMNS alignment tag/status columns (left horizontal) taskstatus -&gt; ColHorizontalAlign = left" time="0">
    </testcase>
    <testcase classname="SALES_COLUMNS alignment tag/status columns (tag cell type) flaggedforreview -&gt; ColCellType = tag" name="SALES_COLUMNS alignment tag/status columns (tag cell type) flaggedforreview -&gt; ColCellType = tag" time="0">
    </testcase>
    <testcase classname="SALES_COLUMNS alignment tag/status columns (tag cell type) reviewflags -&gt; ColCellType = tag" name="SALES_COLUMNS alignment tag/status columns (tag cell type) reviewflags -&gt; ColCellType = tag" time="0">
    </testcase>
    <testcase classname="SALES_COLUMNS alignment tag/status columns (tag cell type) overallflag -&gt; ColCellType = tag" name="SALES_COLUMNS alignment tag/status columns (tag cell type) overallflag -&gt; ColCellType = tag" time="0">
    </testcase>
    <testcase classname="SALES_COLUMNS alignment tag/status columns (tag cell type) summaryflags -&gt; ColCellType = tag" name="SALES_COLUMNS alignment tag/status columns (tag cell type) summaryflags -&gt; ColCellType = tag" time="0">
    </testcase>
    <testcase classname="SALES_COLUMNS alignment tag/status columns (tag cell type) taskstatus -&gt; ColCellType = tag" name="SALES_COLUMNS alignment tag/status columns (tag cell type) taskstatus -&gt; ColCellType = tag" time="0">
    </testcase>
    <testcase classname="SALES_COLUMNS alignment text columns (left horizontal) address -&gt; ColHorizontalAlign = left" name="SALES_COLUMNS alignment text columns (left horizontal) address -&gt; ColHorizontalAlign = left" time="0">
    </testcase>
    <testcase classname="SALES_COLUMNS alignment text columns (left horizontal) postcode -&gt; ColHorizontalAlign = left" name="SALES_COLUMNS alignment text columns (left horizontal) postcode -&gt; ColHorizontalAlign = left" time="0">
    </testcase>
    <testcase classname="SALES_COLUMNS alignment text columns (left horizontal) billingauthority -&gt; ColHorizontalAlign = left" name="SALES_COLUMNS alignment text columns (left horizontal) billingauthority -&gt; ColHorizontalAlign = left" time="0">
    </testcase>
    <testcase classname="SALES_COLUMNS alignment text columns (left horizontal) dwellingtype -&gt; ColHorizontalAlign = left" name="SALES_COLUMNS alignment text columns (left horizontal) dwellingtype -&gt; ColHorizontalAlign = left" time="0">
    </testcase>
    <testcase classname="SALES_COLUMNS alignment text columns (left horizontal) assignedto -&gt; ColHorizontalAlign = left" name="SALES_COLUMNS alignment text columns (left horizontal) assignedto -&gt; ColHorizontalAlign = left" time="0">
    </testcase>
    <testcase classname="SALES_COLUMNS alignment text columns (left horizontal) qcassignedto -&gt; ColHorizontalAlign = left" name="SALES_COLUMNS alignment text columns (left horizontal) qcassignedto -&gt; ColHorizontalAlign = left" time="0">
    </testcase>
    <testcase classname="SALES_COLUMNS alignment date columns (left horizontal) transactiondate -&gt; ColHorizontalAlign = left" name="SALES_COLUMNS alignment date columns (left horizontal) transactiondate -&gt; ColHorizontalAlign = left" time="0">
    </testcase>
    <testcase classname="SALES_COLUMNS alignment date columns (left horizontal) assigneddate -&gt; ColHorizontalAlign = left" name="SALES_COLUMNS alignment date columns (left horizontal) assigneddate -&gt; ColHorizontalAlign = left" time="0.001">
    </testcase>
    <testcase classname="SALES_COLUMNS alignment date columns (left horizontal) taskcompleteddate -&gt; ColHorizontalAlign = left" name="SALES_COLUMNS alignment date columns (left horizontal) taskcompleteddate -&gt; ColHorizontalAlign = left" time="0">
    </testcase>
    <testcase classname="SALES_COLUMNS alignment date columns (left horizontal) qcassigneddate -&gt; ColHorizontalAlign = left" name="SALES_COLUMNS alignment date columns (left horizontal) qcassigneddate -&gt; ColHorizontalAlign = left" time="0">
    </testcase>
    <testcase classname="SALES_COLUMNS alignment date columns (left horizontal) qccompleteddate -&gt; ColHorizontalAlign = left" name="SALES_COLUMNS alignment date columns (left horizontal) qccompleteddate -&gt; ColHorizontalAlign = left" time="0">
    </testcase>
    <testcase classname="SALES_COLUMNS alignment completeness no column is missing ColHorizontalAlign" name="SALES_COLUMNS alignment completeness no column is missing ColHorizontalAlign" time="0">
    </testcase>
    <testcase classname="SALES_COLUMNS alignment completeness no column is missing ColVerticalAlign" name="SALES_COLUMNS alignment completeness no column is missing ColVerticalAlign" time="0.001">
    </testcase>
    <testcase classname="profile delegation &quot;manager&quot; profile resolves to the SALES column set" name="profile delegation &quot;manager&quot; profile resolves to the SALES column set" time="0">
    </testcase>
    <testcase classname="profile delegation &quot;qa&quot; profile resolves to the SALES column set" name="profile delegation &quot;qa&quot; profile resolves to the SALES column set" time="0">
    </testcase>
    <testcase classname="profile delegation &quot;qaassign&quot; profile resolves to the SALES column set" name="profile delegation &quot;qaassign&quot; profile resolves to the SALES column set" time="0">
    </testcase>
    <testcase classname="profile delegation &quot;qaview&quot; profile resolves to the SALES column set" name="profile delegation &quot;qaview&quot; profile resolves to the SALES column set" time="0">
    </testcase>
    <testcase classname="profile delegation &quot;sales&quot; profile resolves to the SALES column set" name="profile delegation &quot;sales&quot; profile resolves to the SALES column set" time="0.001">
    </testcase>
    <testcase classname="profile delegation unknown key falls back to sales profile" name="profile delegation unknown key falls back to sales profile" time="0">
    </testcase>
    <testcase classname="profile delegation known empty profiles fall back to sales profile" name="profile delegation known empty profiles fall back to sales profile" time="0">
    </testcase>
    <testcase classname="profile delegation trims and lowercases profile keys before resolving" name="profile delegation trims and lowercases profile keys before resolving" time="0">
    </testcase>
    <testcase classname="profile delegation empty key falls back to sales profile" name="profile delegation empty key falls back to sales profile" time="0">
    </testcase>
    <testcase classname="profile delegation undefined key falls back to sales profile" name="profile delegation undefined key falls back to sales profile" time="0.001">
    </testcase>
    <testcase classname="alignment value contract all horizontal align values are in the allowed set" name="alignment value contract all horizontal align values are in the allowed set" time="0.001">
    </testcase>
    <testcase classname="alignment value contract all vertical align values are in the allowed set" name="alignment value contract all vertical align values are in the allowed set" time="0.001">
    </testcase>
    <testcase classname="currency format (ColFormat) profile config saleprice -&gt; ColFormat = currency" name="currency format (ColFormat) profile config saleprice -&gt; ColFormat = currency" time="0.001">
    </testcase>
    <testcase classname="currency format (ColFormat) profile config ratio does NOT have ColFormat" name="currency format (ColFormat) profile config ratio does NOT have ColFormat" time="0">
    </testcase>
    <testcase classname="currency format (ColFormat) profile config outlierratio does NOT have ColFormat" name="currency format (ColFormat) profile config outlierratio does NOT have ColFormat" time="0">
    </testcase>
    <testcase classname="currency format (ColFormat) applyFormat logic whole number -&gt; pounds prefix with thousands separator, no decimals" name="currency format (ColFormat) applyFormat logic whole number -&gt; pounds prefix with thousands separator, no decimals" time="0">
    </testcase>
    <testcase classname="currency format (ColFormat) applyFormat logic fractional value -&gt; pounds prefix with 2 decimal places" name="currency format (ColFormat) applyFormat logic fractional value -&gt; pounds prefix with 2 decimal places" time="0.001">
    </testcase>
    <testcase classname="currency format (ColFormat) applyFormat logic small whole number -&gt; no thousands separator" name="currency format (ColFormat) applyFormat logic small whole number -&gt; no thousands separator" time="0">
    </testcase>
    <testcase classname="currency format (ColFormat) applyFormat logic millions -&gt; correct thousands grouping" name="currency format (ColFormat) applyFormat logic millions -&gt; correct thousands grouping" time="0.007">
    </testcase>
    <testcase classname="currency format (ColFormat) applyFormat logic value already has pounds sign -&gt; still formats correctly" name="currency format (ColFormat) applyFormat logic value already has pounds sign -&gt; still formats correctly" time="0.001">
    </testcase>
    <testcase classname="currency format (ColFormat) applyFormat logic non-numeric value -&gt; returned unchanged" name="currency format (ColFormat) applyFormat logic non-numeric value -&gt; returned unchanged" time="0">
    </testcase>
    <testcase classname="currency format (ColFormat) applyFormat logic empty string -&gt; returned unchanged" name="currency format (ColFormat) applyFormat logic empty string -&gt; returned unchanged" time="0.001">
    </testcase>
    <testcase classname="currency format (ColFormat) applyFormat logic no format -&gt; value returned unchanged" name="currency format (ColFormat) applyFormat logic no format -&gt; value returned unchanged" time="0">
    </testcase>
    <testcase classname="currency format (ColFormat) applyFormat logic unknown format -&gt; value returned unchanged" name="currency format (ColFormat) applyFormat logic unknown format -&gt; value returned unchanged" time="0.002">
    </testcase>
    <testcase classname="tabular numerals contract applies tabular numerals to identifier, date, and numeric columns" name="tabular numerals contract applies tabular numerals to identifier, date, and numeric columns" time="0.003">
    </testcase>
  </testsuite>
  <testsuite name="CustomApi service helpers" errors="0" failures="0" skipped="0" timestamp="2026-04-28T10:07:42" time="0.246" tests="10">
    <testcase classname="CustomApi service helpers normalizeCustomApiName trims and collapses whitespace" name="CustomApi service helpers normalizeCustomApiName trims and collapses whitespace" time="0.001">
    </testcase>
    <testcase classname="CustomApi service helpers resolveCustomApiOperationType maps action to 0 and defaults to 1" name="CustomApi service helpers resolveCustomApiOperationType maps action to 0 and defaults to 1" time="0.001">
    </testcase>
    <testcase classname="CustomApi service helpers buildUnboundCustomApiRequest includes metadata and string parameter types" name="CustomApi service helpers buildUnboundCustomApiRequest includes metadata and string parameter types" time="0.001">
    </testcase>
    <testcase classname="CustomApi service helpers executeUnboundCustomApi parses JSON responses" name="CustomApi service helpers executeUnboundCustomApi parses JSON responses" time="0.003">
    </testcase>
    <testcase classname="CustomApi service helpers executeUnboundCustomApi returns empty object for empty response body" name="CustomApi service helpers executeUnboundCustomApi returns empty object for empty response body" time="0.001">
    </testcase>
    <testcase classname="CustomApi service helpers executeUnboundCustomApi returns plain text for non-JSON responses" name="CustomApi service helpers executeUnboundCustomApi returns plain text for non-JSON responses" time="0.001">
    </testcase>
    <testcase classname="CustomApi service helpers executeUnboundCustomApi uses global Xrm WebApi.online fallback" name="CustomApi service helpers executeUnboundCustomApi uses global Xrm WebApi.online fallback" time="0">
    </testcase>
    <testcase classname="CustomApi service helpers throws clear error when execute is unavailable" name="CustomApi service helpers throws clear error when execute is unavailable" time="0.023">
    </testcase>
    <testcase classname="CustomApi service helpers maps harness execute errors to friendly message" name="CustomApi service helpers maps harness execute errors to friendly message" time="0.017">
    </testcase>
    <testcase classname="CustomApi service helpers rethrows non-harness errors unchanged" name="CustomApi service helpers rethrows non-harness errors unchanged" time="0.002">
    </testcase>
  </testsuite>
  <testsuite name="table key helpers" errors="0" failures="0" skipped="0" timestamp="2026-04-28T10:07:42" time="0.119" tests="9">
    <testcase classname="table key helpers toKnownTableKey normalizes valid keys and rejects unknown values" name="table key helpers toKnownTableKey normalizes valid keys and rejects unknown values" time="0.002">
    </testcase>
    <testcase classname="table key helpers normalizeTableKey falls back to sales for invalid values" name="table key helpers normalizeTableKey falls back to sales for invalid values" time="0.001">
    </testcase>
    <testcase classname="resolveScreenConfig resolves direct screen names to expected configs" name="resolveScreenConfig resolves direct screen names to expected configs" time="0.001">
    </testcase>
    <testcase classname="resolveScreenConfig uses token matching for assignment screens" name="resolveScreenConfig uses token matching for assignment screens" time="0.001">
    </testcase>
    <testcase classname="resolveScreenConfig uses token matching for generic quality control assignment screens" name="resolveScreenConfig uses token matching for generic quality control assignment screens" time="0">
    </testcase>
    <testcase classname="resolveScreenConfig uses token matching for caseworker, qc view, and sales search screens" name="resolveScreenConfig uses token matching for caseworker, qc view, and sales search screens" time="0.001">
    </testcase>
    <testcase classname="resolveScreenConfig falls back to explicit tableKey when screen name is unknown" name="resolveScreenConfig falls back to explicit tableKey when screen name is unknown" time="0.001">
    </testcase>
    <testcase classname="resolveScreenConfig falls back to fallback table key when screen name and explicit table key are unknown" name="resolveScreenConfig falls back to fallback table key when screen name and explicit table key are unknown" time="0">
    </testcase>
    <testcase classname="resolveScreenConfig prefilter storage key is stable across screen name variants" name="resolveScreenConfig prefilter storage key is stable across screen name variants" time="0.001">
    </testcase>
  </testsuite>
  <testsuite name="WRT-198 View and Update Sales Verification Details AC" errors="0" failures="0" skipped="0" timestamp="2026-04-28T10:07:43" time="0.112" tests="5">
    <testcase classname="WRT-198 View and Update Sales Verification Details AC AC1: Sales Verification section is present and ordered after Sales Particulars" name="WRT-198 View and Update Sales Verification Details AC AC1: Sales Verification section is present and ordered after Sales Particulars" time="0.001">
    </testcase>
    <testcase classname="WRT-198 View and Update Sales Verification Details AC AC2: Is this sale useful uses mandatory Yes/No options with no default" name="WRT-198 View and Update Sales Verification Details AC AC2: Is this sale useful uses mandatory Yes/No options with no default" time="0.001">
    </testcase>
    <testcase classname="WRT-198 View and Update Sales Verification Details AC AC3: Why not useful remains visible and is enabled only when useful = No, with required validation" name="WRT-198 View and Update Sales Verification Details AC AC3: Why not useful remains visible and is enabled only when useful = No, with required validation" time="0.001">
    </testcase>
    <testcase classname="WRT-198 View and Update Sales Verification Details AC AC4: Additional Notes remains optional with 2000-character limit and remaining counter" name="WRT-198 View and Update Sales Verification Details AC AC4: Additional Notes remains optional with 2000-character limit and remaining counter" time="0">
    </testcase>
    <testcase classname="WRT-198 View and Update Sales Verification Details AC AC5: Validation errors are rendered as bold red field-level messages" name="WRT-198 View and Update Sales Verification Details AC AC5: Validation errors are rendered as bold red field-level messages" time="0.001">
    </testcase>
  </testsuite>
  <testsuite name="runtime qc section access" errors="0" failures="0" skipped="0" timestamp="2026-04-28T10:07:39" time="3.472" tests="5">
    <testcase classname="runtime qc section access caseworker sees QC section read-only when assigned and QC details exist" name="runtime qc section access caseworker sees QC section read-only when assigned and QC details exist" time="0.011">
    </testcase>
    <testcase classname="runtime qc section access caseworker does not see QC section when assigned but status is non-QC and no QC details exist" name="runtime qc section access caseworker does not see QC section when assigned but status is non-QC and no QC details exist" time="0.001">
    </testcase>
    <testcase classname="runtime qc section access caseworker sees QC section read-only for QC lifecycle status even when QC details are empty" name="runtime qc section access caseworker sees QC section read-only for QC lifecycle status even when QC details are empty" time="0.001">
    </testcase>
    <testcase classname="runtime qc section access QA user assigned in QC-editable status can submit QC outcome" name="runtime qc section access QA user assigned in QC-editable status can submit QC outcome" time="0.015">
    </testcase>
    <testcase classname="runtime qc section access mixed-role user falls back to caseworker visibility when not QC-assigned but assigned as caseworker" name="runtime qc section access mixed-role user falls back to caseworker visibility when not QC-assigned but assigned as caseworker" time="0.001">
    </testcase>
  </testsuite>
  <testsuite name="grid usability contract" errors="0" failures="0" skipped="0" timestamp="2026-04-28T10:07:43" time="0.118" tests="25">
    <testcase classname="grid usability contract keeps the selection column and Sale ID visible during horizontal scrolling so people do not lose row context" name="grid usability contract keeps the selection column and Sale ID visible during horizontal scrolling so people do not lose row context" time="0.025">
    </testcase>
    <testcase classname="grid usability contract makes active sort and filter state visually obvious so the current table state is easy to read" name="grid usability contract makes active sort and filter state visually obvious so the current table state is easy to read" time="0.001">
    </testcase>
    <testcase classname="grid usability contract shows page-range context and a visible overflow hint so people know where they are in the results" name="grid usability contract shows page-range context and a visible overflow hint so people know where they are in the results" time="0.001">
    </testcase>
    <testcase classname="grid usability contract commits a clear typed single-select match on dismiss so values do not snap back to the previous selection" name="grid usability contract commits a clear typed single-select match on dismiss so values do not snap back to the previous selection" time="0.001">
    </testcase>
    <testcase classname="grid usability contract keeps exact typed single-select queries active so typing UPRN does not reopen the full option list" name="grid usability contract keeps exact typed single-select queries active so typing UPRN does not reopen the full option list" time="0.001">
    </testcase>
    <testcase classname="grid usability contract keeps command-bar actions visibly labelled so compact layouts do not fall back to icon-only buttons" name="grid usability contract keeps command-bar actions visibly labelled so compact layouts do not fall back to icon-only buttons" time="0.001">
    </testcase>
    <testcase classname="grid usability contract enters compact mode only when browser zoom is above 120 percent" name="grid usability contract enters compact mode only when browser zoom is above 120 percent" time="0.001">
    </testcase>
    <testcase classname="grid usability contract keeps the search actions visually grouped with the active field instead of detaching them to the far edge" name="grid usability contract keeps the search actions visually grouped with the active field instead of detaching them to the far edge" time="0.001">
    </testcase>
    <testcase classname="grid usability contract shows dynamic required markers and a visible unavailable note in sales search so disabled search states are explained" name="grid usability contract shows dynamic required markers and a visible unavailable note in sales search so disabled search states are explained" time="0.002">
    </testcase>
    <testcase classname="grid usability contract lets Canvas own sales-record navigation loading and ignores repeat activations while navigation is pending" name="grid usability contract lets Canvas own sales-record navigation loading and ignores repeat activations while navigation is pending" time="0.002">
    </testcase>
    <testcase classname="grid usability contract gives the search and prefilter areas a visible but restrained shadow so they read as control sections" name="grid usability contract gives the search and prefilter areas a visible but restrained shadow so they read as control sections" time="0">
    </testcase>
    <testcase classname="grid usability contract renders Flagged for Review as yes/no chips instead of raw booleans so scanning is faster" name="grid usability contract renders Flagged for Review as yes/no chips instead of raw booleans so scanning is faster" time="0.001">
    </testcase>
    <testcase classname="grid usability contract abbreviates summary flags but preserves the full values in tooltips so dense flag sets remain readable" name="grid usability contract abbreviates summary flags but preserves the full values in tooltips so dense flag sets remain readable" time="0">
    </testcase>
    <testcase classname="grid usability contract uses semantic mapping helpers for task status and summary flags so future values can fall back safely" name="grid usability contract uses semantic mapping helpers for task status and summary flags so future values can fall back safely" time="0.001">
    </testcase>
    <testcase classname="grid usability contract uses visible button labels for inline grid actions instead of icon-only or clickable text links without button semantics" name="grid usability contract uses visible button labels for inline grid actions instead of icon-only or clickable text links without button semantics" time="0">
    </testcase>
    <testcase classname="grid usability contract shows a header-level new-tab cue on Address and keeps link-level aria context" name="grid usability contract shows a header-level new-tab cue on Address and keeps link-level aria context" time="0">
    </testcase>
    <testcase classname="grid usability contract gives tag cells visible overflow and a small vertical buffer so pill borders do not clip at the row edge" name="grid usability contract gives tag cells visible overflow and a small vertical buffer so pill borders do not clip at the row edge" time="0.001">
    </testcase>
    <testcase classname="grid usability contract shows compact prefilter selection summaries and reset notices so dependent filter changes are easier to understand" name="grid usability contract shows compact prefilter selection summaries and reset notices so dependent filter changes are easier to understand" time="0.001">
    </testcase>
    <testcase classname="grid usability contract keeps required markers on the actual required prefilter controls and shows a legend for what the star means" name="grid usability contract keeps required markers on the actual required prefilter controls and shows a legend for what the star means" time="0.001">
    </testcase>
    <testcase classname="grid usability contract keeps the column date filter apply button visible but disabled until an end date is selected" name="grid usability contract keeps the column date filter apply button visible but disabled until an end date is selected" time="0.001">
    </testcase>
    <testcase classname="grid usability contract shows a visible UPRN input hint so the digit-only restriction is obvious before typing" name="grid usability contract shows a visible UPRN input hint so the digit-only restriction is obvious before typing" time="0">
    </testcase>
    <testcase classname="grid usability contract strengthens selected-row treatment so multi-select actions are easier to verify before acting" name="grid usability contract strengthens selected-row treatment so multi-select actions are easier to verify before acting" time="0.001">
    </testcase>
    <testcase classname="grid usability contract restores summary-flag eq filter as array values so the shared multi-select ComboBox shows the previous selection" name="grid usability contract restores summary-flag eq filter as array values so the shared multi-select ComboBox shows the previous selection" time="0">
    </testcase>
    <testcase classname="grid usability contract treats single-value All selection as clearing only the active column filter" name="grid usability contract treats single-value All selection as clearing only the active column filter" time="0.001">
    </testcase>
    <testcase classname="grid usability contract keeps currently selected dropdown values in the options list when reopening a filter" name="grid usability contract keeps currently selected dropdown values in the options list when reopening a filter" time="0.002">
    </testcase>
  </testsuite>
  <testsuite name="svtDebug utility" errors="0" failures="0" skipped="0" timestamp="2026-04-28T10:07:42" time="0.229" tests="15">
    <testcase classname="svtDebug utility when SVT_DEBUG is enabled log calls console.log with prefix" name="svtDebug utility when SVT_DEBUG is enabled log calls console.log with prefix" time="0.002">
    </testcase>
    <testcase classname="svtDebug utility when SVT_DEBUG is enabled log passes multiple extra args" name="svtDebug utility when SVT_DEBUG is enabled log passes multiple extra args" time="0.001">
    </testcase>
    <testcase classname="svtDebug utility when SVT_DEBUG is enabled warn calls console.warn with prefix" name="svtDebug utility when SVT_DEBUG is enabled warn calls console.warn with prefix" time="0.007">
    </testcase>
    <testcase classname="svtDebug utility when SVT_DEBUG is enabled error calls console.error with prefix" name="svtDebug utility when SVT_DEBUG is enabled error calls console.error with prefix" time="0.001">
    </testcase>
    <testcase classname="svtDebug utility when SVT_DEBUG is enabled group calls console.groupCollapsed with combined label" name="svtDebug utility when SVT_DEBUG is enabled group calls console.groupCollapsed with combined label" time="0.001">
    </testcase>
    <testcase classname="svtDebug utility when SVT_DEBUG is enabled groupEnd calls console.groupEnd" name="svtDebug utility when SVT_DEBUG is enabled groupEnd calls console.groupEnd" time="0.001">
    </testcase>
    <testcase classname="svtDebug utility when SVT_DEBUG is enabled table calls console.log and console.table" name="svtDebug utility when SVT_DEBUG is enabled table calls console.log and console.table" time="0.001">
    </testcase>
    <testcase classname="svtDebug utility when SVT_DEBUG is disabled log does not call console.log" name="svtDebug utility when SVT_DEBUG is disabled log does not call console.log" time="0.001">
    </testcase>
    <testcase classname="svtDebug utility when SVT_DEBUG is disabled warn does not call console.warn" name="svtDebug utility when SVT_DEBUG is disabled warn does not call console.warn" time="0">
    </testcase>
    <testcase classname="svtDebug utility when SVT_DEBUG is disabled error does not call console.error" name="svtDebug utility when SVT_DEBUG is disabled error does not call console.error" time="0.003">
    </testcase>
    <testcase classname="svtDebug utility when SVT_DEBUG is disabled group does not call console.groupCollapsed" name="svtDebug utility when SVT_DEBUG is disabled group does not call console.groupCollapsed" time="0.002">
    </testcase>
    <testcase classname="svtDebug utility when SVT_DEBUG is disabled groupEnd does not call console.groupEnd" name="svtDebug utility when SVT_DEBUG is disabled groupEnd does not call console.groupEnd" time="0.001">
    </testcase>
    <testcase classname="svtDebug utility when SVT_DEBUG is disabled table does not call console.log or console.table" name="svtDebug utility when SVT_DEBUG is disabled table does not call console.log or console.table" time="0">
    </testcase>
    <testcase classname="svtDebug utility when SVT_DEBUG is set to a non-true value falsy string does not enable debug" name="svtDebug utility when SVT_DEBUG is set to a non-true value falsy string does not enable debug" time="0.001">
    </testcase>
    <testcase classname="svtDebug utility when SVT_DEBUG is set to a non-true value string &quot;true&quot; does not enable debug (must be boolean true)" name="svtDebug utility when SVT_DEBUG is set to a non-true value string &quot;true&quot; does not enable debug (must be boolean true)" time="0.001">
    </testcase>
  </testsuite>
  <testsuite name="view sale action rules" errors="0" failures="0" skipped="0" timestamp="2026-04-28T10:07:43" time="0.107" tests="24">
    <testcase classname="view sale action rules hasDisplayValue rejects blank and dash placeholder" name="view sale action rules hasDisplayValue rejects blank and dash placeholder" time="0.001">
    </testcase>
    <testcase classname="view sale action rules refresh action is disabled while loading" name="view sale action rules refresh action is disabled while loading" time="0">
    </testcase>
    <testcase classname="view sale action rules create task action enforces existing-task precedence" name="view sale action rules create task action enforces existing-task precedence" time="0.001">
    </testcase>
    <testcase classname="view sale action rules create task action is disabled without manager+caseworker access" name="view sale action rules create task action is disabled without manager+caseworker access" time="0">
    </testcase>
    <testcase classname="view sale action rules create task action is enabled only when all conditions pass" name="view sale action rules create task action is enabled only when all conditions pass" time="0">
    </testcase>
    <testcase classname="view sale action rules create task action is disabled while createTaskBusy is true" name="view sale action rules create task action is disabled while createTaskBusy is true" time="0.001">
    </testcase>
    <testcase classname="view sale action rules modify task action requires caseworker access and configured handler" name="view sale action rules modify task action requires caseworker access and configured handler" time="0">
    </testcase>
    <testcase classname="view sale action rules modify task action is disabled while modifyTaskBusy is true" name="view sale action rules modify task action is disabled while modifyTaskBusy is true" time="0">
    </testcase>
    <testcase classname="view sale action rules modify task action is visible only for complete states" name="view sale action rules modify task action is visible only for complete states" time="0.001">
    </testcase>
    <testcase classname="view sale action rules audit history action is disabled when handler is missing" name="view sale action rules audit history action is disabled when handler is missing" time="0">
    </testcase>
    <testcase classname="view sale action rules sales verification edit action requires caseworker progress access" name="view sale action rules sales verification edit action requires caseworker progress access" time="0.001">
    </testcase>
    <testcase classname="view sale action rules complete and submit actions inherit edit gate and handler gate" name="view sale action rules complete and submit actions inherit edit gate and handler gate" time="0">
    </testcase>
    <testcase classname="view sale action rules complete action is disabled for Assigned QC Failed status" name="view sale action rules complete action is disabled for Assigned QC Failed status" time="0.001">
    </testcase>
    <testcase classname="view sale action rules submit qc outcome action enforces assignment, role, selection, and fail-remarks rule" name="view sale action rules submit qc outcome action enforces assignment, role, selection, and fail-remarks rule" time="0">
    </testcase>
    <testcase classname="view sale action rules qc log action is disabled during busy state or missing handler" name="view sale action rules qc log action is disabled during busy state or missing handler" time="0.001">
    </testcase>
    <testcase classname="view sale action rules qc log is blocked for read-only caseworker context" name="view sale action rules qc log is blocked for read-only caseworker context" time="0">
    </testcase>
    <testcase classname="view sale action rules promote to master action requires records, non-master, editable mode, and handler" name="view sale action rules promote to master action requires records, non-master, editable mode, and handler" time="0.001">
    </testcase>
    <testcase classname="view sale action rules sales particular calculate action is disabled for read-only and non-updatable review states" name="view sale action rules sales particular calculate action is disabled for read-only and non-updatable review states" time="0">
    </testcase>
    <testcase classname="view sale action rules getSalesVerificationMandatoryValidation returns sale useful error when isSaleUsefulKey is missing" name="view sale action rules getSalesVerificationMandatoryValidation returns sale useful error when isSaleUsefulKey is missing" time="0.001">
    </testcase>
    <testcase classname="view sale action rules getSalesVerificationMandatoryValidation returns whyNotUseful error when sale is not useful and reason missing" name="view sale action rules getSalesVerificationMandatoryValidation returns whyNotUseful error when sale is not useful and reason missing" time="0">
    </testcase>
    <testcase classname="view sale action rules getSalesVerificationMandatoryValidation returns pad confirmation error when sale is useful and pad confirmation missing" name="view sale action rules getSalesVerificationMandatoryValidation returns pad confirmation error when sale is useful and pad confirmation missing" time="0.001">
    </testcase>
    <testcase classname="view sale action rules getSalesVerificationMandatoryValidation returns review status error when sales particulars review status is missing" name="view sale action rules getSalesVerificationMandatoryValidation returns review status error when sales particulars review status is missing" time="0">
    </testcase>
    <testcase classname="view sale action rules getSalesVerificationMandatoryValidation collects mandatory field errors when details are available but fields are empty" name="view sale action rules getSalesVerificationMandatoryValidation collects mandatory field errors when details are available but fields are empty" time="0.001">
    </testcase>
    <testcase classname="view sale action rules getSalesVerificationMandatoryValidation returns no errors when all mandatory fields are supplied" name="view sale action rules getSalesVerificationMandatoryValidation returns no errors when all mandatory fields are supplied" time="0">
    </testcase>
  </testsuite>
  <testsuite name="grid column filter engine" errors="0" failures="0" skipped="0" timestamp="2026-04-28T10:07:39" time="3.541" tests="37">
    <testcase classname="grid column filter engine textEq uses contains match to align with API" name="grid column filter engine textEq uses contains match to align with API" time="0.057">
    </testcase>
    <testcase classname="grid column filter engine returns all items when no active column filters" name="grid column filter engine returns all items when no active column filters" time="0.002">
    </testcase>
    <testcase classname="grid column filter engine singleSelect assignedto filter matches row by assignedtoid when filter value is a GUID" name="grid column filter engine singleSelect assignedto filter matches row by assignedtoid when filter value is a GUID" time="0.004">
    </testcase>
    <testcase classname="grid column filter engine singleSelect qcassignedto filter matches row by qcassignedtoid when filter value is a GUID" name="grid column filter engine singleSelect qcassignedto filter matches row by qcassignedtoid when filter value is a GUID" time="0.001">
    </testcase>
    <testcase classname="grid column filter engine summary flag eq matches token within array-backed summary flags" name="grid column filter engine summary flag eq matches token within array-backed summary flags" time="0.003">
    </testcase>
    <testcase classname="grid column filter engine summary flag eq matches token within semicolon-delimited string summary flags" name="grid column filter engine summary flag eq matches token within semicolon-delimited string summary flags" time="0.002">
    </testcase>
    <testcase classname="grid column filter engine summary flag contains matches token within array-backed summary flags" name="grid column filter engine summary flag contains matches token within array-backed summary flags" time="0.004">
    </testcase>
    <testcase classname="grid column filter engine summary flag contains matches token within semicolon-delimited string summary flags" name="grid column filter engine summary flag contains matches token within semicolon-delimited string summary flags" time="0.028">
    </testcase>
    <testcase classname="grid column filter engine summary flag notContains excludes token within array-backed summary flags" name="grid column filter engine summary flag notContains excludes token within array-backed summary flags" time="0.002">
    </testcase>
    <testcase classname="grid column filter engine summary flag notContains excludes token within semicolon-delimited string summary flags" name="grid column filter engine summary flag notContains excludes token within semicolon-delimited string summary flags" time="0.003">
    </testcase>
    <testcase classname="grid column filter engine dateRange column filter filters by from and to range (inclusive)" name="grid column filter engine dateRange column filter filters by from and to range (inclusive)" time="0.002">
    </testcase>
    <testcase classname="grid column filter engine dateRange column filter filters by from only (open-ended to)" name="grid column filter engine dateRange column filter filters by from only (open-ended to)" time="0.003">
    </testcase>
    <testcase classname="grid column filter engine dateRange column filter filters by to only (open-ended from)" name="grid column filter engine dateRange column filter filters by to only (open-ended from)" time="0.001">
    </testcase>
    <testcase classname="grid column filter engine dateRange column filter plain string value on dateRange column excludes rows with unparseable date (regression guard)" name="grid column filter engine dateRange column filter plain string value on dateRange column excludes rows with unparseable date (regression guard)" time="0.002">
    </testcase>
    <testcase classname="grid column filter engine dateRange column filter returns no rows when from &gt; to of all items" name="grid column filter engine dateRange column filter returns no rows when from &gt; to of all items" time="0.001">
    </testcase>
    <testcase classname="getActiveColumnFilters returns empty array for empty filter object" name="getActiveColumnFilters returns empty array for empty filter object" time="0.001">
    </testcase>
    <testcase classname="getActiveColumnFilters excludes blank string filters" name="getActiveColumnFilters excludes blank string filters" time="0">
    </testcase>
    <testcase classname="getActiveColumnFilters includes non-blank string filters" name="getActiveColumnFilters includes non-blank string filters" time="0">
    </testcase>
    <testcase classname="getActiveColumnFilters includes non-empty array filters" name="getActiveColumnFilters includes non-empty array filters" time="0">
    </testcase>
    <testcase classname="getActiveColumnFilters excludes empty array filters" name="getActiveColumnFilters excludes empty array filters" time="0">
    </testcase>
    <testcase classname="getActiveColumnFilters includes numeric &gt;= filter with min set" name="getActiveColumnFilters includes numeric &gt;= filter with min set" time="0.001">
    </testcase>
    <testcase classname="getActiveColumnFilters includes numeric &lt;= filter with max set" name="getActiveColumnFilters includes numeric &lt;= filter with max set" time="0">
    </testcase>
    <testcase classname="getActiveColumnFilters includes numeric between filter with any bound set" name="getActiveColumnFilters includes numeric between filter with any bound set" time="0.001">
    </testcase>
    <testcase classname="getActiveColumnFilters excludes numeric &gt;= filter with no min" name="getActiveColumnFilters excludes numeric &gt;= filter with no min" time="0.009">
    </testcase>
    <testcase classname="getActiveColumnFilters includes DateRange filter with from set" name="getActiveColumnFilters includes DateRange filter with from set" time="0">
    </testcase>
    <testcase classname="numeric column filter mode &gt;= includes items at or above min" name="numeric column filter mode &gt;= includes items at or above min" time="0.001">
    </testcase>
    <testcase classname="numeric column filter mode &lt;= includes items at or below max" name="numeric column filter mode &lt;= includes items at or below max" time="0.001">
    </testcase>
    <testcase classname="numeric column filter mode between includes items within min-max inclusive" name="numeric column filter mode between includes items within min-max inclusive" time="0.002">
    </testcase>
    <testcase classname="numeric column filter returns all items when between has no bounds" name="numeric column filter returns all items when between has no bounds" time="0.001">
    </testcase>
    <testcase classname="numeric column filter excludes non-numeric values" name="numeric column filter excludes non-numeric values" time="0.001">
    </testcase>
    <testcase classname="fallback filter (unconfigured field) string fallback: contains match on text value" name="fallback filter (unconfigured field) string fallback: contains match on text value" time="0.001">
    </testcase>
    <testcase classname="fallback filter (unconfigured field) string fallback: returns all when filter is blank" name="fallback filter (unconfigured field) string fallback: returns all when filter is blank" time="0.001">
    </testcase>
    <testcase classname="fallback filter (unconfigured field) array filterValue: matchesArrayFilter on array raw" name="fallback filter (unconfigured field) array filterValue: matchesArrayFilter on array raw" time="0.002">
    </testcase>
    <testcase classname="fallback filter (unconfigured field) array filterValue: falls back to exact text match on string raw" name="fallback filter (unconfigured field) array filterValue: falls back to exact text match on string raw" time="0.001">
    </testcase>
    <testcase classname="fallback filter (unconfigured field) string fallback: case-insensitive match on array raw items" name="fallback filter (unconfigured field) string fallback: case-insensitive match on array raw items" time="0.002">
    </testcase>
    <testcase classname="textPrefix column filter (uprn field) matches items whose uprn starts with the prefix" name="textPrefix column filter (uprn field) matches items whose uprn starts with the prefix" time="0.002">
    </testcase>
    <testcase classname="textPrefix column filter (uprn field) returns all items when filter is blank" name="textPrefix column filter (uprn field) returns all items when filter is blank" time="0.005">
    </testcase>
  </testsuite>
  <testsuite name="column filter query" errors="0" failures="0" skipped="0" timestamp="2026-04-28T10:07:42" time="0.22" tests="23">
    <testcase classname="column filter query returns empty string when no filters and no sort" name="column filter query returns empty string when no filters and no sort" time="0.001">
    </testcase>
    <testcase classname="column filter query uses eq for single select fields" name="column filter query uses eq for single select fields" time="0.001">
    </testcase>
    <testcase classname="column filter query uses like for text fields and encodes values" name="column filter query uses like for text fields and encodes values" time="0.001">
    </testcase>
    <testcase classname="column filter query keeps taskId prefixes and maps field to taskName in text filters" name="column filter query keeps taskId prefixes and maps field to taskName in text filters" time="0">
    </testcase>
    <testcase classname="column filter query does not append sort marker when sort is not provided" name="column filter query does not append sort marker when sort is not provided" time="0">
    </testcase>
    <testcase classname="column filter query uses in for multi select fields" name="column filter query uses in for multi select fields" time="0.001">
    </testcase>
    <testcase classname="column filter query serializes review flags as semicolon-delimited values with trailing semicolon" name="column filter query serializes review flags as semicolon-delimited values with trailing semicolon" time="0.001">
    </testcase>
    <testcase classname="column filter query serializes single review flag with trailing semicolon" name="column filter query serializes single review flag with trailing semicolon" time="0">
    </testcase>
    <testcase classname="column filter query serializes summary flag contains filters with semicolon-separated values" name="column filter query serializes summary flag contains filters with semicolon-separated values" time="0.001">
    </testcase>
    <testcase classname="column filter query serializes summary flag exact filters as eq with a single value and trailing semicolon" name="column filter query serializes summary flag exact filters as eq with a single value and trailing semicolon" time="0">
    </testcase>
    <testcase classname="column filter query serializes summary flag exact filters as eq with multiple values and trailing semicolon" name="column filter query serializes summary flag exact filters as eq with multiple values and trailing semicolon" time="0.001">
    </testcase>
    <testcase classname="column filter query serializes summary flag not-contains filters with the NTL operator and semicolons" name="column filter query serializes summary flag not-contains filters with the NTL operator and semicolons" time="0">
    </testcase>
    <testcase classname="column filter query builds numeric comparisons" name="column filter query builds numeric comparisons" time="0.001">
    </testcase>
    <testcase classname="column filter query formats date ranges as dd/MM/yyyy" name="column filter query formats date ranges as dd/MM/yyyy" time="0.001">
    </testcase>
    <testcase classname="column filter query maps task completed date filter field names for date ranges" name="column filter query maps task completed date filter field names for date ranges" time="0">
    </testcase>
    <testcase classname="column filter query handles numeric between with only min or max" name="column filter query handles numeric between with only min or max" time="0.001">
    </testcase>
    <testcase classname="column filter query handles date range with only from date as open-ended lower bound" name="column filter query handles date range with only from date as open-ended lower bound" time="0">
    </testcase>
    <testcase classname="column filter query handles date range with only to date as open-ended upper bound" name="column filter query handles date range with only to date as open-ended upper bound" time="0">
    </testcase>
    <testcase classname="column filter query drops empty array filters" name="column filter query drops empty array filters" time="0.001">
    </testcase>
    <testcase classname="column filter query appends sort marker" name="column filter query appends sort marker" time="0">
    </testcase>
    <testcase classname="column filter query returns sort marker when only sort is provided" name="column filter query returns sort marker when only sort is provided" time="0">
    </testcase>
    <testcase classname="column filter query normalizes sort field names for sort marker" name="column filter query normalizes sort field names for sort marker" time="0.001">
    </testcase>
    <testcase classname="column filter query normalizes task sort field to taskName for sort marker" name="column filter query normalizes task sort field to taskName for sort marker" time="0">
    </testcase>
  </testsuite>
  <testsuite name="grid data params" errors="0" failures="0" skipped="0" timestamp="2026-04-28T10:07:42" time="0.232" tests="3">
    <testcase classname="grid data params builds params with paging, source, sort, search, requestedBy, and keeps country/listYear gated off by default" name="grid data params builds params with paging, source, sort, search, requestedBy, and keeps country/listYear gated off by default" time="0.004">
    </testcase>
    <testcase classname="grid data params includes country/listYear when the gate is enabled" name="grid data params includes country/listYear when the gate is enabled" time="0.001">
    </testcase>
    <testcase classname="grid data params omits optional params when empty" name="grid data params omits optional params when empty" time="0.001">
    </testcase>
  </testsuite>
  <testsuite name="WRT-306 Manager Access to SVT AC" errors="0" failures="0" skipped="0" timestamp="2026-04-28T10:07:43" time="0.087" tests="3">
    <testcase classname="WRT-306 Manager Access to SVT AC AC1: manager persona has access to all required SVT screens" name="WRT-306 Manager Access to SVT AC AC1: manager persona has access to all required SVT screens" time="0.002">
    </testcase>
    <testcase classname="WRT-306 Manager Access to SVT AC AC1: required screen titles are present in home journey labels and tiles" name="WRT-306 Manager Access to SVT AC AC1: required screen titles are present in home journey labels and tiles" time="0.001">
    </testcase>
    <testcase classname="WRT-306 Manager Access to SVT AC AC1: each manager screen resolves to the expected internal grid config" name="WRT-306 Manager Access to SVT AC AC1: each manager screen resolves to the expected internal grid config" time="0.001">
    </testcase>
  </testsuite>
  <testsuite name="runtime context-routing" errors="0" failures="0" skipped="0" timestamp="2026-04-28T10:07:43" time="0.104" tests="10">
    <testcase classname="runtime context-routing resolveSharePointCatalogChunks normalizes incoming text values" name="runtime context-routing resolveSharePointCatalogChunks normalizes incoming text values" time="0.001">
    </testcase>
    <testcase classname="runtime context-routing normalizeJourneyContext trims values and handles missing input" name="runtime context-routing normalizeJourneyContext trims values and handles missing input" time="0.001">
    </testcase>
    <testcase classname="runtime context-routing isManagerHomeJourneyScreen returns true for empty and known home/workspace screens" name="runtime context-routing isManagerHomeJourneyScreen returns true for empty and known home/workspace screens" time="0">
    </testcase>
    <testcase classname="runtime context-routing isManagerHomeJourneyScreen returns false for unrelated screen names" name="runtime context-routing isManagerHomeJourneyScreen returns false for unrelated screen names" time="0">
    </testcase>
    <testcase classname="runtime context-routing resolveActiveRequestContext uses input context when manager journey is inactive" name="runtime context-routing resolveActiveRequestContext uses input context when manager journey is inactive" time="0">
    </testcase>
    <testcase classname="runtime context-routing resolveActiveRequestContext prefers manager journey context with fallback to input" name="runtime context-routing resolveActiveRequestContext prefers manager journey context with fallback to input" time="0.001">
    </testcase>
    <testcase classname="runtime context-routing isPcfViewSalesDetailsEnabled respects boolean raw values" name="runtime context-routing isPcfViewSalesDetailsEnabled respects boolean raw values" time="0">
    </testcase>
    <testcase classname="runtime context-routing isPcfViewSalesDetailsEnabled parses common string booleans" name="runtime context-routing isPcfViewSalesDetailsEnabled parses common string booleans" time="0.001">
    </testcase>
    <testcase classname="runtime context-routing isPcfViewSalesDetailsEnabled forces true on localhost when value is unknown" name="runtime context-routing isPcfViewSalesDetailsEnabled forces true on localhost when value is unknown" time="0">
    </testcase>
    <testcase classname="runtime context-routing isPcfViewSalesDetailsEnabled falls back to control config default outside localhost" name="runtime context-routing isPcfViewSalesDetailsEnabled falls back to control config default outside localhost" time="0">
    </testcase>
  </testsuite>
  <testsuite name="table column filter config" errors="0" failures="0" skipped="0" timestamp="2026-04-28T10:07:43" time="0.112" tests="13">
    <testcase classname="table column filter config shows Yes/No labels for flagged for review" name="table column filter config shows Yes/No labels for flagged for review" time="0.001">
    </testcase>
    <testcase classname="table column filter config keeps assigned-to fields as lookup single-selects across all table keys" name="table column filter config keeps assigned-to fields as lookup single-selects across all table keys" time="0.003">
    </testcase>
    <testcase classname="table column filter config returns undefined config for empty field name" name="table column filter config returns undefined config for empty field name" time="0">
    </testcase>
    <testcase classname="table column filter config normalizes field name lookup and table fallback" name="table column filter config normalizes field name lookup and table fallback" time="0">
    </testcase>
    <testcase classname="table column filter config returns false for lookup check when field name is missing" name="table column filter config returns false for lookup check when field name is missing" time="0.001">
    </testcase>
    <testcase classname="table column filter config unknown table falls back to sales search options and view-sales-record flag" name="table column filter config unknown table falls back to sales search options and view-sales-record flag" time="0">
    </testcase>
    <testcase classname="table column filter config maps single-day transactionDate and one-sided assigned dates" name="table column filter config maps single-day transactionDate and one-sided assigned dates" time="0.001">
    </testcase>
    <testcase classname="table column filter config maps operator numeric fields and between fallbacks" name="table column filter config maps operator numeric fields and between fallbacks" time="0.001">
    </testcase>
    <testcase classname="table column filter config maps transactionDate for to-only and differing from/to cases" name="table column filter config maps transactionDate for to-only and differing from/to cases" time="0">
    </testcase>
    <testcase classname="table column filter config maps summaryFlag operator variants including fallback" name="table column filter config maps summaryFlag operator variants including fallback" time="0.001">
    </testcase>
    <testcase classname="table column filter config merges prefilter params from table-specific prefilter mapper" name="table column filter config merges prefilter params from table-specific prefilter mapper" time="0.001">
    </testcase>
    <testcase classname="table column filter config maps all optional sales filter fields into API params" name="table column filter config maps all optional sales filter fields into API params" time="0.001">
    </testcase>
    <testcase classname="table column filter config returns fallback config and false view flag only when explicitly disabled" name="table column filter config returns fallback config and false view flag only when explicitly disabled" time="0.001">
    </testcase>
  </testsuite>
  <testsuite name="assignment helpers" errors="0" failures="0" skipped="0" timestamp="2026-04-28T10:07:43" time="0.148" tests="19">
    <testcase classname="assignment helpers manager assignment errors on mixed new/non-new statuses" name="assignment helpers manager assignment errors on mixed new/non-new statuses" time="0.001">
    </testcase>
    <testcase classname="assignment helpers manager assignment sets task status for all new" name="assignment helpers manager assignment sets task status for all new" time="0.001">
    </testcase>
    <testcase classname="assignment helpers manager assignment sends current task status for reassignment payload" name="assignment helpers manager assignment sends current task status for reassignment payload" time="0">
    </testcase>
    <testcase classname="assignment helpers manager assignment sends current task status for non-new allowed statuses" name="assignment helpers manager assignment sends current task status for non-new allowed statuses" time="0">
    </testcase>
    <testcase classname="assignment helpers manager assignment is restricted for Complete status" name="assignment helpers manager assignment is restricted for Complete status" time="0">
    </testcase>
    <testcase classname="assignment helpers manager assignment is restricted for Complete Passed QC status" name="assignment helpers manager assignment is restricted for Complete Passed QC status" time="0">
    </testcase>
    <testcase classname="assignment helpers qc assignment errors on mixed qc requested/non-qc requested" name="assignment helpers qc assignment errors on mixed qc requested/non-qc requested" time="0">
    </testcase>
    <testcase classname="assignment helpers qc assignment sends current status for complete-task reassignment" name="assignment helpers qc assignment sends current status for complete-task reassignment" time="0.001">
    </testcase>
    <testcase classname="assignment helpers qc assignment sends QC Requested when selected rows are QC Requested" name="assignment helpers qc assignment sends QC Requested when selected rows are QC Requested" time="0">
    </testcase>
    <testcase classname="assignment helpers qc assignment sends current status for assigned-to-qc reassignment" name="assignment helpers qc assignment sends current status for assigned-to-qc reassignment" time="0">
    </testcase>
    <testcase classname="assignment helpers qc assignment is restricted for Complete Passed QC status" name="assignment helpers qc assignment is restricted for Complete Passed QC status" time="0.001">
    </testcase>
    <testcase classname="assignment helpers enforces allowed statuses for non-assignment screens" name="assignment helpers enforces allowed statuses for non-assignment screens" time="0">
    </testcase>
    <testcase classname="assignment helpers parseAssignableUsersResponse handles empty result" name="assignment helpers parseAssignableUsersResponse handles empty result" time="0.001">
    </testcase>
    <testcase classname="assignment helpers parseAssignableUsersResponse handles invalid JSON" name="assignment helpers parseAssignableUsersResponse handles invalid JSON" time="0">
    </testcase>
    <testcase classname="assignment helpers parseAssignableUsersResponse handles success=false with message" name="assignment helpers parseAssignableUsersResponse handles success=false with message" time="0">
    </testcase>
    <testcase classname="assignment helpers parseAssignableUsersResponse handles success=true with users" name="assignment helpers parseAssignableUsersResponse handles success=true with users" time="0.002">
    </testcase>
    <testcase classname="assignment helpers resolveAssignedUserIdsToDisable matches manager assigned user by name" name="assignment helpers resolveAssignedUserIdsToDisable matches manager assigned user by name" time="0.006">
    </testcase>
    <testcase classname="assignment helpers resolveAssignedUserIdsToDisable matches qc assigned user by id and delimiters" name="assignment helpers resolveAssignedUserIdsToDisable matches qc assigned user by id and delimiters" time="0">
    </testcase>
    <testcase classname="assignment helpers resolveAssignedUserIdsToDisable ignores non-assignment screens" name="assignment helpers resolveAssignedUserIdsToDisable ignores non-assignment screens" time="0.001">
    </testcase>
  </testsuite>
  <testsuite name="grid state persistence" errors="0" failures="0" skipped="0" timestamp="2026-04-28T10:07:39" time="3.808" tests="13">
    <testcase classname="grid state persistence serializes column filters for storage" name="grid state persistence serializes column filters for storage" time="0.01">
    </testcase>
    <testcase classname="grid state persistence skips nullish, empty array, and empty scalar values during serialization" name="grid state persistence skips nullish, empty array, and empty scalar values during serialization" time="0.001">
    </testcase>
    <testcase classname="grid state persistence deserializes text, multi-select, numeric, and date filters" name="grid state persistence deserializes text, multi-select, numeric, and date filters" time="0.002">
    </testcase>
    <testcase classname="grid state persistence returns empty object for null, invalid json, and non-object stored values" name="grid state persistence returns empty object for null, invalid json, and non-object stored values" time="0.001">
    </testcase>
    <testcase classname="grid state persistence ignores invalid structured filters during restore" name="grid state persistence ignores invalid structured filters during restore" time="0.001">
    </testcase>
    <testcase classname="grid state persistence restores numeric modes for &gt;=, &lt;=, and one-sided between while rejecting invalid bounds" name="grid state persistence restores numeric modes for &gt;=, &lt;=, and one-sided between while rejecting invalid bounds" time="0.001">
    </testcase>
    <testcase classname="grid state persistence restores one-sided date ranges and rejects blank date payloads" name="grid state persistence restores one-sided date ranges and rejects blank date payloads" time="0.001">
    </testcase>
    <testcase classname="grid state persistence restores summary flag structured operator filter" name="grid state persistence restores summary flag structured operator filter" time="0.001">
    </testcase>
    <testcase classname="grid state persistence falls back to stored array for summary flag when structured payload is invalid" name="grid state persistence falls back to stored array for summary flag when structured payload is invalid" time="0.001">
    </testcase>
    <testcase classname="grid state persistence returns first value for configured single-select and unknown fields" name="grid state persistence returns first value for configured single-select and unknown fields" time="0.001">
    </testcase>
    <testcase classname="grid state persistence parses valid stored sort state" name="grid state persistence parses valid stored sort state" time="0">
    </testcase>
    <testcase classname="grid state persistence rejects invalid stored sort state" name="grid state persistence rejects invalid stored sort state" time="0.001">
    </testcase>
    <testcase classname="grid state persistence persists sort only when the user has an active sort" name="grid state persistence persists sort only when the user has an active sort" time="0.001">
    </testcase>
  </testsuite>
  <testsuite name="WRT-204 Accessing External Maps and Hyperlinks AC" errors="0" failures="0" skipped="0" timestamp="2026-04-28T10:07:43" time="0.055" tests="4">
    <testcase classname="WRT-204 Accessing External Maps and Hyperlinks AC AC1: Hyperlinks section appears under Sales Verification Task Details and shows required link titles" name="WRT-204 Accessing External Maps and Hyperlinks AC AC1: Hyperlinks section appears under Sales Verification Task Details and shows required link titles" time="0.002">
    </testcase>
    <testcase classname="WRT-204 Accessing External Maps and Hyperlinks AC AC2: VMS hyperlink uses configurable base URL, coordinates, and zoom level 13" name="WRT-204 Accessing External Maps and Hyperlinks AC AC2: VMS hyperlink uses configurable base URL, coordinates, and zoom level 13" time="0.001">
    </testcase>
    <testcase classname="WRT-204 Accessing External Maps and Hyperlinks AC AC3: Zoopla, Rightmove, and EPC hyperlinks use static URL parts and open in a new tab" name="WRT-204 Accessing External Maps and Hyperlinks AC AC3: Zoopla, Rightmove, and EPC hyperlinks use static URL parts and open in a new tab" time="0">
    </testcase>
    <testcase classname="WRT-204 Accessing External Maps and Hyperlinks AC AC4: missing link data renders disabled state with insufficient-data tooltip/message" name="WRT-204 Accessing External Maps and Hyperlinks AC AC4: missing link data renders disabled state with insufficient-data tooltip/message" time="0.001">
    </testcase>
  </testsuite>
  <testsuite name="WRT-200 Master Sales Record AC" errors="0" failures="0" skipped="0" timestamp="2026-04-28T10:07:43" time="0.109" tests="6">
    <testcase classname="WRT-200 Master Sales Record AC AC1: Master Sale section appears under Property Attribute Details" name="WRT-200 Master Sales Record AC AC1: Master Sale section appears under Property Attribute Details" time="0.001">
    </testcase>
    <testcase classname="WRT-200 Master Sales Record AC AC2: Master Sale fields and Repeat Sales labels are rendered with Latest Ratio Range" name="WRT-200 Master Sales Record AC AC2: Master Sale fields and Repeat Sales labels are rendered with Latest Ratio Range" time="0.001">
    </testcase>
    <testcase classname="WRT-200 Master Sales Record AC AC3: Ratio help text is exposed as tooltip text on the Ratio label" name="WRT-200 Master Sales Record AC AC3: Ratio help text is exposed as tooltip text on the Ratio label" time="0">
    </testcase>
    <testcase classname="WRT-200 Master Sales Record AC AC4: Master sale mapping supports legacy/new key shapes and applies currency/date formatting" name="WRT-200 Master Sales Record AC AC4: Master sale mapping supports legacy/new key shapes and applies currency/date formatting" time="0.001">
    </testcase>
    <testcase classname="WRT-200 Master Sales Record AC AC4b: Previous and latest ratio ranges are rounded to 2 decimal places" name="WRT-200 Master Sales Record AC AC4b: Previous and latest ratio ranges are rounded to 2 decimal places" time="0.001">
    </testcase>
    <testcase classname="WRT-200 Master Sales Record AC AC5: Delimited text values are normalized for comma spacing and multiline flag display" name="WRT-200 Master Sales Record AC AC5: Delimited text values are normalized for comma spacing and multiline flag display" time="0">
    </testcase>
  </testsuite>
  <testsuite name="WRT-203 Condition Scoring Model AC" errors="0" failures="0" skipped="0" timestamp="2026-04-28T10:07:43" time="0.057" tests="6">
    <testcase classname="WRT-203 Condition Scoring Model AC AC1: scoring model defines seven component weights and total equals 1.0" name="WRT-203 Condition Scoring Model AC AC1: scoring model defines seven component weights and total equals 1.0" time="0.002">
    </testcase>
    <testcase classname="WRT-203 Condition Scoring Model AC AC2: selected category uses the matching category score from scoring rows" name="WRT-203 Condition Scoring Model AC AC2: selected category uses the matching category score from scoring rows" time="0">
    </testcase>
    <testcase classname="WRT-203 Condition Scoring Model AC AC3: component score is category score multiplied by component weight" name="WRT-203 Condition Scoring Model AC AC3: component score is category score multiplied by component weight" time="0.001">
    </testcase>
    <testcase classname="WRT-203 Condition Scoring Model AC AC4: overall condition score sums component scores and is constrained to 0..1" name="WRT-203 Condition Scoring Model AC AC4: overall condition score sums component scores and is constrained to 0..1" time="0">
    </testcase>
    <testcase classname="WRT-203 Condition Scoring Model AC AC5: condition category thresholds classify Above Average, Average, and Below Average" name="WRT-203 Condition Scoring Model AC AC5: condition category thresholds classify Above Average, Average, and Below Average" time="0.001">
    </testcase>
    <testcase classname="WRT-203 Condition Scoring Model AC Note: condition score and condition category fields are non-editable" name="WRT-203 Condition Scoring Model AC Note: condition score and condition category fields are non-editable" time="0.001">
    </testcase>
  </testsuite>
  <testsuite name="runtime controller branch coverage helpers" errors="0" failures="0" skipped="0" timestamp="2026-04-28T10:07:39" time="3.771" tests="64">
    <testcase classname="runtime controller branch coverage helpers warmupAccessResolution exits early when already resolved" name="runtime controller branch coverage helpers warmupAccessResolution exits early when already resolved" time="0.085">
    </testcase>
    <testcase classname="runtime controller branch coverage helpers syncExternalReadonlyLaunch resets launch state when not readonly launch" name="runtime controller branch coverage helpers syncExternalReadonlyLaunch resets launch state when not readonly launch" time="0.002">
    </testcase>
    <testcase classname="runtime controller branch coverage helpers syncExternalReadonlyLaunch starts readonly flow and calls onTaskClick once" name="runtime controller branch coverage helpers syncExternalReadonlyLaunch starts readonly flow and calls onTaskClick once" time="0.005">
    </testcase>
    <testcase classname="runtime controller branch coverage helpers getFxEnvironmentUrl prefers page.getClientUrl and falls back on throw" name="runtime controller branch coverage helpers getFxEnvironmentUrl prefers page.getClientUrl and falls back on throw" time="0.002">
    </testcase>
    <testcase classname="runtime controller branch coverage helpers toUserContextRecord handles nested Result wrappers and json string payload" name="runtime controller branch coverage helpers toUserContextRecord handles nested Result wrappers and json string payload" time="0.003">
    </testcase>
    <testcase classname="runtime controller branch coverage helpers normalizeUserContextValues parses arrays and delimited strings" name="runtime controller branch coverage helpers normalizeUserContextValues parses arrays and delimited strings" time="0.005">
    </testcase>
    <testcase classname="runtime controller branch coverage helpers hasCaseworkerEvidence detects persona, matched names, and explicit flag" name="runtime controller branch coverage helpers hasCaseworkerEvidence detects persona, matched names, and explicit flag" time="0.002">
    </testcase>
    <testcase classname="runtime controller branch coverage helpers hasManagerEvidence and hasQaEvidence detect explicit flags" name="runtime controller branch coverage helpers hasManagerEvidence and hasQaEvidence detect explicit flags" time="0.001">
    </testcase>
    <testcase classname="runtime controller branch coverage helpers normalizeIdentityToken trims braces and lowercases" name="runtime controller branch coverage helpers normalizeIdentityToken trims braces and lowercases" time="0.002">
    </testcase>
    <testcase classname="runtime controller branch coverage helpers collectIdentityValues extracts nested ids/names from arrays and objects" name="runtime controller branch coverage helpers collectIdentityValues extracts nested ids/names from arrays and objects" time="0.002">
    </testcase>
    <testcase classname="runtime controller branch coverage helpers resolveTaskStatusFromSaleRecord checks multiple key spellings" name="runtime controller branch coverage helpers resolveTaskStatusFromSaleRecord checks multiple key spellings" time="0.001">
    </testcase>
    <testcase classname="runtime controller branch coverage helpers hasQcSectionDetails detects qc values across alternate keys" name="runtime controller branch coverage helpers hasQcSectionDetails detects qc values across alternate keys" time="0.001">
    </testcase>
    <testcase classname="runtime controller branch coverage helpers isManagerAssignmentContext detects from selected kind, table, and context screen" name="runtime controller branch coverage helpers isManagerAssignmentContext detects from selected kind, table, and context screen" time="0.002">
    </testcase>
    <testcase classname="runtime controller branch coverage helpers resolveSaleDetailsAccess branch outcomes" name="runtime controller branch coverage helpers resolveSaleDetailsAccess branch outcomes" time="0.002">
    </testcase>
    <testcase classname="runtime controller branch coverage helpers resolveQcSectionAccess branch outcomes" name="runtime controller branch coverage helpers resolveQcSectionAccess branch outcomes" time="0.004">
    </testcase>
    <testcase classname="runtime controller branch coverage helpers beginViewSaleRequest resets state unless retainSaleDetails is true" name="runtime controller branch coverage helpers beginViewSaleRequest resets state unless retainSaleDetails is true" time="0.001">
    </testcase>
    <testcase classname="runtime controller branch coverage helpers finishViewSaleRequest ignores stale request id" name="runtime controller branch coverage helpers finishViewSaleRequest ignores stale request id" time="0.001">
    </testcase>
    <testcase classname="runtime controller branch coverage helpers finishViewSaleRequest emits view action or notify depending on emitViewAction" name="runtime controller branch coverage helpers finishViewSaleRequest emits view action or notify depending on emitViewAction" time="0.001">
    </testcase>
    <testcase classname="runtime controller branch coverage helpers emitAction back resets selection outputs" name="runtime controller branch coverage helpers emitAction back resets selection outputs" time="0.001">
    </testcase>
    <testcase classname="runtime controller branch coverage helpers createManualTask throws for empty/blank sale ids" name="runtime controller branch coverage helpers createManualTask throws for empty/blank sale ids" time="0.134">
    </testcase>
    <testcase classname="runtime controller branch coverage helpers createManualTask throws when single sale already has task id" name="runtime controller branch coverage helpers createManualTask throws when single sale already has task id" time="0.001">
    </testcase>
    <testcase classname="runtime controller branch coverage helpers createManualTask throws when access role combination is insufficient" name="runtime controller branch coverage helpers createManualTask throws when access role combination is insufficient" time="0.006">
    </testcase>
    <testcase classname="runtime controller branch coverage helpers modifySvtTask throws for missing task id" name="runtime controller branch coverage helpers modifySvtTask throws for missing task id" time="0.002">
    </testcase>
    <testcase classname="runtime controller branch coverage helpers modifySvtTask throws for disallowed task status" name="runtime controller branch coverage helpers modifySvtTask throws for disallowed task status" time="0.001">
    </testcase>
    <testcase classname="runtime controller branch coverage helpers modifySvtTask throws when caseworker access is false after resolution" name="runtime controller branch coverage helpers modifySvtTask throws when caseworker access is false after resolution" time="0.001">
    </testcase>
    <testcase classname="runtime controller branch coverage helpers handleSalesVerificationTaskAction throws when caseworker access is missing" name="runtime controller branch coverage helpers handleSalesVerificationTaskAction throws when caseworker access is missing" time="0.002">
    </testcase>
    <testcase classname="runtime controller branch coverage helpers handleSalesVerificationTaskAction throws when sale id is missing" name="runtime controller branch coverage helpers handleSalesVerificationTaskAction throws when sale id is missing" time="0.001">
    </testcase>
    <testcase classname="runtime controller branch coverage helpers submitQcOutcome throws when caller is not QA or manager" name="runtime controller branch coverage helpers submitQcOutcome throws when caller is not QA or manager" time="0.002">
    </testcase>
    <testcase classname="runtime controller branch coverage helpers submitQcOutcome throws when task id is missing" name="runtime controller branch coverage helpers submitQcOutcome throws when task id is missing" time="0.008">
    </testcase>
    <testcase classname="runtime controller branch coverage helpers buildSalesVerificationSubmitPayload normalizes task id and includes requestedBy" name="runtime controller branch coverage helpers buildSalesVerificationSubmitPayload normalizes task id and includes requestedBy" time="0.001">
    </testcase>
    <testcase classname="runtime controller branch coverage helpers extractAssignedToCandidates and user token matching resolve assigned user" name="runtime controller branch coverage helpers extractAssignedToCandidates and user token matching resolve assigned user" time="0.005">
    </testcase>
    <testcase classname="runtime controller branch coverage helpers isSaleRecordQcAssignedToCurrentUser falls back to assignedTo in editable QC status" name="runtime controller branch coverage helpers isSaleRecordQcAssignedToCurrentUser falls back to assignedTo in editable QC status" time="0.002">
    </testcase>
    <testcase classname="runtime controller branch coverage helpers ensureCaseworkerAccess returns cached value when already resolved" name="runtime controller branch coverage helpers ensureCaseworkerAccess returns cached value when already resolved" time="0.003">
    </testcase>
    <testcase classname="runtime controller branch coverage helpers ensureCaseworkerAccess catch path clears access flags" name="runtime controller branch coverage helpers ensureCaseworkerAccess catch path clears access flags" time="0.13">
    </testcase>
    <testcase classname="runtime controller branch coverage helpers refreshDetails delegates to onTaskClick with selected ids" name="runtime controller branch coverage helpers refreshDetails delegates to onTaskClick with selected ids" time="0.001">
    </testcase>
    <testcase classname="runtime controller branch coverage helpers createManualTask success for single sale updates details and navigates" name="runtime controller branch coverage helpers createManualTask success for single sale updates details and navigates" time="0.003">
    </testcase>
    <testcase classname="runtime controller branch coverage helpers createManualTask success for multi-sale does not navigate to details" name="runtime controller branch coverage helpers createManualTask success for multi-sale does not navigate to details" time="0.001">
    </testcase>
    <testcase classname="runtime controller branch coverage helpers modifySvtTask success updates state and navigates" name="runtime controller branch coverage helpers modifySvtTask success updates state and navigates" time="0.004">
    </testcase>
    <testcase classname="runtime controller branch coverage helpers handleSalesVerificationTaskAction success emits action and updates ids" name="runtime controller branch coverage helpers handleSalesVerificationTaskAction success emits action and updates ids" time="0.002">
    </testcase>
    <testcase classname="runtime controller branch coverage helpers submitQcOutcome success emits action and updates details" name="runtime controller branch coverage helpers submitQcOutcome success emits action and updates details" time="0.015">
    </testcase>
    <testcase classname="runtime controller branch coverage helpers openAuditHistory and openQcLog emit action when task id is unavailable" name="runtime controller branch coverage helpers openAuditHistory and openQcLog emit action when task id is unavailable" time="0.002">
    </testcase>
    <testcase classname="runtime controller branch coverage helpers openAuditHistory merges API response when task id and api are available" name="runtime controller branch coverage helpers openAuditHistory merges API response when task id and api are available" time="0.002">
    </testcase>
    <testcase classname="runtime controller branch coverage helpers onTaskClick with missing saleId returns empty sale record and emits view action" name="runtime controller branch coverage helpers onTaskClick with missing saleId returns empty sale record and emits view action" time="0.003">
    </testcase>
    <testcase classname="runtime controller branch coverage helpers onTaskClick catches API failure and still completes view request" name="runtime controller branch coverage helpers onTaskClick catches API failure and still completes view request" time="0.004">
    </testcase>
    <testcase classname="runtime controller branch coverage helpers onTaskClick successful path enriches payload and completes request" name="runtime controller branch coverage helpers onTaskClick successful path enriches payload and completes request" time="0.008">
    </testcase>
    <testcase classname="runtime controller branch coverage helpers resolveCaseworkerAccess sets persona flags and entra object id from response" name="runtime controller branch coverage helpers resolveCaseworkerAccess sets persona flags and entra object id from response" time="0.008">
    </testcase>
    <testcase classname="runtime controller branch coverage helpers resolveCaseworkerAccess returns false when no evidence in payload" name="runtime controller branch coverage helpers resolveCaseworkerAccess returns false when no evidence in payload" time="0.002">
    </testcase>
    <testcase classname="runtime controller branch coverage helpers enrichWithHereditamentActiveRequest sets all active-request aliases to true" name="runtime controller branch coverage helpers enrichWithHereditamentActiveRequest sets all active-request aliases to true" time="0.002">
    </testcase>
    <testcase classname="runtime controller branch coverage helpers enrichWithResolvedUserNames populates missing name fields from resolution map" name="runtime controller branch coverage helpers enrichWithResolvedUserNames populates missing name fields from resolution map" time="0.003">
    </testcase>
    <testcase classname="runtime controller branch coverage helpers enrichWithResolvedUserNames returns original details when no salesVerificationTaskDetails" name="runtime controller branch coverage helpers enrichWithResolvedUserNames returns original details when no salesVerificationTaskDetails" time="0.001">
    </testcase>
    <testcase classname="runtime controller branch coverage helpers tryGetSaleDetailsRecord handles object, valid json string, and invalid string" name="runtime controller branch coverage helpers tryGetSaleDetailsRecord handles object, valid json string, and invalid string" time="0.001">
    </testcase>
    <testcase classname="runtime controller branch coverage helpers createManualTask returns generic failure when API response is empty" name="runtime controller branch coverage helpers createManualTask returns generic failure when API response is empty" time="0.001">
    </testcase>
    <testcase classname="runtime controller branch coverage helpers createManualTask surfaces parsed API failure message" name="runtime controller branch coverage helpers createManualTask surfaces parsed API failure message" time="0.002">
    </testcase>
    <testcase classname="runtime controller branch coverage helpers modifySvtTask returns generic failure when API response is empty" name="runtime controller branch coverage helpers modifySvtTask returns generic failure when API response is empty" time="0.001">
    </testcase>
    <testcase classname="runtime controller branch coverage helpers modifySvtTask throws when parsed API result is unsuccessful" name="runtime controller branch coverage helpers modifySvtTask throws when parsed API result is unsuccessful" time="0.001">
    </testcase>
    <testcase classname="runtime controller branch coverage helpers handleSalesVerificationTaskAction returns generic failure when mutation response is empty" name="runtime controller branch coverage helpers handleSalesVerificationTaskAction returns generic failure when mutation response is empty" time="0.001">
    </testcase>
    <testcase classname="runtime controller branch coverage helpers handleSalesVerificationTaskAction throws when mutation parse indicates failure" name="runtime controller branch coverage helpers handleSalesVerificationTaskAction throws when mutation parse indicates failure" time="0.001">
    </testcase>
    <testcase classname="runtime controller branch coverage helpers submitQcOutcome returns generic failure when mutation response is empty" name="runtime controller branch coverage helpers submitQcOutcome returns generic failure when mutation response is empty" time="0.001">
    </testcase>
    <testcase classname="runtime controller branch coverage helpers submitQcOutcome throws when parsed mutation indicates failure" name="runtime controller branch coverage helpers submitQcOutcome throws when parsed mutation indicates failure" time="0.001">
    </testcase>
    <testcase classname="runtime controller branch coverage helpers openAuditHistory writes fallback error when API call fails for existing task" name="runtime controller branch coverage helpers openAuditHistory writes fallback error when API call fails for existing task" time="0.002">
    </testcase>
    <testcase classname="runtime controller branch coverage helpers openQcLog handles API failure and writes fallback error message" name="runtime controller branch coverage helpers openQcLog handles API failure and writes fallback error message" time="0.003">
    </testcase>
    <testcase classname="runtime controller branch coverage helpers enrichWithHereditamentActiveRequest returns details unchanged when no hereditament id" name="runtime controller branch coverage helpers enrichWithHereditamentActiveRequest returns details unchanged when no hereditament id" time="0.001">
    </testcase>
    <testcase classname="runtime controller branch coverage helpers enrichWithHereditamentActiveRequest returns details unchanged when API is missing" name="runtime controller branch coverage helpers enrichWithHereditamentActiveRequest returns details unchanged when API is missing" time="0">
    </testcase>
    <testcase classname="runtime controller branch coverage helpers matchesKnownNameByContains supports exact, contains, reverse-contains and empty" name="runtime controller branch coverage helpers matchesKnownNameByContains supports exact, contains, reverse-contains and empty" time="0.001">
    </testcase>
  </testsuite>
  <testsuite name="home context comboboxes" errors="0" failures="0" skipped="0" timestamp="2026-04-28T10:07:43" time="0.058" tests="3">
    <testcase classname="home context comboboxes country and list year both render as combobox controls" name="home context comboboxes country and list year both render as combobox controls" time="0.002">
    </testcase>
    <testcase classname="home context comboboxes country combobox supports automation-friendly typed selection" name="home context comboboxes country combobox supports automation-friendly typed selection" time="0">
    </testcase>
    <testcase classname="home context comboboxes list year combobox clears stale selection while typing and backspacing" name="home context comboboxes list year combobox clears stale selection while typing and backspacing" time="0.001">
    </testcase>
  </testsuite>
  <testsuite name="UserResolutionService" errors="0" failures="0" skipped="0" timestamp="2026-04-28T10:07:43" time="0.081" tests="10">
    <testcase classname="UserResolutionService returns undefined for empty guid" name="UserResolutionService returns undefined for empty guid" time="0.002">
    </testcase>
    <testcase classname="UserResolutionService resolves by system user id and caches the result" name="UserResolutionService resolves by system user id and caches the result" time="0.002">
    </testcase>
    <testcase classname="UserResolutionService falls back to entra object id lookup when systemuserid lookup fails" name="UserResolutionService falls back to entra object id lookup when systemuserid lookup fails" time="0.003">
    </testcase>
    <testcase classname="UserResolutionService uses firstname and lastname when fullname is missing" name="UserResolutionService uses firstname and lastname when fullname is missing" time="0.001">
    </testcase>
    <testcase classname="UserResolutionService uses domainname when full and split names are missing" name="UserResolutionService uses domainname when full and split names are missing" time="0.001">
    </testcase>
    <testcase classname="UserResolutionService returns undefined when no web api is available" name="UserResolutionService returns undefined when no web api is available" time="0">
    </testcase>
    <testcase classname="UserResolutionService uses global Xrm WebApi.online when context webAPI is absent" name="UserResolutionService uses global Xrm WebApi.online when context webAPI is absent" time="0.001">
    </testcase>
    <testcase classname="UserResolutionService resolveUsers skips blanks and collects successful resolutions" name="UserResolutionService resolveUsers skips blanks and collects successful resolutions" time="0.003">
    </testcase>
    <testcase classname="UserResolutionService resolveUsers continues when an individual resolution throws" name="UserResolutionService resolveUsers continues when an individual resolution throws" time="0.001">
    </testcase>
    <testcase classname="UserResolutionService clearCache resets stored entries" name="UserResolutionService clearCache resets stored entries" time="0.002">
    </testcase>
  </testsuite>
  <testsuite name="Sales search validation" errors="0" failures="0" skipped="0" timestamp="2026-04-28T10:07:43" time="0.094" tests="10">
    <testcase classname="Sales search validation getSalesSearchErrors saleId | rejects invalid format" name="Sales search validation getSalesSearchErrors saleId | rejects invalid format" time="0.003">
    </testcase>
    <testcase classname="Sales search validation getSalesSearchErrors taskId | rejects too-short value" name="Sales search validation getSalesSearchErrors taskId | rejects too-short value" time="0.001">
    </testcase>
    <testcase classname="Sales search validation getSalesSearchErrors taskId | rejects invalid prefix" name="Sales search validation getSalesSearchErrors taskId | rejects invalid prefix" time="0">
    </testcase>
    <testcase classname="Sales search validation getSalesSearchErrors uprn | rejects non-digit value" name="Sales search validation getSalesSearchErrors uprn | rejects non-digit value" time="0.001">
    </testcase>
    <testcase classname="Sales search validation getSalesSearchErrors uprn | rejects mixed alphanumeric" name="Sales search validation getSalesSearchErrors uprn | rejects mixed alphanumeric" time="0">
    </testcase>
    <testcase classname="Sales search validation getSalesSearchErrors billingAuthority | stays neutral until the field is interacted with" name="Sales search validation getSalesSearchErrors billingAuthority | stays neutral until the field is interacted with" time="0.001">
    </testcase>
    <testcase classname="Sales search validation getSalesSearchErrors bacode | stays neutral until the reference field is interacted with" name="Sales search validation getSalesSearchErrors bacode | stays neutral until the reference field is interacted with" time="0">
    </testcase>
    <testcase classname="Sales search validation getSalesSearchErrors address | rejects invalid postcode" name="Sales search validation getSalesSearchErrors address | rejects invalid postcode" time="0.001">
    </testcase>
    <testcase classname="Sales search validation getSalesSearchErrors address | requires at least two criteria without postcode" name="Sales search validation getSalesSearchErrors address | requires at least two criteria without postcode" time="0">
    </testcase>
    <testcase classname="Sales search validation getSalesSearchErrors address | accepts valid postcode" name="Sales search validation getSalesSearchErrors address | accepts valid postcode" time="0.001">
    </testcase>
  </testsuite>
  <testsuite name="sharePointCatalog chunk parser" errors="0" failures="0" skipped="0" timestamp="2026-04-28T10:07:43" time="0.058" tests="5">
    <testcase classname="sharePointCatalog chunk parser returns empty list for missing chunks" name="sharePointCatalog chunk parser returns empty list for missing chunks" time="0.001">
    </testcase>
    <testcase classname="sharePointCatalog chunk parser maps a row into all five sales particular attributes" name="sharePointCatalog chunk parser maps a row into all five sales particular attributes" time="0.002">
    </testcase>
    <testcase classname="sharePointCatalog chunk parser combines both record chunks and supports choice object values" name="sharePointCatalog chunk parser combines both record chunks and supports choice object values" time="0.001">
    </testcase>
    <testcase classname="sharePointCatalog chunk parser maps spImageLink as source URL" name="sharePointCatalog chunk parser maps spImageLink as source URL" time="0.001">
    </testcase>
    <testcase classname="sharePointCatalog chunk parser deduplicates equivalent references across chunks" name="sharePointCatalog chunk parser deduplicates equivalent references across chunks" time="0.001">
    </testcase>
  </testsuite>
  <testsuite name="WRT-400 Modify SVT Task AC" errors="0" failures="0" skipped="0" timestamp="2026-04-28T10:07:43" time="0.07" tests="12">
    <testcase classname="WRT-400 Modify SVT Task AC AC1: Modify SVT Task button is shown only for Complete and Complete Passed QC statuses" name="WRT-400 Modify SVT Task AC AC1: Modify SVT Task button is shown only for Complete and Complete Passed QC statuses" time="0.001">
    </testcase>
    <testcase classname="WRT-400 Modify SVT Task AC AC2: Modify button remains disabled for users without caseworker permissions" name="WRT-400 Modify SVT Task AC AC2: Modify button remains disabled for users without caseworker permissions" time="0">
    </testcase>
    <testcase classname="WRT-400 Modify SVT Task AC AC3: clicking Modify SVT Task opens a Yes/No confirmation prompt" name="WRT-400 Modify SVT Task AC AC3: clicking Modify SVT Task opens a Yes/No confirmation prompt" time="0.001">
    </testcase>
    <testcase classname="WRT-400 Modify SVT Task AC AC3b: Modify Task confirmation dialog is consistently sized (minWidth 480, maxWidth 560)" name="WRT-400 Modify SVT Task AC AC3b: Modify Task confirmation dialog is consistently sized (minWidth 480, maxWidth 560)" time="0.007">
    </testcase>
    <testcase classname="WRT-400 Modify SVT Task AC AC3c: Modify Task dialog subText informs user the task will be reassigned to them" name="WRT-400 Modify SVT Task AC AC3c: Modify Task dialog subText informs user the task will be reassigned to them" time="0">
    </testcase>
    <testcase classname="WRT-400 Modify SVT Task AC AC3d: Modify Task success notification auto-dismisses (short-lived, stays on details view)" name="WRT-400 Modify SVT Task AC AC3d: Modify Task success notification auto-dismisses (short-lived, stays on details view)" time="0.001">
    </testcase>
    <testcase classname="WRT-400 Modify SVT Task AC AC3b: task and audit action groups are labelled for assistive technology" name="WRT-400 Modify SVT Task AC AC3b: task and audit action groups are labelled for assistive technology" time="0">
    </testcase>
    <testcase classname="WRT-400 Modify SVT Task AC AC4: selecting No closes confirmation and cancels further modify action" name="WRT-400 Modify SVT Task AC AC4: selecting No closes confirmation and cancels further modify action" time="0.001">
    </testcase>
    <testcase classname="WRT-400 Modify SVT Task AC AC5: selecting Yes calls modify API and updates local record to Assigned/current user/current date" name="WRT-400 Modify SVT Task AC AC5: selecting Yes calls modify API and updates local record to Assigned/current user/current date" time="0.001">
    </testcase>
    <testcase classname="WRT-400 Modify SVT Task AC AC6: audit history capability remains available after task modification" name="WRT-400 Modify SVT Task AC AC6: audit history capability remains available after task modification" time="0">
    </testcase>
    <testcase classname="WRT-400 Modify SVT Task AC AC7: reopened tasks stay within standard assignment status rules" name="WRT-400 Modify SVT Task AC AC7: reopened tasks stay within standard assignment status rules" time="0.001">
    </testcase>
    <testcase classname="WRT-400 Modify SVT Task AC AC8: Sales Record Search still supports Sale ID, Address, Billing Authority and UPRN lookup paths" name="WRT-400 Modify SVT Task AC AC8: Sales Record Search still supports Sale ID, Address, Billing Authority and UPRN lookup paths" time="0">
    </testcase>
  </testsuite>
  <testsuite name="noTaskId flag" errors="0" failures="0" skipped="0" timestamp="2026-04-28T10:07:43" time="0.16" tests="15">
    <testcase classname="noTaskId flag noTaskId is derived from model.taskId" name="noTaskId flag noTaskId is derived from model.taskId" time="0.001">
    </testcase>
    <testcase classname="noTaskStatus flag noTaskStatus is derived from model.statusText" name="noTaskStatus flag noTaskStatus is derived from model.statusText" time="0.001">
    </testcase>
    <testcase classname="sectionsDisabled combines noTaskId and noTaskStatus sectionsDisabled flag combines both conditions" name="sectionsDisabled combines noTaskId and noTaskStatus sectionsDisabled flag combines both conditions" time="0">
    </testcase>
    <testcase classname="sections disabled when taskId or taskStatus is null PadSection readOnly includes sectionsDisabled" name="sections disabled when taskId or taskStatus is null PadSection readOnly includes sectionsDisabled" time="0">
    </testcase>
    <testcase classname="sections disabled when taskId or taskStatus is null readOnly || sectionsDisabled appears for PAD, WLTT, LRPPD, particulars, and verification sections" name="sections disabled when taskId or taskStatus is null readOnly || sectionsDisabled appears for PAD, WLTT, LRPPD, particulars, and verification sections" time="0">
    </testcase>
    <testcase classname="sections disabled when taskId or taskStatus is null canProgressTask suppressed when sectionsDisabled" name="sections disabled when taskId or taskStatus is null canProgressTask suppressed when sectionsDisabled" time="0.001">
    </testcase>
    <testcase classname="sections disabled when taskId or taskStatus is null canSubmitQcOutcome suppressed when sectionsDisabled" name="sections disabled when taskId or taskStatus is null canSubmitQcOutcome suppressed when sectionsDisabled" time="0">
    </testcase>
    <testcase classname="sections disabled when taskId or taskStatus is null showQcSection suppressed when sectionsDisabled" name="sections disabled when taskId or taskStatus is null showQcSection suppressed when sectionsDisabled" time="0">
    </testcase>
    <testcase classname="PAD confirmation layout uses flex layout (not grid)" name="PAD confirmation layout uses flex layout (not grid)" time="0.001">
    </testcase>
    <testcase classname="PAD confirmation layout has compact gap of 8px" name="PAD confirmation layout has compact gap of 8px" time="0.001">
    </testcase>
    <testcase classname="PAD confirmation layout label has white-space nowrap for left alignment" name="PAD confirmation layout label has white-space nowrap for left alignment" time="0">
    </testcase>
    <testcase classname="PAD confirmation layout dropdown has fixed width of 260px" name="PAD confirmation layout dropdown has fixed width of 260px" time="0.001">
    </testcase>
    <testcase classname="PAD confirmation layout responsive breakpoint uses flex-direction column" name="PAD confirmation layout responsive breakpoint uses flex-direction column" time="0.001">
    </testcase>
    <testcase classname="disabled button styling action buttons have a visible disabled state (greyed out)" name="disabled button styling action buttons have a visible disabled state (greyed out)" time="0">
    </testcase>
    <testcase classname="disabled button styling disabled buttons use muted background and text" name="disabled button styling disabled buttons use muted background and text" time="0.001">
    </testcase>
  </testsuite>
  <testsuite name="screen behavior" errors="0" failures="0" skipped="0" timestamp="2026-04-28T10:07:43" time="0.117" tests="15">
    <testcase classname="screen behavior resolveAssignmentScreenName returns canonical names" name="screen behavior resolveAssignmentScreenName returns canonical names" time="0.002">
    </testcase>
    <testcase classname="screen behavior resolveAssignmentScreenName trims for non-assignment screens" name="screen behavior resolveAssignmentScreenName trims for non-assignment screens" time="0">
    </testcase>
    <testcase classname="screen behavior isSalesSearchDefaultFilters detects empty search state" name="screen behavior isSalesSearchDefaultFilters detects empty search state" time="0">
    </testcase>
    <testcase classname="screen behavior isSalesSearchDefaultFilters returns false when searchBy is not address" name="screen behavior isSalesSearchDefaultFilters returns false when searchBy is not address" time="0">
    </testcase>
    <testcase classname="screen behavior isSalesSearchDefaultFilters returns false when any criteria is set" name="screen behavior isSalesSearchDefaultFilters returns false when any criteria is set" time="0">
    </testcase>
    <testcase classname="screen behavior isPrefilterScreenKind identifies prefilter screens" name="screen behavior isPrefilterScreenKind identifies prefilter screens" time="0.001">
    </testcase>
    <testcase classname="screen behavior shouldShowResults enforces per-screen gating" name="screen behavior shouldShowResults enforces per-screen gating" time="0.001">
    </testcase>
    <testcase classname="screen behavior shouldResetPrefiltersOnScreenChange respects stored prefilters" name="screen behavior shouldResetPrefiltersOnScreenChange respects stored prefilters" time="0">
    </testcase>
    <testcase classname="screen behavior retained prefilters do not reset when navigating back to prefilter screens" name="screen behavior retained prefilters do not reset when navigating back to prefilter screens" time="0">
    </testcase>
    <testcase classname="screen behavior prefilter screens reset only when returning without stored prefilters" name="screen behavior prefilter screens reset only when returning without stored prefilters" time="0.001">
    </testcase>
    <testcase classname="screen behavior shouldResetPrefiltersOnScreenChange ignores non-prefilter screens" name="screen behavior shouldResetPrefiltersOnScreenChange ignores non-prefilter screens" time="0">
    </testcase>
    <testcase classname="screen behavior buildPrefilterStorageKey is stable per screen kind" name="screen behavior buildPrefilterStorageKey is stable per screen kind" time="0">
    </testcase>
    <testcase classname="screen behavior buildGridSessionKey is stable per screen kind" name="screen behavior buildGridSessionKey is stable per screen kind" time="0">
    </testcase>
    <testcase classname="screen behavior buildPrefilterStorageKey appends context scope when provided" name="screen behavior buildPrefilterStorageKey appends context scope when provided" time="0">
    </testcase>
    <testcase classname="screen behavior buildGridSessionKey appends context scope when provided" name="screen behavior buildGridSessionKey appends context scope when provided" time="0">
    </testcase>
  </testsuite>
  <testsuite name="WRT-205 Sales Verification Complete/Submit AC" errors="0" failures="0" skipped="0" timestamp="2026-04-28T10:07:43" time="0.103" tests="10">
    <testcase classname="WRT-205 Sales Verification Complete/Submit AC AC1: section exposes Complete and Submit for QC actions" name="WRT-205 Sales Verification Complete/Submit AC AC1: section exposes Complete and Submit for QC actions" time="0.001">
    </testcase>
    <testcase classname="WRT-205 Sales Verification Complete/Submit AC AC2: complete action uses submit API path and sets complete status merge rule" name="WRT-205 Sales Verification Complete/Submit AC AC2: complete action uses submit API path and sets complete status merge rule" time="0">
    </testcase>
    <testcase classname="WRT-205 Sales Verification Complete/Submit AC AC3: mandatory validation prompt and required field checks are enforced before complete/submit" name="WRT-205 Sales Verification Complete/Submit AC AC3: mandatory validation prompt and required field checks are enforced before complete/submit" time="0.001">
    </testcase>
    <testcase classname="WRT-205 Sales Verification Complete/Submit AC AC3b: complete/submit payload includes live sales-particular draft and PAD confirmation" name="WRT-205 Sales Verification Complete/Submit AC AC3b: complete/submit payload includes live sales-particular draft and PAD confirmation" time="0.001">
    </testcase>
    <testcase classname="WRT-205 Sales Verification Complete/Submit AC AC4: submit-for-QC requires remarks via mandatory dialog before calling submit handler" name="WRT-205 Sales Verification Complete/Submit AC AC4: submit-for-QC requires remarks via mandatory dialog before calling submit handler" time="0">
    </testcase>
    <testcase classname="WRT-205 Sales Verification Complete/Submit AC AC4b: QC action cluster is grouped and labelled for assistive technology" name="WRT-205 Sales Verification Complete/Submit AC AC4b: QC action cluster is grouped and labelled for assistive technology" time="0.001">
    </testcase>
    <testcase classname="WRT-205 Sales Verification Complete/Submit AC AC7: complete action is disabled when status is Assigned QC Failed" name="WRT-205 Sales Verification Complete/Submit AC AC7: complete action is disabled when status is Assigned QC Failed" time="0">
    </testcase>
    <testcase classname="WRT-205 Sales Verification Complete/Submit AC AC8: resubmission after QC fail maps to Reassigned To QC status" name="WRT-205 Sales Verification Complete/Submit AC AC8: resubmission after QC fail maps to Reassigned To QC status" time="0">
    </testcase>
    <testcase classname="WRT-205 Sales Verification Complete/Submit AC AC9: QC Audit History action and ordering by most recent change are preserved" name="WRT-205 Sales Verification Complete/Submit AC AC9: QC Audit History action and ordering by most recent change are preserved" time="0.001">
    </testcase>
    <testcase classname="WRT-205 Sales Verification Complete/Submit AC AC10: submit success is shown in the dialog before returning to the table" name="WRT-205 Sales Verification Complete/Submit AC AC10: submit success is shown in the dialog before returning to the table" time="0.001">
    </testcase>
  </testsuite>
  <testsuite name="tag semantic utils" errors="0" failures="0" skipped="0" timestamp="2026-04-28T10:07:43" time="0.062" tests="15">
    <testcase classname="tag semantic utils flagged for review chips maps true-like values to a yes chip" name="tag semantic utils flagged for review chips maps true-like values to a yes chip" time="0.001">
    </testcase>
    <testcase classname="tag semantic utils flagged for review chips maps false-like values to a no chip" name="tag semantic utils flagged for review chips maps false-like values to a no chip" time="0">
    </testcase>
    <testcase classname="tag semantic utils flagged for review chips returns undefined for blank and unknown values" name="tag semantic utils flagged for review chips returns undefined for blank and unknown values" time="0">
    </testcase>
    <testcase classname="tag semantic utils task status chips treats completed qc outcomes as success" name="tag semantic utils task status chips treats completed qc outcomes as success" time="0.001">
    </testcase>
    <testcase classname="tag semantic utils task status chips treats qc workflow states as qc chips" name="tag semantic utils task status chips treats qc workflow states as qc chips" time="0">
    </testcase>
    <testcase classname="tag semantic utils task status chips treats failures as danger chips" name="tag semantic utils task status chips treats failures as danger chips" time="0">
    </testcase>
    <testcase classname="tag semantic utils task status chips treats new work as info and unknown labels as neutral" name="tag semantic utils task status chips treats new work as info and unknown labels as neutral" time="0.001">
    </testcase>
    <testcase classname="tag semantic utils summary flag chips abbreviates multi-word flags to initials" name="tag semantic utils summary flag chips abbreviates multi-word flags to initials" time="0.001">
    </testcase>
    <testcase classname="tag semantic utils summary flag chips abbreviates single-word flags to three letters" name="tag semantic utils summary flag chips abbreviates single-word flags to three letters" time="0.001">
    </testcase>
    <testcase classname="tag semantic utils summary flag chips treats standard as a success chip and keeps the full tooltip text" name="tag semantic utils summary flag chips treats standard as a success chip and keeps the full tooltip text" time="0.001">
    </testcase>
    <testcase classname="tag semantic utils summary flag chips treats outlier ratio high as a danger chip" name="tag semantic utils summary flag chips treats outlier ratio high as a danger chip" time="0">
    </testcase>
    <testcase classname="tag semantic utils summary flag chips treats manual checks as warning chips" name="tag semantic utils summary flag chips treats manual checks as warning chips" time="0.001">
    </testcase>
    <testcase classname="tag semantic utils summary flag chips treats address-related checks as info chips" name="tag semantic utils summary flag chips treats address-related checks as info chips" time="0">
    </testcase>
    <testcase classname="tag semantic utils summary flag chips keeps unknown values stable with a soft fallback palette and full tooltip text" name="tag semantic utils summary flag chips keeps unknown values stable with a soft fallback palette and full tooltip text" time="0.001">
    </testcase>
    <testcase classname="tag semantic utils summary flag chips returns undefined for blank summary flags and uses custom fallback variant for unknown text" name="tag semantic utils summary flag chips returns undefined for blank summary flags and uses custom fallback variant for unknown text" time="0.001">
    </testcase>
  </testsuite>
  <testsuite name="Dialog Consistency – all 5 actions have a confirmation dialog" errors="0" failures="0" skipped="0" timestamp="2026-04-28T10:07:43" time="0.056" tests="29">
    <testcase classname="Dialog Consistency – all 5 actions have a confirmation dialog Create Task AC-D1: Create Task button triggers a confirmation dialog, not a direct API call" name="Dialog Consistency – all 5 actions have a confirmation dialog Create Task AC-D1: Create Task button triggers a confirmation dialog, not a direct API call" time="0.001">
    </testcase>
    <testcase classname="Dialog Consistency – all 5 actions have a confirmation dialog Create Task AC-D2: Create Task confirmation dialog has correct title, subText and controls" name="Dialog Consistency – all 5 actions have a confirmation dialog Create Task AC-D2: Create Task confirmation dialog has correct title, subText and controls" time="0">
    </testcase>
    <testcase classname="Dialog Consistency – all 5 actions have a confirmation dialog Create Task AC-D3: Create Task dialog is consistently sized (minWidth 480, maxWidth 560)" name="Dialog Consistency – all 5 actions have a confirmation dialog Create Task AC-D3: Create Task dialog is consistently sized (minWidth 480, maxWidth 560)" time="0">
    </testcase>
    <testcase classname="Dialog Consistency – all 5 actions have a confirmation dialog Create Task AC-D4: Create Task dialog is blocking (prevents accidental dismissal)" name="Dialog Consistency – all 5 actions have a confirmation dialog Create Task AC-D4: Create Task dialog is blocking (prevents accidental dismissal)" time="0">
    </testcase>
    <testcase classname="Dialog Consistency – all 5 actions have a confirmation dialog Create Task AC-D5: Create Task confirm button shows busy text while API call is in progress" name="Dialog Consistency – all 5 actions have a confirmation dialog Create Task AC-D5: Create Task confirm button shows busy text while API call is in progress" time="0">
    </testcase>
    <testcase classname="Dialog Consistency – all 5 actions have a confirmation dialog Create Task AC-D6: Create Task inline success notification auto-dismisses after 3 seconds" name="Dialog Consistency – all 5 actions have a confirmation dialog Create Task AC-D6: Create Task inline success notification auto-dismisses after 3 seconds" time="0">
    </testcase>
    <testcase classname="Dialog Consistency – all 5 actions have a confirmation dialog Create Task AC-D7: Create Task cancel handler is a no-op while API is in flight" name="Dialog Consistency – all 5 actions have a confirmation dialog Create Task AC-D7: Create Task cancel handler is a no-op while API is in flight" time="0">
    </testcase>
    <testcase classname="Dialog Consistency – all 5 actions have a confirmation dialog Create Task AC-D8: Create Task closes dialog on success, shows MessageBar in-place (no navigation)" name="Dialog Consistency – all 5 actions have a confirmation dialog Create Task AC-D8: Create Task closes dialog on success, shows MessageBar in-place (no navigation)" time="0.001">
    </testcase>
    <testcase classname="Dialog Consistency – all 5 actions have a confirmation dialog Modify Task AC-D9: Modify Task dialog has consistent size (minWidth 480, maxWidth 560)" name="Dialog Consistency – all 5 actions have a confirmation dialog Modify Task AC-D9: Modify Task dialog has consistent size (minWidth 480, maxWidth 560)" time="0">
    </testcase>
    <testcase classname="Dialog Consistency – all 5 actions have a confirmation dialog Modify Task AC-D10: Modify Task dialog subText mentions reassignment" name="Dialog Consistency – all 5 actions have a confirmation dialog Modify Task AC-D10: Modify Task dialog subText mentions reassignment" time="0">
    </testcase>
    <testcase classname="Dialog Consistency – all 5 actions have a confirmation dialog Modify Task AC-D11: Modify Task dialog is blocking" name="Dialog Consistency – all 5 actions have a confirmation dialog Modify Task AC-D11: Modify Task dialog is blocking" time="0">
    </testcase>
    <testcase classname="Dialog Consistency – all 5 actions have a confirmation dialog Modify Task AC-D12: Modify Task confirm button shows busy text while in flight" name="Dialog Consistency – all 5 actions have a confirmation dialog Modify Task AC-D12: Modify Task confirm button shows busy text while in flight" time="0">
    </testcase>
    <testcase classname="Dialog Consistency – all 5 actions have a confirmation dialog Modify Task AC-D13: Modify Task inline success notification auto-dismisses after 3 seconds" name="Dialog Consistency – all 5 actions have a confirmation dialog Modify Task AC-D13: Modify Task inline success notification auto-dismisses after 3 seconds" time="0">
    </testcase>
    <testcase classname="Dialog Consistency – all 5 actions have a confirmation dialog Modify Task AC-D14: Modify Task stay on details view and refreshes sale record (no navigation to grid)" name="Dialog Consistency – all 5 actions have a confirmation dialog Modify Task AC-D14: Modify Task stay on details view and refreshes sale record (no navigation to grid)" time="0.001">
    </testcase>
    <testcase classname="Dialog Consistency – all 5 actions have a confirmation dialog Modify Task AC-D15: Modify Task ariaLabels are set for accessibility" name="Dialog Consistency – all 5 actions have a confirmation dialog Modify Task AC-D15: Modify Task ariaLabels are set for accessibility" time="0">
    </testcase>
    <testcase classname="Dialog Consistency – all 5 actions have a confirmation dialog Submit Sale (Complete) AC-D16: Complete dialog has correct size (minWidth 480, maxWidth 560)" name="Dialog Consistency – all 5 actions have a confirmation dialog Submit Sale (Complete) AC-D16: Complete dialog has correct size (minWidth 480, maxWidth 560)" time="0">
    </testcase>
    <testcase classname="Dialog Consistency – all 5 actions have a confirmation dialog Submit Sale (Complete) AC-D17: Complete dialog has title, subText and is blocking" name="Dialog Consistency – all 5 actions have a confirmation dialog Submit Sale (Complete) AC-D17: Complete dialog has title, subText and is blocking" time="0">
    </testcase>
    <testcase classname="Dialog Consistency – all 5 actions have a confirmation dialog Submit Sale (Complete) AC-D18: Completing sale shows success in the dialog, then returns to table" name="Dialog Consistency – all 5 actions have a confirmation dialog Submit Sale (Complete) AC-D18: Completing sale shows success in the dialog, then returns to table" time="0">
    </testcase>
    <testcase classname="Dialog Consistency – all 5 actions have a confirmation dialog Request for QC AC-D19: Submit-for-QC dialog has correct consistent sizing" name="Dialog Consistency – all 5 actions have a confirmation dialog Request for QC AC-D19: Submit-for-QC dialog has correct consistent sizing" time="0">
    </testcase>
    <testcase classname="Dialog Consistency – all 5 actions have a confirmation dialog Request for QC AC-D20: Submit-for-QC dialog has title, mandatory remarks field and is blocking" name="Dialog Consistency – all 5 actions have a confirmation dialog Request for QC AC-D20: Submit-for-QC dialog has title, mandatory remarks field and is blocking" time="0">
    </testcase>
    <testcase classname="Dialog Consistency – all 5 actions have a confirmation dialog Request for QC AC-D21: Submitting for QC shows success in the dialog, then returns to table" name="Dialog Consistency – all 5 actions have a confirmation dialog Request for QC AC-D21: Submitting for QC shows success in the dialog, then returns to table" time="0">
    </testcase>
    <testcase classname="Dialog Consistency – all 5 actions have a confirmation dialog QC Submit AC-D22: QC outcome dialog has correct size (minWidth 480, maxWidth 560)" name="Dialog Consistency – all 5 actions have a confirmation dialog QC Submit AC-D22: QC outcome dialog has correct size (minWidth 480, maxWidth 560)" time="0">
    </testcase>
    <testcase classname="Dialog Consistency – all 5 actions have a confirmation dialog QC Submit AC-D23: QC outcome dialog has title, subText and is blocking" name="Dialog Consistency – all 5 actions have a confirmation dialog QC Submit AC-D23: QC outcome dialog has title, subText and is blocking" time="0">
    </testcase>
    <testcase classname="Dialog Consistency – all 5 actions have a confirmation dialog QC Submit AC-D24: Submitting QC outcome shows success in the dialog, then returns to table" name="Dialog Consistency – all 5 actions have a confirmation dialog QC Submit AC-D24: Submitting QC outcome shows success in the dialog, then returns to table" time="0">
    </testcase>
    <testcase classname="Dialog Consistency – all 5 actions have a confirmation dialog Global dialog consistency AC-D25: All 5 action dialogs use voa-confirm-dialog CSS class for consistent theming" name="Dialog Consistency – all 5 actions have a confirmation dialog Global dialog consistency AC-D25: All 5 action dialogs use voa-confirm-dialog CSS class for consistent theming" time="0.001">
    </testcase>
    <testcase classname="Dialog Consistency – all 5 actions have a confirmation dialog Global dialog consistency AC-D26: Create Task and Modify Task show inline notification (stay on details), not grid notification" name="Dialog Consistency – all 5 actions have a confirmation dialog Global dialog consistency AC-D26: Create Task and Modify Task show inline notification (stay on details), not grid notification" time="0">
    </testcase>
    <testcase classname="Dialog Consistency – all 5 actions have a confirmation dialog Global dialog consistency AC-D27: Submit dialogs own their success messages and delayed return flow" name="Dialog Consistency – all 5 actions have a confirmation dialog Global dialog consistency AC-D27: Submit dialogs own their success messages and delayed return flow" time="0">
    </testcase>
    <testcase classname="Dialog Consistency – all 5 actions have a confirmation dialog Global dialog consistency AC-D28: Dialog success uses a short delayed return callback" name="Dialog Consistency – all 5 actions have a confirmation dialog Global dialog consistency AC-D28: Dialog success uses a short delayed return callback" time="0">
    </testcase>
    <testcase classname="Dialog Consistency – all 5 actions have a confirmation dialog Global dialog consistency AC-D29: Controller still owns the actual detail-close operation" name="Dialog Consistency – all 5 actions have a confirmation dialog Global dialog consistency AC-D29: Controller still owns the actual detail-close operation" time="0">
    </testcase>
  </testsuite>
  <testsuite name="SvtSubmitQcRemarks model" errors="0" failures="0" skipped="0" timestamp="2026-04-28T10:07:43" time="0.285" tests="61">
    <testcase classname="SvtSubmitQcRemarks model SvtSubmitQcRemarksRequest real Fail payload satisfies the request interface" name="SvtSubmitQcRemarks model SvtSubmitQcRemarksRequest real Fail payload satisfies the request interface" time="0.001">
    </testcase>
    <testcase classname="SvtSubmitQcRemarks model SvtSubmitQcRemarksRequest country and listYear are optional fields" name="SvtSubmitQcRemarks model SvtSubmitQcRemarksRequest country and listYear are optional fields" time="0">
    </testcase>
    <testcase classname="SvtSubmitQcRemarks model SvtSubmitQcRemarksRequest a Pass payload is also valid" name="SvtSubmitQcRemarks model SvtSubmitQcRemarksRequest a Pass payload is also valid" time="0">
    </testcase>
    <testcase classname="SvtSubmitQcRemarks model SvtSubmitQcRemarksResponse real response has @odata.context and Result" name="SvtSubmitQcRemarks model SvtSubmitQcRemarksResponse real response has @odata.context and Result" time="0">
    </testcase>
    <testcase classname="SvtSubmitQcRemarks model SvtSubmitQcRemarksResponse Result is a string (may be JSON-escaped)" name="SvtSubmitQcRemarks model SvtSubmitQcRemarksResponse Result is a string (may be JSON-escaped)" time="0">
    </testcase>
    <testcase classname="SvtSubmitQcRemarks model QcRemarksApimPayload taskId is an array in the APIM payload" name="SvtSubmitQcRemarks model QcRemarksApimPayload taskId is an array in the APIM payload" time="0">
    </testcase>
    <testcase classname="SvtSubmitQcRemarks model QcRemarksApimPayload optional country and listYear fields" name="SvtSubmitQcRemarks model QcRemarksApimPayload optional country and listYear fields" time="0.001">
    </testcase>
    <testcase classname="SvtSubmitQcRemarks model QcRemarksApimPayload qcRemark can be null when not provided" name="SvtSubmitQcRemarks model QcRemarksApimPayload qcRemark can be null when not provided" time="0">
    </testcase>
    <testcase classname="SvtSubmitQcRemarks model MergedQualityControlOutcome extends QualityControlOutcome with qcReviewedOn timestamp" name="SvtSubmitQcRemarks model MergedQualityControlOutcome extends QualityControlOutcome with qcReviewedOn timestamp" time="0">
    </testcase>
    <testcase classname="SvtSubmitQcRemarks model QcOutcomeTaskDateFields Pass outcome sets all date fields" name="SvtSubmitQcRemarks model QcOutcomeTaskDateFields Pass outcome sets all date fields" time="0">
    </testcase>
    <testcase classname="SvtSubmitQcRemarks model QcOutcomeTaskDateFields Fail outcome clears completion dates but keeps qcCompletedDate" name="SvtSubmitQcRemarks model QcOutcomeTaskDateFields Fail outcome clears completion dates but keeps qcCompletedDate" time="0">
    </testcase>
    <testcase classname="SvtSubmitQcRemarks model type aliases QcOutcomeValue is Pass or Fail" name="SvtSubmitQcRemarks model type aliases QcOutcomeValue is Pass or Fail" time="0">
    </testcase>
    <testcase classname="SvtSubmitQcRemarks model type aliases NormalizedQcOutcomeValue includes empty string for invalid input" name="SvtSubmitQcRemarks model type aliases NormalizedQcOutcomeValue includes empty string for invalid input" time="0">
    </testcase>
    <testcase classname="SvtSubmitQcRemarks model type aliases QcTaskStatus maps to the two possible task statuses" name="SvtSubmitQcRemarks model type aliases QcTaskStatus maps to the two possible task statuses" time="0">
    </testcase>
    <testcase classname="SvtSubmitQcRemarks model type aliases QcSubmitAllowedPersona permits QA and Manager" name="SvtSubmitQcRemarks model type aliases QcSubmitAllowedPersona permits QA and Manager" time="0.001">
    </testcase>
    <testcase classname="PCF submitQcOutcome() flow (DetailsListRuntimeController.ts) submitQcOutcome is a public async method" name="PCF submitQcOutcome() flow (DetailsListRuntimeController.ts) submitQcOutcome is a public async method" time="0">
    </testcase>
    <testcase classname="PCF submitQcOutcome() flow (DetailsListRuntimeController.ts) enforces QA/Manager access before submission" name="PCF submitQcOutcome() flow (DetailsListRuntimeController.ts) enforces QA/Manager access before submission" time="0">
    </testcase>
    <testcase classname="PCF submitQcOutcome() flow (DetailsListRuntimeController.ts) resolves task ID from sale details" name="PCF submitQcOutcome() flow (DetailsListRuntimeController.ts) resolves task ID from sale details" time="0">
    </testcase>
    <testcase classname="PCF submitQcOutcome() flow (DetailsListRuntimeController.ts) wraps task ID as a JSON array string" name="PCF submitQcOutcome() flow (DetailsListRuntimeController.ts) wraps task ID as a JSON array string" time="0.001">
    </testcase>
    <testcase classname="PCF submitQcOutcome() flow (DetailsListRuntimeController.ts) sends qcOutcome directly from the payload" name="PCF submitQcOutcome() flow (DetailsListRuntimeController.ts) sends qcOutcome directly from the payload" time="0">
    </testcase>
    <testcase classname="PCF submitQcOutcome() flow (DetailsListRuntimeController.ts) normalizes qcRemark text" name="PCF submitQcOutcome() flow (DetailsListRuntimeController.ts) normalizes qcRemark text" time="0">
    </testcase>
    <testcase classname="PCF submitQcOutcome() flow (DetailsListRuntimeController.ts) resolves qcReviewedBy from the current user context" name="PCF submitQcOutcome() flow (DetailsListRuntimeController.ts) resolves qcReviewedBy from the current user context" time="0">
    </testcase>
    <testcase classname="PCF submitQcOutcome() flow (DetailsListRuntimeController.ts) does not send country or listYear for QC remarks (restricted to getAllSales only)" name="PCF submitQcOutcome() flow (DetailsListRuntimeController.ts) does not send country or listYear for QC remarks (restricted to getAllSales only)" time="0">
    </testcase>
    <testcase classname="PCF submitQcOutcome() flow (DetailsListRuntimeController.ts) uses configured API name for the QC remarks action" name="PCF submitQcOutcome() flow (DetailsListRuntimeController.ts) uses configured API name for the QC remarks action" time="0">
    </testcase>
    <testcase classname="PCF submitQcOutcome() flow (DetailsListRuntimeController.ts) checks API result for success" name="PCF submitQcOutcome() flow (DetailsListRuntimeController.ts) checks API result for success" time="0">
    </testcase>
    <testcase classname="PCF submitQcOutcome() flow (DetailsListRuntimeController.ts) merges QC outcome to local state on success" name="PCF submitQcOutcome() flow (DetailsListRuntimeController.ts) merges QC outcome to local state on success" time="0">
    </testcase>
    <testcase classname="PCF submitQcOutcome() flow (DetailsListRuntimeController.ts) emits submitQcOutcome action on completion" name="PCF submitQcOutcome() flow (DetailsListRuntimeController.ts) emits submitQcOutcome action on completion" time="0">
    </testcase>
    <testcase classname="PCF submitQcOutcome() flow (DetailsListRuntimeController.ts) keeps the dialog open after QC submit success until the delayed return callback fires" name="PCF submitQcOutcome() flow (DetailsListRuntimeController.ts) keeps the dialog open after QC submit success until the delayed return callback fires" time="0.001">
    </testcase>
    <testcase classname="PCF submitQcOutcome() flow (DetailsListRuntimeController.ts) uses section-level success state after QC submit" name="PCF submitQcOutcome() flow (DetailsListRuntimeController.ts) uses section-level success state after QC submit" time="0">
    </testcase>
    <testcase classname="mergeQcOutcomeDetails and helpers (sale-details.ts) normalizeQcOutcomeValue() function exists" name="mergeQcOutcomeDetails and helpers (sale-details.ts) normalizeQcOutcomeValue() function exists" time="0">
    </testcase>
    <testcase classname="mergeQcOutcomeDetails and helpers (sale-details.ts) normalizeQcOutcomeValue() maps pass/passed to Pass" name="mergeQcOutcomeDetails and helpers (sale-details.ts) normalizeQcOutcomeValue() maps pass/passed to Pass" time="0">
    </testcase>
    <testcase classname="mergeQcOutcomeDetails and helpers (sale-details.ts) normalizeQcOutcomeValue() maps fail/failed to Fail" name="mergeQcOutcomeDetails and helpers (sale-details.ts) normalizeQcOutcomeValue() maps fail/failed to Fail" time="0">
    </testcase>
    <testcase classname="mergeQcOutcomeDetails and helpers (sale-details.ts) normalizeQcOutcomeValue() returns empty string for unrecognized input" name="mergeQcOutcomeDetails and helpers (sale-details.ts) normalizeQcOutcomeValue() returns empty string for unrecognized input" time="0">
    </testcase>
    <testcase classname="mergeQcOutcomeDetails and helpers (sale-details.ts) applyQcOutcomeTaskDetails() function exists" name="mergeQcOutcomeDetails and helpers (sale-details.ts) applyQcOutcomeTaskDetails() function exists" time="0">
    </testcase>
    <testcase classname="mergeQcOutcomeDetails and helpers (sale-details.ts) applyQcOutcomeTaskDetails() delegates task status update to applySalesVerificationTaskStatus" name="mergeQcOutcomeDetails and helpers (sale-details.ts) applyQcOutcomeTaskDetails() delegates task status update to applySalesVerificationTaskStatus" time="0">
    </testcase>
    <testcase classname="mergeQcOutcomeDetails and helpers (sale-details.ts) applyQcOutcomeTaskDetails() always sets qcCompletedDate (both cases)" name="mergeQcOutcomeDetails and helpers (sale-details.ts) applyQcOutcomeTaskDetails() always sets qcCompletedDate (both cases)" time="0.001">
    </testcase>
    <testcase classname="mergeQcOutcomeDetails and helpers (sale-details.ts) applyQcOutcomeTaskDetails() Pass sets completion dates" name="mergeQcOutcomeDetails and helpers (sale-details.ts) applyQcOutcomeTaskDetails() Pass sets completion dates" time="0">
    </testcase>
    <testcase classname="mergeQcOutcomeDetails and helpers (sale-details.ts) applyQcOutcomeTaskDetails() Fail clears completion dates to null" name="mergeQcOutcomeDetails and helpers (sale-details.ts) applyQcOutcomeTaskDetails() Fail clears completion dates to null" time="0">
    </testcase>
    <testcase classname="mergeQcOutcomeDetails and helpers (sale-details.ts) applyQcOutcomeTaskDetails() writes lowercase aliases for all date fields" name="mergeQcOutcomeDetails and helpers (sale-details.ts) applyQcOutcomeTaskDetails() writes lowercase aliases for all date fields" time="0.001">
    </testcase>
    <testcase classname="mergeQcOutcomeDetails and helpers (sale-details.ts) mergeQcOutcomeDetails() is an exported function" name="mergeQcOutcomeDetails and helpers (sale-details.ts) mergeQcOutcomeDetails() is an exported function" time="0">
    </testcase>
    <testcase classname="mergeQcOutcomeDetails and helpers (sale-details.ts) mergeQcOutcomeDetails() normalizes the qc outcome value" name="mergeQcOutcomeDetails and helpers (sale-details.ts) mergeQcOutcomeDetails() normalizes the qc outcome value" time="0">
    </testcase>
    <testcase classname="mergeQcOutcomeDetails and helpers (sale-details.ts) mergeQcOutcomeDetails() returns unchanged JSON if outcome is empty (invalid)" name="mergeQcOutcomeDetails and helpers (sale-details.ts) mergeQcOutcomeDetails() returns unchanged JSON if outcome is empty (invalid)" time="0">
    </testcase>
    <testcase classname="mergeQcOutcomeDetails and helpers (sale-details.ts) mergeQcOutcomeDetails() builds qualityControlOutcome section with four fields" name="mergeQcOutcomeDetails and helpers (sale-details.ts) mergeQcOutcomeDetails() builds qualityControlOutcome section with four fields" time="0.001">
    </testcase>
    <testcase classname="mergeQcOutcomeDetails and helpers (sale-details.ts) mergeQcOutcomeDetails() sets qcReviewedOn to current ISO timestamp" name="mergeQcOutcomeDetails and helpers (sale-details.ts) mergeQcOutcomeDetails() sets qcReviewedOn to current ISO timestamp" time="0">
    </testcase>
    <testcase classname="mergeQcOutcomeDetails and helpers (sale-details.ts) mergeQcOutcomeDetails() maps Fail to Assigned QC Failed task status" name="mergeQcOutcomeDetails and helpers (sale-details.ts) mergeQcOutcomeDetails() maps Fail to Assigned QC Failed task status" time="0">
    </testcase>
    <testcase classname="mergeQcOutcomeDetails and helpers (sale-details.ts) mergeQcOutcomeDetails() applies QC outcome to both salesVerificationTaskDetails and taskDetails" name="mergeQcOutcomeDetails and helpers (sale-details.ts) mergeQcOutcomeDetails() applies QC outcome to both salesVerificationTaskDetails and taskDetails" time="0">
    </testcase>
    <testcase classname="mergeQcOutcomeDetails and helpers (sale-details.ts) applySalesVerificationTaskStatus() writes canonical + legacy status keys writes taskStatus, taskstatus, and status keys" name="mergeQcOutcomeDetails and helpers (sale-details.ts) applySalesVerificationTaskStatus() writes canonical + legacy status keys writes taskStatus, taskstatus, and status keys" time="0">
    </testcase>
    <testcase classname="Real payload: Fail scenario (S-1004906 taskId 1000564) request fields match the real POST body" name="Real payload: Fail scenario (S-1004906 taskId 1000564) request fields match the real POST body" time="0">
    </testcase>
    <testcase classname="Real payload: Fail scenario (S-1004906 taskId 1000564) response Result is a JSON-escaped &quot;SUCCEED&quot; string" name="Real payload: Fail scenario (S-1004906 taskId 1000564) response Result is a JSON-escaped &quot;SUCCEED&quot; string" time="0">
    </testcase>
    <testcase classname="Real payload: Fail scenario (S-1004906 taskId 1000564) response @odata.context confirms the action name" name="Real payload: Fail scenario (S-1004906 taskId 1000564) response @odata.context confirms the action name" time="0">
    </testcase>
    <testcase classname="Real payload: Fail scenario (S-1004906 taskId 1000564) PCF would wrap taskId as JSON array before sending" name="Real payload: Fail scenario (S-1004906 taskId 1000564) PCF would wrap taskId as JSON array before sending" time="0">
    </testcase>
    <testcase classname="Real payload: Fail scenario (S-1004906 taskId 1000564) plugin ParseTaskIds would extract the task ID from JSON array" name="Real payload: Fail scenario (S-1004906 taskId 1000564) plugin ParseTaskIds would extract the task ID from JSON array" time="0.001">
    </testcase>
    <testcase classname="Real payload: Fail scenario (S-1004906 taskId 1000564) plugin would build APIM payload with taskId as array" name="Real payload: Fail scenario (S-1004906 taskId 1000564) plugin would build APIM payload with taskId as array" time="0">
    </testcase>
    <testcase classname="Real payload: Fail scenario (S-1004906 taskId 1000564) mergeQcOutcomeDetails would set task status to Assigned QC Failed" name="Real payload: Fail scenario (S-1004906 taskId 1000564) mergeQcOutcomeDetails would set task status to Assigned QC Failed" time="0">
    </testcase>
    <testcase classname="QC outcome merge scenarios Fail scenario: sets Assigned QC Failed and clears completion dates" name="QC outcome merge scenarios Fail scenario: sets Assigned QC Failed and clears completion dates" time="0.001">
    </testcase>
    <testcase classname="QC outcome merge scenarios Pass scenario: sets Complete Passed QC and all dates" name="QC outcome merge scenarios Pass scenario: sets Complete Passed QC and all dates" time="0.002">
    </testcase>
    <testcase classname="QC outcome merge scenarios taskDetails mirror salesVerificationTaskDetails for backward compat" name="QC outcome merge scenarios taskDetails mirror salesVerificationTaskDetails for backward compat" time="0.019">
    </testcase>
    <testcase classname="QC outcome merge scenarios qualityControlOutcome includes all four fields" name="QC outcome merge scenarios qualityControlOutcome includes all four fields" time="0.002">
    </testcase>
    <testcase classname="QC outcome merge scenarios lowercase aliases are always written alongside canonical fields" name="QC outcome merge scenarios lowercase aliases are always written alongside canonical fields" time="0.001">
    </testcase>
    <testcase classname="Control config for QC remarks API submitQcRemarksApiName is voa_SvtSubmitQcRemarks" name="Control config for QC remarks API submitQcRemarksApiName is voa_SvtSubmitQcRemarks" time="0.001">
    </testcase>
    <testcase classname="Control config for QC remarks API submitQcRemarksApiType is action" name="Control config for QC remarks API submitQcRemarksApiType is action" time="0">
    </testcase>
  </testsuite>
  <testsuite name="init and setContext" errors="0" failures="0" skipped="0" timestamp="2026-04-28T10:07:42" time="0.713" tests="71">
    <testcase classname="init and setContext init sets context and notifyOutputChanged" name="init and setContext init sets context and notifyOutputChanged" time="0.005">
    </testcase>
    <testcase classname="init and setContext setContext replaces context" name="init and setContext setContext replaces context" time="0.001">
    </testcase>
    <testcase classname="init and setContext getOutputs includes expected keys" name="init and setContext getOutputs includes expected keys" time="0.013">
    </testcase>
    <testcase classname="handleSelectionChange sets selectedTaskId and selectedSaleId" name="handleSelectionChange sets selectedTaskId and selectedSaleId" time="0.002">
    </testcase>
    <testcase classname="handleSelectionChange converts selectedTaskIds array to JSON" name="handleSelectionChange converts selectedTaskIds array to JSON" time="0.007">
    </testcase>
    <testcase classname="handleSelectionChange filters empty values from selectedTaskIds" name="handleSelectionChange filters empty values from selectedTaskIds" time="0.007">
    </testcase>
    <testcase classname="handleSelectionChange sets selectedCount from taskIds length" name="handleSelectionChange sets selectedCount from taskIds length" time="0.002">
    </testcase>
    <testcase classname="handleSelectionChange uses saleIds length when no tasks" name="handleSelectionChange uses saleIds length when no tasks" time="0">
    </testcase>
    <testcase classname="handleSelectionCountChange updates selectedCount when changed" name="handleSelectionCountChange updates selectedCount when changed" time="0.001">
    </testcase>
    <testcase classname="handleSelectionCountChange does not mutate when count is same" name="handleSelectionCountChange does not mutate when count is same" time="0">
    </testcase>
    <testcase classname="handleBackToCanvas resets sale details and emits back action" name="handleBackToCanvas resets sale details and emits back action" time="0.006">
    </testcase>
    <testcase classname="handleBackToCanvas emits back action type" name="handleBackToCanvas emits back action type" time="0.001">
    </testcase>
    <testcase classname="handleDetailsBack resets PCF details state and emits back action" name="handleDetailsBack resets PCF details state and emits back action" time="0.003">
    </testcase>
    <testcase classname="handleDetailsBack emits back action type" name="handleDetailsBack emits back action type" time="0.001">
    </testcase>
    <testcase classname="closeDetailsAfterSubmit clears all detail state" name="closeDetailsAfterSubmit clears all detail state" time="0">
    </testcase>
    <testcase classname="closeDetailsAfterSubmit emits back action" name="closeDetailsAfterSubmit emits back action" time="0.001">
    </testcase>
    <testcase classname="clearSubmitSuccessMessage clears notification and calls notifyOutputChanged" name="clearSubmitSuccessMessage clears notification and calls notifyOutputChanged" time="0">
    </testcase>
    <testcase classname="property getters isViewSalePending returns true when viewSalePending is true" name="property getters isViewSalePending returns true when viewSalePending is true" time="0.004">
    </testcase>
    <testcase classname="property getters shouldShowPcfSaleDetails reflects showPcfSaleDetails" name="property getters shouldShowPcfSaleDetails reflects showPcfSaleDetails" time="0">
    </testcase>
    <testcase classname="property getters isSaleDetailsReadOnly returns true for internal readOnly flag" name="property getters isSaleDetailsReadOnly returns true for internal readOnly flag" time="0">
    </testcase>
    <testcase classname="property getters isSaleDetailsReadOnly returns true for external readonly mode" name="property getters isSaleDetailsReadOnly returns true for external readonly mode" time="0">
    </testcase>
    <testcase classname="property getters saleDetailsReadOnlyReason returns external message when external readonly active" name="property getters saleDetailsReadOnlyReason returns external message when external readonly active" time="0.001">
    </testcase>
    <testcase classname="property getters saleDetailsReadOnlyReason returns internal message otherwise" name="property getters saleDetailsReadOnlyReason returns internal message otherwise" time="0">
    </testcase>
    <testcase classname="property getters areInternalSaleDetailsActionsDisabled reflects flag" name="property getters areInternalSaleDetailsActionsDisabled reflects flag" time="0">
    </testcase>
    <testcase classname="property getters submitSuccessMessage returns undefined when not set" name="property getters submitSuccessMessage returns undefined when not set" time="0">
    </testcase>
    <testcase classname="property getters canCreateManualTask requires both manager and caseworker" name="property getters canCreateManualTask requires both manager and caseworker" time="0">
    </testcase>
    <testcase classname="property getters canCreateManualTask false when only caseworker" name="property getters canCreateManualTask false when only caseworker" time="0.001">
    </testcase>
    <testcase classname="property getters canModifySvtTask reflects caseworkerAccess" name="property getters canModifySvtTask reflects caseworkerAccess" time="0">
    </testcase>
    <testcase classname="property getters canProgressSalesVerificationTask reflects caseworkerAccess" name="property getters canProgressSalesVerificationTask reflects caseworkerAccess" time="0">
    </testcase>
    <testcase classname="property getters canSubmitQcOutcome reflects saleDetailsCanSubmitQcOutcome" name="property getters canSubmitQcOutcome reflects saleDetailsCanSubmitQcOutcome" time="0.001">
    </testcase>
    <testcase classname="property getters shouldShowQcSection reflects saleDetailsShowQcSection" name="property getters shouldShowQcSection reflects saleDetailsShowQcSection" time="0">
    </testcase>
    <testcase classname="property getters entraObjectId returns empty string when not set" name="property getters entraObjectId returns empty string when not set" time="0.002">
    </testcase>
    <testcase classname="property getters entraObjectId returns stored value" name="property getters entraObjectId returns stored value" time="0">
    </testcase>
    <testcase classname="activeWorkspaceName screenKind &quot;managerAssign&quot; → &quot;Manager Assignment&quot;" name="activeWorkspaceName screenKind &quot;managerAssign&quot; → &quot;Manager Assignment&quot;" time="0.001">
    </testcase>
    <testcase classname="activeWorkspaceName screenKind &quot;qcAssign&quot; → &quot;QC Assignment&quot;" name="activeWorkspaceName screenKind &quot;qcAssign&quot; → &quot;QC Assignment&quot;" time="0">
    </testcase>
    <testcase classname="activeWorkspaceName screenKind &quot;caseworkerView&quot; → &quot;Caseworker View&quot;" name="activeWorkspaceName screenKind &quot;caseworkerView&quot; → &quot;Caseworker View&quot;" time="0">
    </testcase>
    <testcase classname="activeWorkspaceName screenKind &quot;qcView&quot; → &quot;QC View&quot;" name="activeWorkspaceName screenKind &quot;qcView&quot; → &quot;QC View&quot;" time="0">
    </testcase>
    <testcase classname="activeWorkspaceName screenKind &quot;salesSearch&quot; → &quot;Sales Search&quot;" name="activeWorkspaceName screenKind &quot;salesSearch&quot; → &quot;Sales Search&quot;" time="0.001">
    </testcase>
    <testcase classname="activeWorkspaceName screenKind &quot;custom&quot; → &quot;custom&quot;" name="activeWorkspaceName screenKind &quot;custom&quot; → &quot;custom&quot;" time="0">
    </testcase>
    <testcase classname="activeWorkspaceName screenKind &quot;&quot; → &quot;&quot;" name="activeWorkspaceName screenKind &quot;&quot; → &quot;&quot;" time="0">
    </testcase>
    <testcase classname="syncPcfViewSalesEnabled hides PCF details when disabled and currently shown" name="syncPcfViewSalesEnabled hides PCF details when disabled and currently shown" time="0">
    </testcase>
    <testcase classname="syncPcfViewSalesEnabled does nothing when enabled" name="syncPcfViewSalesEnabled does nothing when enabled" time="0.001">
    </testcase>
    <testcase classname="manager journey context setManagerJourneyActive(false) clears journey context" name="manager journey context setManagerJourneyActive(false) clears journey context" time="0">
    </testcase>
    <testcase classname="manager journey context setManagerJourneyActive(true) activates journey" name="manager journey context setManagerJourneyActive(true) activates journey" time="0">
    </testcase>
    <testcase classname="manager journey context updateManagerJourneyContext stores normalized context" name="manager journey context updateManagerJourneyContext stores normalized context" time="0.001">
    </testcase>
    <testcase classname="URL and ID getters from context getMdaAppId returns value from context param" name="URL and ID getters from context getMdaAppId returns value from context param" time="0.001">
    </testcase>
    <testcase classname="URL and ID getters from context getVmsBaseUrl returns value from context param" name="URL and ID getters from context getVmsBaseUrl returns value from context param" time="0">
    </testcase>
    <testcase classname="URL and ID getters from context getFxEnvironmentUrl falls back to context param when no page.getClientUrl" name="URL and ID getters from context getFxEnvironmentUrl falls back to context param when no page.getClientUrl" time="0.001">
    </testcase>
    <testcase classname="URL and ID getters from context getFxEnvironmentUrl returns empty string when both sources absent" name="URL and ID getters from context getFxEnvironmentUrl returns empty string when both sources absent" time="0.001">
    </testcase>
    <testcase classname="normalizeTaskIdForModifyTask (private) extracts digits from M-1234 format" name="normalizeTaskIdForModifyTask (private) extracts digits from M-1234 format" time="0.001">
    </testcase>
    <testcase classname="normalizeTaskIdForModifyTask (private) returns empty string for empty input" name="normalizeTaskIdForModifyTask (private) returns empty string for empty input" time="0">
    </testcase>
    <testcase classname="normalizeTaskIdForModifyTask (private) returns digits from numeric-only id" name="normalizeTaskIdForModifyTask (private) returns digits from numeric-only id" time="0">
    </testcase>
    <testcase classname="toBooleanFlag (private) toBooleanFlag(true) → true" name="toBooleanFlag (private) toBooleanFlag(true) → true" time="0">
    </testcase>
    <testcase classname="toBooleanFlag (private) toBooleanFlag(false) → false" name="toBooleanFlag (private) toBooleanFlag(false) → false" time="0.001">
    </testcase>
    <testcase classname="toBooleanFlag (private) toBooleanFlag(1) → true" name="toBooleanFlag (private) toBooleanFlag(1) → true" time="0">
    </testcase>
    <testcase classname="toBooleanFlag (private) toBooleanFlag(0) → false" name="toBooleanFlag (private) toBooleanFlag(0) → false" time="0">
    </testcase>
    <testcase classname="toBooleanFlag (private) toBooleanFlag(&quot;true&quot;) → true" name="toBooleanFlag (private) toBooleanFlag(&quot;true&quot;) → true" time="0.001">
    </testcase>
    <testcase classname="toBooleanFlag (private) toBooleanFlag(&quot;1&quot;) → true" name="toBooleanFlag (private) toBooleanFlag(&quot;1&quot;) → true" time="0">
    </testcase>
    <testcase classname="toBooleanFlag (private) toBooleanFlag(&quot;yes&quot;) → true" name="toBooleanFlag (private) toBooleanFlag(&quot;yes&quot;) → true" time="0">
    </testcase>
    <testcase classname="toBooleanFlag (private) toBooleanFlag(&quot;y&quot;) → true" name="toBooleanFlag (private) toBooleanFlag(&quot;y&quot;) → true" time="0.001">
    </testcase>
    <testcase classname="toBooleanFlag (private) toBooleanFlag(&quot;false&quot;) → false" name="toBooleanFlag (private) toBooleanFlag(&quot;false&quot;) → false" time="0">
    </testcase>
    <testcase classname="toBooleanFlag (private) toBooleanFlag(&quot;0&quot;) → false" name="toBooleanFlag (private) toBooleanFlag(&quot;0&quot;) → false" time="0">
    </testcase>
    <testcase classname="toBooleanFlag (private) toBooleanFlag(&quot;no&quot;) → false" name="toBooleanFlag (private) toBooleanFlag(&quot;no&quot;) → false" time="0">
    </testcase>
    <testcase classname="toBooleanFlag (private) toBooleanFlag(&quot;n&quot;) → false" name="toBooleanFlag (private) toBooleanFlag(&quot;n&quot;) → false" time="0">
    </testcase>
    <testcase classname="toBooleanFlag (private) toBooleanFlag(&quot;&quot;) → undefined" name="toBooleanFlag (private) toBooleanFlag(&quot;&quot;) → undefined" time="0.001">
    </testcase>
    <testcase classname="toBooleanFlag (private) toBooleanFlag(null) → undefined" name="toBooleanFlag (private) toBooleanFlag(null) → undefined" time="0">
    </testcase>
    <testcase classname="toBooleanFlag (private) toBooleanFlag(&quot;maybe&quot;) → undefined" name="toBooleanFlag (private) toBooleanFlag(&quot;maybe&quot;) → undefined" time="0.001">
    </testcase>
    <testcase classname="resolveHereditamentId (private) returns hereditamentId from top-level details" name="resolveHereditamentId (private) returns hereditamentId from top-level details" time="0.001">
    </testcase>
    <testcase classname="resolveHereditamentId (private) returns suId when hereditamentId absent" name="resolveHereditamentId (private) returns suId when hereditamentId absent" time="0.007">
    </testcase>
    <testcase classname="resolveHereditamentId (private) returns hereditamentId from nested propertyAndBandingDetails" name="resolveHereditamentId (private) returns hereditamentId from nested propertyAndBandingDetails" time="0">
    </testcase>
    <testcase classname="resolveHereditamentId (private) returns empty string when no candidates present" name="resolveHereditamentId (private) returns empty string when no candidates present" time="0.001">
    </testcase>
  </testsuite>
  <testsuite name="runtime text normalization" errors="0" failures="0" skipped="0" timestamp="2026-04-28T10:07:43" time="0.077" tests="2">
    <testcase classname="runtime text normalization normalizes en dash role names to plain hyphen for access checks" name="runtime text normalization normalizes en dash role names to plain hyphen for access checks" time="0.001">
    </testcase>
    <testcase classname="runtime text normalization preserves existing plain hyphen text" name="runtime text normalization preserves existing plain hyphen text" time="0.001">
    </testcase>
  </testsuite>
  <testsuite name="details list host load dedupe contract" errors="0" failures="0" skipped="0" timestamp="2026-04-28T10:07:43" time="0.065" tests="2">
    <testcase classname="details list host load dedupe contract skips starting a second identical in-flight grid load request" name="details list host load dedupe contract skips starting a second identical in-flight grid load request" time="0.001">
    </testcase>
    <testcase classname="details list host load dedupe contract ignores stale responses and clears in-flight key in finally" name="details list host load dedupe contract ignores stale responses and clears in-flight key in finally" time="0.001">
    </testcase>
  </testsuite>
  <testsuite name="preserveQcOutcomeDetails" errors="0" failures="0" skipped="0" timestamp="2026-04-28T10:07:43" time="0.08" tests="3">
    <testcase classname="preserveQcOutcomeDetails fills missing QC values from existing details for the same sale/task" name="preserveQcOutcomeDetails fills missing QC values from existing details for the same sale/task" time="0.002">
    </testcase>
    <testcase classname="preserveQcOutcomeDetails keeps incoming QC values when they are present" name="preserveQcOutcomeDetails keeps incoming QC values when they are present" time="0.005">
    </testcase>
    <testcase classname="preserveQcOutcomeDetails does not copy QC values when record identity differs" name="preserveQcOutcomeDetails does not copy QC values when record identity differs" time="0">
    </testcase>
  </testsuite>
  <testsuite name="identifier utils" errors="0" failures="0" skipped="0" timestamp="2026-04-28T10:07:43" time="0.066" tests="4">
    <testcase classname="identifier utils normalizeUserId trims and unwraps braces" name="identifier utils normalizeUserId trims and unwraps braces" time="0.002">
    </testcase>
    <testcase classname="identifier utils isGuidValue validates GUIDs" name="identifier utils isGuidValue validates GUIDs" time="0.001">
    </testcase>
    <testcase classname="identifier utils normalizeSuid returns empty for invalid values" name="identifier utils normalizeSuid returns empty for invalid values" time="0">
    </testcase>
    <testcase classname="identifier utils normalizeSuid unwraps and validates GUID" name="identifier utils normalizeSuid unwraps and validates GUID" time="0.001">
    </testcase>
  </testsuite>
  <testsuite name="sales search column filter reset guard" errors="0" failures="0" skipped="0" timestamp="2026-04-28T10:07:43" time="0.072" tests="4">
    <testcase classname="sales search column filter reset guard defines a dedicated reset notice for column filters when search criteria changes" name="sales search column filter reset guard defines a dedicated reset notice for column filters when search criteria changes" time="0.001">
    </testcase>
    <testcase classname="sales search column filter reset guard builds and tracks a search submission signature" name="sales search column filter reset guard builds and tracks a search submission signature" time="0">
    </testcase>
    <testcase classname="sales search column filter reset guard clears column filters and notifies parent when submitted search criteria changes" name="sales search column filter reset guard clears column filters and notifies parent when submitted search criteria changes" time="0.001">
    </testcase>
    <testcase classname="sales search column filter reset guard applies changed-search check to both sales and non-sales submit paths" name="sales search column filter reset guard applies changed-search check to both sales and non-sales submit paths" time="0.001">
    </testcase>
  </testsuite>
  <testsuite name="sales useful toggle and reassignment regression checks" errors="0" failures="0" skipped="0" timestamp="2026-04-28T10:07:43" time="0.071" tests="4">
    <testcase classname="sales useful toggle and reassignment regression checks toggle No -&gt; Yes does not keep why-not-useful as a required blocker" name="sales useful toggle and reassignment regression checks toggle No -&gt; Yes does not keep why-not-useful as a required blocker" time="0.002">
    </testcase>
    <testcase classname="sales useful toggle and reassignment regression checks component explicitly clears why-not-useful selection when sale useful is not No" name="sales useful toggle and reassignment regression checks component explicitly clears why-not-useful selection when sale useful is not No" time="0.001">
    </testcase>
    <testcase classname="sales useful toggle and reassignment regression checks component keeps Is this sale useful editable only when verification edit rule allows it" name="sales useful toggle and reassignment regression checks component keeps Is this sale useful editable only when verification edit rule allows it" time="0.001">
    </testcase>
    <testcase classname="sales useful toggle and reassignment regression checks assigned back to caseworker path remains editable via Assigned QC Failed status gate" name="sales useful toggle and reassignment regression checks assigned back to caseworker path remains editable via Assigned QC Failed status gate" time="0">
    </testcase>
  </testsuite>
  <testsuite name="user display name resolution" errors="0" failures="0" skipped="0" timestamp="2026-04-28T10:07:43" time="0.078" tests="4">
    <testcase classname="user display name resolution returns display name when database value already contains a name" name="user display name resolution returns display name when database value already contains a name" time="0.001">
    </testcase>
    <testcase classname="user display name resolution resolves GUID values regardless of casing/braces" name="user display name resolution resolves GUID values regardless of casing/braces" time="0">
    </testcase>
    <testcase classname="user display name resolution falls back gracefully when GUID has no matching user" name="user display name resolution falls back gracefully when GUID has no matching user" time="0.001">
    </testcase>
    <testcase classname="user display name resolution detects GUID-like values safely" name="user display name resolution detects GUID-like values safely" time="0">
    </testcase>
  </testsuite>
  <testsuite name="Filters" errors="0" failures="0" skipped="0" timestamp="2026-04-28T10:07:43" time="0.084" tests="6">
    <testcase classname="Filters normalizeUkPostcode uppercases and trims" name="Filters normalizeUkPostcode uppercases and trims" time="0.001">
    </testcase>
    <testcase classname="Filters isValidUkPostcode supports full and partial when allowed" name="Filters isValidUkPostcode supports full and partial when allowed" time="0.001">
    </testcase>
    <testcase classname="Filters sanitizeFilters trims and normalizes scalar fields" name="Filters sanitizeFilters trims and normalizes scalar fields" time="0.003">
    </testcase>
    <testcase classname="Filters sanitizeFilters handles billingAuthority and summaryFlag" name="Filters sanitizeFilters handles billingAuthority and summaryFlag" time="0.001">
    </testcase>
    <testcase classname="Filters sanitizeFilters handles dates and numeric ranges" name="Filters sanitizeFilters handles dates and numeric ranges" time="0.002">
    </testcase>
    <testcase classname="Filters sanitizeFilters trims multi-select fields" name="Filters sanitizeFilters trims multi-select fields" time="0.001">
    </testcase>
  </testsuite>
  <testsuite name="screen text" errors="0" failures="0" skipped="0" timestamp="2026-04-28T10:07:43" time="0.078" tests="7">
    <testcase classname="screen text qc view empty state matches No results found" name="screen text qc view empty state matches No results found" time="0.002">
    </testcase>
    <testcase classname="screen text prefilter accessibility text includes the required field key" name="screen text prefilter accessibility text includes the required field key" time="0.001">
    </testcase>
    <testcase classname="screen text common table text includes the results summary and horizontal scroll cue" name="screen text common table text includes the results summary and horizontal scroll cue" time="0.001">
    </testcase>
    <testcase classname="screen text sales search text includes a visible UPRN entry hint" name="screen text sales search text includes a visible UPRN entry hint" time="0">
    </testcase>
    <testcase classname="screen text sales search accessibility text includes the required field key" name="screen text sales search accessibility text includes the required field key" time="0.001">
    </testcase>
    <testcase classname="screen text common button text includes visible labels for close and overflow actions" name="screen text common button text includes visible labels for close and overflow actions" time="0.001">
    </testcase>
    <testcase classname="screen text common link text includes the visible new-tab cue" name="screen text common link text includes the visible new-tab cue" time="0">
    </testcase>
  </testsuite>
  <testsuite name="WR-334 Audit History AC" errors="0" failures="0" skipped="0" timestamp="2026-04-28T10:07:43" time="0.064" tests="6">
    <testcase classname="WR-334 Audit History AC AC1: Sales Audit History button fetches Sales Log history using auditType SL" name="WR-334 Audit History AC AC1: Sales Audit History button fetches Sales Log history using auditType SL" time="0.001">
    </testcase>
    <testcase classname="WR-334 Audit History AC AC2: QC Audit History button fetches QC history using auditType QC" name="WR-334 Audit History AC AC2: QC Audit History button fetches QC history using auditType QC" time="0">
    </testcase>
    <testcase classname="WR-334 Audit History AC AC3: audit modal displays user and change date metadata for each entry" name="WR-334 Audit History AC AC3: audit modal displays user and change date metadata for each entry" time="0.001">
    </testcase>
    <testcase classname="WR-334 Audit History AC AC4: audit entries are ordered with latest dates first, including UK date format handling" name="WR-334 Audit History AC AC4: audit entries are ordered with latest dates first, including UK date format handling" time="0">
    </testcase>
    <testcase classname="WR-334 Audit History AC AC5: audit field names are normalized to story-aligned labels in the view model" name="WR-334 Audit History AC AC5: audit field names are normalized to story-aligned labels in the view model" time="0.002">
    </testcase>
    <testcase classname="WR-334 Audit History AC Note: QC log access remains restricted to assigned caseworker, QC users, and managers" name="WR-334 Audit History AC Note: QC log access remains restricted to assigned caseworker, QC users, and managers" time="0.001">
    </testcase>
  </testsuite>
  <testsuite name="buildHereditamentUrl" errors="0" failures="0" skipped="0" timestamp="2026-04-28T10:07:43" time="0.08" tests="10">
    <testcase classname="buildHereditamentUrl builds VOS URL using app ID, suId and form ID" name="buildHereditamentUrl builds VOS URL using app ID, suId and form ID" time="0.001">
    </testcase>
    <testcase classname="buildHereditamentUrl returns empty string when environment URL or suId is missing" name="buildHereditamentUrl returns empty string when environment URL or suId is missing" time="0.002">
    </testcase>
    <testcase classname="buildHereditamentUrl parses host URL and falls back to appid from URL when config appid is empty" name="buildHereditamentUrl parses host URL and falls back to appid from URL when config appid is empty" time="0.001">
    </testcase>
    <testcase classname="buildDataEnhancementUrl builds request line item entity list URL using app ID and view ID" name="buildDataEnhancementUrl builds request line item entity list URL using app ID and view ID" time="0">
    </testcase>
    <testcase classname="buildDataEnhancementUrl returns empty string when environment URL is missing" name="buildDataEnhancementUrl returns empty string when environment URL is missing" time="0.001">
    </testcase>
    <testcase classname="buildDataEnhancementUrl uses appid from host URL when config appid is empty" name="buildDataEnhancementUrl uses appid from host URL when config appid is empty" time="0">
    </testcase>
    <testcase classname="buildDataEnhancementUrl returns empty string when appid cannot be resolved from config or host URL" name="buildDataEnhancementUrl returns empty string when appid cannot be resolved from config or host URL" time="0">
    </testcase>
    <testcase classname="buildDataEnhancementUrl falls back to appid from current browser URL when env URL has no appid" name="buildDataEnhancementUrl falls back to appid from current browser URL when env URL has no appid" time="0">
    </testcase>
    <testcase classname="buildDataEnhancementUrl falls back to environment app id from config map when env var is empty" name="buildDataEnhancementUrl falls back to environment app id from config map when env var is empty" time="0">
    </testcase>
    <testcase classname="buildDataEnhancementUrl env var app id takes precedence over environment app id map" name="buildDataEnhancementUrl env var app id takes precedence over environment app id map" time="0">
    </testcase>
  </testsuite>
  <testsuite name="WRT-313 Quality Control User Access to SVT AC" errors="0" failures="0" skipped="0" timestamp="2026-04-28T10:07:43" time="0.067" tests="4">
    <testcase classname="WRT-313 Quality Control User Access to SVT AC AC1: manager access includes Sales Record Search, Quality Control Assignment and Quality Control View" name="WRT-313 Quality Control User Access to SVT AC AC1: manager access includes Sales Record Search, Quality Control Assignment and Quality Control View" time="0.001">
    </testcase>
    <testcase classname="WRT-313 Quality Control User Access to SVT AC AC1: QC persona sees Sales Record Search, Quality Control Assignment and Quality Control View tiles" name="WRT-313 Quality Control User Access to SVT AC AC1: QC persona sees Sales Record Search, Quality Control Assignment and Quality Control View tiles" time="0">
    </testcase>
    <testcase classname="WRT-313 Quality Control User Access to SVT AC AC1: required manager screen labels and home tiles match expected titles" name="WRT-313 Quality Control User Access to SVT AC AC1: required manager screen labels and home tiles match expected titles" time="0.001">
    </testcase>
    <testcase classname="WRT-313 Quality Control User Access to SVT AC AC1: required manager screen names resolve to expected grid source and table config" name="WRT-313 Quality Control User Access to SVT AC AC1: required manager screen names resolve to expected grid source and table config" time="0.001">
    </testcase>
  </testsuite>
  <testsuite name="WRT-201 WLTT View and Promote AC" errors="0" failures="0" skipped="0" timestamp="2026-04-28T10:07:43" time="0.068" tests="4">
    <testcase classname="WRT-201 WLTT View and Promote AC AC1: WLTT section is shown after Master Sale Details and Calculated Values" name="WRT-201 WLTT View and Promote AC AC1: WLTT section is shown after Master Sale Details and Calculated Values" time="0.001">
    </testcase>
    <testcase classname="WRT-201 WLTT View and Promote AC AC2: WLTT section exposes required fields and multi-record navigation count" name="WRT-201 WLTT View and Promote AC AC2: WLTT section exposes required fields and multi-record navigation count" time="0.002">
    </testcase>
    <testcase classname="WRT-201 WLTT View and Promote AC AC3: WLTT current-master indicator and promote action update Sales Summary in-shell" name="WRT-201 WLTT View and Promote AC AC3: WLTT current-master indicator and promote action update Sales Summary in-shell" time="0">
    </testcase>
    <testcase classname="WRT-201 WLTT View and Promote AC AC4: promoted WLTT master is persisted only in submit payload merge path" name="WRT-201 WLTT View and Promote AC AC4: promoted WLTT master is persisted only in submit payload merge path" time="0.001">
    </testcase>
  </testsuite>
  <testsuite name="accessibility review gate: inactive controls" errors="0" failures="0" skipped="0" timestamp="2026-04-28T10:07:43" time="0.051" tests="5">
    <testcase classname="accessibility review gate: inactive controls removes inactive action controls from keyboard navigation with true disabled states" name="accessibility review gate: inactive controls removes inactive action controls from keyboard navigation with true disabled states" time="0.002">
    </testcase>
    <testcase classname="accessibility review gate: inactive controls keeps the calculated to-date field descriptive while removing it from keyboard navigation" name="accessibility review gate: inactive controls keeps the calculated to-date field descriptive while removing it from keyboard navigation" time="0">
    </testcase>
    <testcase classname="accessibility review gate: inactive controls adds a horizontal overflow cue for wide result tables" name="accessibility review gate: inactive controls adds a horizontal overflow cue for wide result tables" time="0.001">
    </testcase>
    <testcase classname="accessibility review gate: inactive controls styles inactive controls with a disabled appearance" name="accessibility review gate: inactive controls styles inactive controls with a disabled appearance" time="0">
    </testcase>
    <testcase classname="accessibility review gate: inactive controls keeps inline prefilter errors near their controls and announces them as assertive live messages" name="accessibility review gate: inactive controls keeps inline prefilter errors near their controls and announces them as assertive live messages" time="0.001">
    </testcase>
  </testsuite>
  <testsuite name="WRT-199 View and Update Sales Particulars AC" errors="0" failures="0" skipped="0" timestamp="2026-04-28T10:07:43" time="0.072" tests="7">
    <testcase classname="WRT-199 View and Update Sales Particulars AC AC1: Sales Particulars section is visible under HM Land Registry Price Paid Data and before Sales Verification" name="WRT-199 View and Update Sales Particulars AC AC1: Sales Particulars section is visible under HM Land Registry Price Paid Data and before Sales Verification" time="0.001">
    </testcase>
    <testcase classname="WRT-199 View and Update Sales Particulars AC AC2: review status is mandatory and shows exact validation message" name="WRT-199 View and Update Sales Particulars AC AC2: review status is mandatory and shows exact validation message" time="0.002">
    </testcase>
    <testcase classname="WRT-199 View and Update Sales Particulars AC AC3: calculate is disabled for Details not available and Not reviewed" name="WRT-199 View and Update Sales Particulars AC AC3: calculate is disabled for Details not available and Not reviewed" time="0">
    </testcase>
    <testcase classname="WRT-199 View and Update Sales Particulars AC AC4: dropdown values and scoring are sourced from Dataverse scoring rows, not hardcoded UI constants" name="WRT-199 View and Update Sales Particulars AC AC4: dropdown values and scoring are sourced from Dataverse scoring rows, not hardcoded UI constants" time="0.001">
    </testcase>
    <testcase classname="WRT-199 View and Update Sales Particulars AC AC5: mandatory field validation messages match specification for Details available" name="WRT-199 View and Update Sales Particulars AC AC5: mandatory field validation messages match specification for Details available" time="0.002">
    </testcase>
    <testcase classname="WRT-199 View and Update Sales Particulars AC AC6: calculate uses additive weighted component score and threshold-based condition category" name="WRT-199 View and Update Sales Particulars AC AC6: calculate uses additive weighted component score and threshold-based condition category" time="0.001">
    </testcase>
    <testcase classname="WRT-199 View and Update Sales Particulars AC AC7: scroll-to-top button is shown only after the details shell is scrolled" name="WRT-199 View and Update Sales Particulars AC AC7: scroll-to-top button is shown only after the details shell is scrolled" time="0.001">
    </testcase>
  </testsuite>
  <testsuite name="WRT-197 View Hereditament and Banding Details AC" errors="0" failures="0" skipped="0" timestamp="2026-04-28T10:07:43" time="0.059" tests="4">
    <testcase classname="WRT-197 View Hereditament and Banding Details AC AC1: sale details shows Hereditament and Banding Details below Hyperlinks" name="WRT-197 View Hereditament and Banding Details AC AC1: sale details shows Hereditament and Banding Details below Hyperlinks" time="0.006">
    </testcase>
    <testcase classname="WRT-197 View Hereditament and Banding Details AC AC2: section title and read-only field labels are present in structured layout" name="WRT-197 View Hereditament and Banding Details AC AC2: section title and read-only field labels are present in structured layout" time="0.001">
    </testcase>
    <testcase classname="WRT-197 View Hereditament and Banding Details AC AC3: Address hyperlink uses FxEnvironmentURL + suId and opens in new tab" name="WRT-197 View Hereditament and Banding Details AC AC3: Address hyperlink uses FxEnvironmentURL + suId and opens in new tab" time="0.001">
    </testcase>
    <testcase classname="WRT-197 View Hereditament and Banding Details AC AC4: banding effective date is formatted to DD/MM/YYYY" name="WRT-197 View Hereditament and Banding Details AC AC4: banding effective date is formatted to DD/MM/YYYY" time="0.001">
    </testcase>
  </testsuite>
  <testsuite name="WR-212 QC user can view sale record and update QC remarks AC" errors="0" failures="0" skipped="0" timestamp="2026-04-28T10:07:43" time="0.061" tests="10">
    <testcase classname="WR-212 QC user can view sale record and update QC remarks AC AC1: sale details remain read-only while a dedicated QC section is conditionally shown for QC assignment" name="WR-212 QC user can view sale record and update QC remarks AC AC1: sale details remain read-only while a dedicated QC section is conditionally shown for QC assignment" time="0.002">
    </testcase>
    <testcase classname="WR-212 QC user can view sale record and update QC remarks AC AC2: QC section shows undertaken-by, outcome pass/fail, and remarks with character counter" name="WR-212 QC user can view sale record and update QC remarks AC AC2: QC section shows undertaken-by, outcome pass/fail, and remarks with character counter" time="0.001">
    </testcase>
    <testcase classname="WR-212 QC user can view sale record and update QC remarks AC AC3: submitting QC outcome calls submit QC API then writes reviewer, outcome, remarks, and timestamp" name="WR-212 QC user can view sale record and update QC remarks AC AC3: submitting QC outcome calls submit QC API then writes reviewer, outcome, remarks, and timestamp" time="0.001">
    </testcase>
    <testcase classname="WR-212 QC user can view sale record and update QC remarks AC AC4: QC fail requires remarks and maps task status to Assigned QC Failed; pass maps to Complete Passed QC" name="WR-212 QC user can view sale record and update QC remarks AC AC4: QC fail requires remarks and maps task status to Assigned QC Failed; pass maps to Complete Passed QC" time="0">
    </testcase>
    <testcase classname="WR-212 QC user can view sale record and update QC remarks AC AC5: QC section contract is wired through shell/controller for assigned QC visibility and editability" name="WR-212 QC user can view sale record and update QC remarks AC AC5: QC section contract is wired through shell/controller for assigned QC visibility and editability" time="0.001">
    </testcase>
    <testcase classname="WR-212 QC user can view sale record and update QC remarks AC AC6: QC submit shows success in the dialog, then returns through the shell callback" name="WR-212 QC user can view sale record and update QC remarks AC AC6: QC submit shows success in the dialog, then returns through the shell callback" time="0">
    </testcase>
    <testcase classname="WR-212 QC user can view sale record and update QC remarks AC AC7: caseworker buttons are hidden for QC users via isQcView prop" name="WR-212 QC user can view sale record and update QC remarks AC AC7: caseworker buttons are hidden for QC users via isQcView prop" time="0.001">
    </testcase>
    <testcase classname="WR-212 QC user can view sale record and update QC remarks AC AC8: QC submit button text is dynamic based on pass/fail outcome selection" name="WR-212 QC user can view sale record and update QC remarks AC AC8: QC submit button text is dynamic based on pass/fail outcome selection" time="0">
    </testcase>
    <testcase classname="WR-212 QC user can view sale record and update QC remarks AC AC9: QC submit button uses government-standard green styling and is center-aligned" name="WR-212 QC user can view sale record and update QC remarks AC AC9: QC submit button uses government-standard green styling and is center-aligned" time="0.001">
    </testcase>
    <testcase classname="WR-212 QC user can view sale record and update QC remarks AC AC10: caseworker can view QC section read-only when assigned and QC details exist" name="WR-212 QC user can view sale record and update QC remarks AC AC10: caseworker can view QC section read-only when assigned and QC details exist" time="0.001">
    </testcase>
  </testsuite>
  <testsuite name="date input utils" errors="0" failures="0" skipped="0" timestamp="2026-04-28T10:07:43" time="0.081" tests="3">
    <testcase classname="date input utils parses UK slash dates" name="date input utils parses UK slash dates" time="0.001">
    </testcase>
    <testcase classname="date input utils parses dash-separated dates" name="date input utils parses dash-separated dates" time="0">
    </testcase>
    <testcase classname="date input utils returns null for invalid dates" name="date input utils returns null for invalid dates" time="0.001">
    </testcase>
  </testsuite>
  <testsuite name="date sort utils" errors="0" failures="0" skipped="0" timestamp="2026-04-28T10:07:43" time="0.068" tests="4">
    <testcase classname="date sort utils normalizes ISO dates to sortable key" name="date sort utils normalizes ISO dates to sortable key" time="0.002">
    </testcase>
    <testcase classname="date sort utils normalizes UK dates with slashes to sortable key" name="date sort utils normalizes UK dates with slashes to sortable key" time="0.001">
    </testcase>
    <testcase classname="date sort utils normalizes UK dates with dashes to sortable key" name="date sort utils normalizes UK dates with dashes to sortable key" time="0">
    </testcase>
    <testcase classname="date sort utils returns empty string for blank input" name="date sort utils returns empty string for blank input" time="0">
    </testcase>
  </testsuite>
  <testsuite name="WRT-308 Manual Task Creation AC" errors="0" failures="0" skipped="0" timestamp="2026-04-28T10:07:43" time="0.077" tests="7">
    <testcase classname="WRT-308 Manual Task Creation AC AC1: clicking Create Task from Sales Record details routes to manual task creation and auto-assignment context" name="WRT-308 Manual Task Creation AC AC1: clicking Create Task from Sales Record details routes to manual task creation and auto-assignment context" time="0.002">
    </testcase>
    <testcase classname="WRT-308 Manual Task Creation AC AC2: Create Task is disabled when a task ID already exists and without manager+caseworker access" name="WRT-308 Manual Task Creation AC AC2: Create Task is disabled when a task ID already exists and without manager+caseworker access" time="0.002">
    </testcase>
    <testcase classname="WRT-308 Manual Task Creation AC AC3: manual task IDs use the M- prefix path" name="WRT-308 Manual Task Creation AC AC3: manual task IDs use the M- prefix path" time="0">
    </testcase>
    <testcase classname="WRT-308 Manual Task Creation AC AC3b: clicking Create Task opens a confirmation dialog before creating" name="WRT-308 Manual Task Creation AC AC3b: clicking Create Task opens a confirmation dialog before creating" time="0.001">
    </testcase>
    <testcase classname="WRT-308 Manual Task Creation AC AC3c: Create Task success notification auto-dismisses (short-lived, stays on details view)" name="WRT-308 Manual Task Creation AC AC3c: Create Task success notification auto-dismisses (short-lived, stays on details view)" time="0.001">
    </testcase>
    <testcase classname="WRT-308 Manual Task Creation AC AC4: all-sales bulk Create Task uses the same manager+caseworker access gate" name="WRT-308 Manual Task Creation AC AC4: all-sales bulk Create Task uses the same manager+caseworker access gate" time="0.002">
    </testcase>
    <testcase classname="WRT-308 Manual Task Creation AC AC5: all-sales Create Task shows success banner, refreshes table, and stays on list; details Create Task refreshes details only" name="WRT-308 Manual Task Creation AC AC5: all-sales Create Task shows success banner, refreshes table, and stays on list; details Create Task refreshes details only" time="0.001">
    </testcase>
  </testsuite>
  <testsuite name="ratio ranges and condition score rounded to 2 decimal places" errors="0" failures="0" skipped="0" timestamp="2026-04-28T10:07:43" time="0.073" tests="13">
    <testcase classname="ratio ranges and condition score rounded to 2 decimal places roundTo2Dp helper is defined in the view model" name="ratio ranges and condition score rounded to 2 decimal places roundTo2Dp helper is defined in the view model" time="0.001">
    </testcase>
    <testcase classname="ratio ranges and condition score rounded to 2 decimal places roundTo2Dp returns value.toFixed(2) for finite numbers" name="ratio ranges and condition score rounded to 2 decimal places roundTo2Dp returns value.toFixed(2) for finite numbers" time="0">
    </testcase>
    <testcase classname="ratio ranges and condition score rounded to 2 decimal places previousRatioRange uses roundTo2Dp" name="ratio ranges and condition score rounded to 2 decimal places previousRatioRange uses roundTo2Dp" time="0.001">
    </testcase>
    <testcase classname="ratio ranges and condition score rounded to 2 decimal places latestRatioRange uses roundTo2Dp" name="ratio ranges and condition score rounded to 2 decimal places latestRatioRange uses roundTo2Dp" time="0">
    </testcase>
    <testcase classname="ratio ranges and condition score rounded to 2 decimal places conditionScore uses roundTo2Dp via toEditableInput" name="ratio ranges and condition score rounded to 2 decimal places conditionScore uses roundTo2Dp via toEditableInput" time="0">
    </testcase>
    <testcase classname="glazing and heating info icons removed glazing attributeTooltip is empty string" name="glazing and heating info icons removed glazing attributeTooltip is empty string" time="0">
    </testcase>
    <testcase classname="glazing and heating info icons removed heating attributeTooltip is empty string" name="glazing and heating info icons removed heating attributeTooltip is empty string" time="0.001">
    </testcase>
    <testcase classname="glazing and heating info icons removed glazing tooltip does not use firstNonEmpty" name="glazing and heating info icons removed glazing tooltip does not use firstNonEmpty" time="0">
    </testcase>
    <testcase classname="glazing and heating info icons removed heating tooltip does not use firstNonEmpty" name="glazing and heating info icons removed heating tooltip does not use firstNonEmpty" time="0">
    </testcase>
    <testcase classname="QC section hidden for non-QA users non-QA users always get showSection false" name="QC section hidden for non-QA users non-QA users always get showSection false" time="0.001">
    </testcase>
    <testcase classname="modify SVT task button hidden for Unknown User canShowModifyTaskButton checks assignedTo is not Unknown User" name="modify SVT task button hidden for Unknown User canShowModifyTaskButton checks assignedTo is not Unknown User" time="0">
    </testcase>
    <testcase classname="modify SVT task button hidden for Unknown User canShowModifyTaskButton depends on both statusText and assignedTo" name="modify SVT task button hidden for Unknown User canShowModifyTaskButton depends on both statusText and assignedTo" time="0">
    </testcase>
    <testcase classname="modify SVT task button hidden for Unknown User canShowModifyTaskButton memo includes assignedTo in dependency array" name="modify SVT task button hidden for Unknown User canShowModifyTaskButton memo includes assignedTo in dependency array" time="0">
    </testcase>
  </testsuite>
  <testsuite name="prefilter identity uses Entra IDs only" errors="0" failures="0" skipped="0" timestamp="2026-04-28T10:07:43" time="0.062" tests="6">
    <testcase classname="prefilter identity uses Entra IDs only manager journey preserves the current user Entra object id" name="prefilter identity uses Entra IDs only manager journey preserves the current user Entra object id" time="0.002">
    </testcase>
    <testcase classname="prefilter identity uses Entra IDs only details host resolves Entra object id before loading caseworker and QC views" name="prefilter identity uses Entra IDs only details host resolves Entra object id before loading caseworker and QC views" time="0.001">
    </testcase>
    <testcase classname="prefilter identity uses Entra IDs only details host remaps legacy system user ids to Entra ids before sending prefilters" name="prefilter identity uses Entra IDs only details host remaps legacy system user ids to Entra ids before sending prefilters" time="0.001">
    </testcase>
    <testcase classname="prefilter identity uses Entra IDs only caseworker and QC browser requests mirror the APIM and store proc contract" name="prefilter identity uses Entra IDs only caseworker and QC browser requests mirror the APIM and store proc contract" time="0">
    </testcase>
    <testcase classname="prefilter identity uses Entra IDs only grid restores retained prefilters and auto-applies stored searches without fallback loops" name="prefilter identity uses Entra IDs only grid restores retained prefilters and auto-applies stored searches without fallback loops" time="0.001">
    </testcase>
    <testcase classname="prefilter identity uses Entra IDs only load effect checks currentUserEntraLoading before consuming lastRef nonce to allow retry" name="prefilter identity uses Entra IDs only load effect checks currentUserEntraLoading before consuming lastRef nonce to allow retry" time="0.001">
    </testcase>
  </testsuite>
  <testsuite name="WRT-202 HM LRPPD View and Promote AC" errors="0" failures="0" skipped="0" timestamp="2026-04-28T10:07:43" time="0.063" tests="4">
    <testcase classname="WRT-202 HM LRPPD View and Promote AC AC1: HM LRPPD section is shown after WLTT section" name="WRT-202 HM LRPPD View and Promote AC AC1: HM LRPPD section is shown after WLTT section" time="0.002">
    </testcase>
    <testcase classname="WRT-202 HM LRPPD View and Promote AC AC2: HM LRPPD section exposes required fields and multi-record navigation count" name="WRT-202 HM LRPPD View and Promote AC AC2: HM LRPPD section exposes required fields and multi-record navigation count" time="0.001">
    </testcase>
    <testcase classname="WRT-202 HM LRPPD View and Promote AC AC3: HM LRPPD current-master indicator and promote action update Sales Summary in-shell" name="WRT-202 HM LRPPD View and Promote AC AC3: HM LRPPD current-master indicator and promote action update Sales Summary in-shell" time="0">
    </testcase>
    <testcase classname="WRT-202 HM LRPPD View and Promote AC AC4: promoted HM LRPPD master is persisted only in submit payload merge path" name="WRT-202 HM LRPPD View and Promote AC AC4: promoted HM LRPPD master is persisted only in submit payload merge path" time="0">
    </testcase>
  </testsuite>
  <testsuite name="WRT-310 View Sales Record via Manager Assignment AC" errors="0" failures="0" skipped="0" timestamp="2026-04-28T10:07:43" time="0.086" tests="5">
    <testcase classname="WRT-310 View Sales Record via Manager Assignment AC AC1: manager assignment view still exposes the View Sales Record action for a selected row" name="WRT-310 View Sales Record via Manager Assignment AC AC1: manager assignment view still exposes the View Sales Record action for a selected row" time="0.018">
    </testcase>
    <testcase classname="WRT-310 View Sales Record via Manager Assignment AC AC2: row invoke includes screen context so runtime can apply manager-specific access rules" name="WRT-310 View Sales Record via Manager Assignment AC AC2: row invoke includes screen context so runtime can apply manager-specific access rules" time="0.001">
    </testcase>
    <testcase classname="WRT-310 View Sales Record via Manager Assignment AC AC3: manager assignment stays read-only and only shows assign-to-yourself hint when task exists and record is unassigned" name="WRT-310 View Sales Record via Manager Assignment AC AC3: manager assignment stays read-only and only shows assign-to-yourself hint when task exists and record is unassigned" time="0.001">
    </testcase>
    <testcase classname="WRT-310 View Sales Record via Manager Assignment AC AC4: sale details shell shows the hint only when runtime supplies a read-only reason and passes persona permissions" name="WRT-310 View Sales Record via Manager Assignment AC AC4: sale details shell shows the hint only when runtime supplies a read-only reason and passes persona permissions" time="0.001">
    </testcase>
    <testcase classname="WRT-310 View Sales Record via Manager Assignment AC AC5: editable controls route through centralized action rules and stay disabled for read-only/non-caseworker" name="WRT-310 View Sales Record via Manager Assignment AC AC5: editable controls route through centralized action rules and stay disabled for read-only/non-caseworker" time="0">
    </testcase>
  </testsuite>
  <testsuite name="WRT-313 Caseworker Access to SVT AC" errors="0" failures="0" skipped="0" timestamp="2026-04-28T10:07:43" time="0.07" tests="3">
    <testcase classname="WRT-313 Caseworker Access to SVT AC AC1: caseworker persona can access Sales Record Search and Caseworker View" name="WRT-313 Caseworker Access to SVT AC AC1: caseworker persona can access Sales Record Search and Caseworker View" time="0.001">
    </testcase>
    <testcase classname="WRT-313 Caseworker Access to SVT AC AC1: required caseworker screen labels and home tiles match expected titles" name="WRT-313 Caseworker Access to SVT AC AC1: required caseworker screen labels and home tiles match expected titles" time="0.001">
    </testcase>
    <testcase classname="WRT-313 Caseworker Access to SVT AC AC1: required caseworker screen names resolve to expected grid source and table config" name="WRT-313 Caseworker Access to SVT AC AC1: required caseworker screen names resolve to expected grid source and table config" time="0.001">
    </testcase>
  </testsuite>
  <testsuite name="security review gate: Grid UI surface" errors="0" failures="0" skipped="0" timestamp="2026-04-28T10:07:43" time="0.057" tests="2">
    <testcase classname="security review gate: Grid UI surface does not use dangerous HTML/script injection APIs" name="security review gate: Grid UI surface does not use dangerous HTML/script injection APIs" time="0.002">
    </testcase>
    <testcase classname="security review gate: Grid UI surface keeps input sanitizers wired for key search fields" name="security review gate: Grid UI surface keeps input sanitizers wired for key search fields" time="0">
    </testcase>
  </testsuite>
  <testsuite name="prefilter utils" errors="0" failures="0" skipped="0" timestamp="2026-04-28T10:07:43" time="0.094" tests="10">
    <testcase classname="prefilter utils caseworker view forces caseworker searchBy" name="prefilter utils caseworker view forces caseworker searchBy" time="0.001">
    </testcase>
    <testcase classname="prefilter utils qc view forces qcUser searchBy" name="prefilter utils qc view forces qcUser searchBy" time="0.001">
    </testcase>
    <testcase classname="prefilter utils qc assignment uses default when invalid" name="prefilter utils qc assignment uses default when invalid" time="0">
    </testcase>
    <testcase classname="prefilter utils qc assignment allows valid key" name="prefilter utils qc assignment allows valid key" time="0">
    </testcase>
    <testcase classname="prefilter utils manager assignment uses default when invalid" name="prefilter utils manager assignment uses default when invalid" time="0.001">
    </testcase>
    <testcase classname="prefilter utils shouldRemoveStoredPrefilter only clears on explicit clear" name="prefilter utils shouldRemoveStoredPrefilter only clears on explicit clear" time="0">
    </testcase>
    <testcase classname="prefilter utils shouldSkipPrefilterAutoApply blocks auto-apply during manual apply" name="prefilter utils shouldSkipPrefilterAutoApply blocks auto-apply during manual apply" time="0.001">
    </testcase>
    <testcase classname="prefilter utils manager assignment waits for caseworker options when restoring named caseworker search" name="prefilter utils manager assignment waits for caseworker options when restoring named caseworker search" time="0.001">
    </testcase>
    <testcase classname="prefilter utils auto-apply does not wait when selected user is already a guid or all" name="prefilter utils auto-apply does not wait when selected user is already a guid or all" time="0">
    </testcase>
    <testcase classname="prefilter utils qc assignment waits for qc user options when restoring named qc user search" name="prefilter utils qc assignment waits for qc user options when restoring named qc user search" time="0.001">
    </testcase>
  </testsuite>
  <testsuite name="details list host hydration contract" errors="0" failures="0" skipped="0" timestamp="2026-04-28T10:07:43" time="0.073" tests="2">
    <testcase classname="details list host hydration contract waits for table-state restore before the load effect can fetch" name="details list host hydration contract waits for table-state restore before the load effect can fetch" time="0.002">
    </testcase>
    <testcase classname="details list host hydration contract waits for sales-search restore before the sales load effect can fetch" name="details list host hydration contract waits for sales-search restore before the sales load effect can fetch" time="0.001">
    </testcase>
  </testsuite>
  <testsuite name="audit user identity resolution" errors="0" failures="0" skipped="0" timestamp="2026-04-28T10:07:43" time="0.054" tests="2">
    <testcase classname="audit user identity resolution details host includes Entra and system user IDs in the shared display-name map" name="audit user identity resolution details host includes Entra and system user IDs in the shared display-name map" time="0.001">
    </testcase>
    <testcase classname="audit user identity resolution audit user token fallback never returns raw GUID values" name="audit user identity resolution audit user token fallback never returns raw GUID values" time="0.001">
    </testcase>
  </testsuite>
  <testsuite name="headings review gate" errors="0" failures="0" skipped="0" timestamp="2026-04-28T10:07:43" time="0.079" tests="3">
    <testcase classname="headings review gate uses a page-level h1 for the active grid title" name="headings review gate uses a page-level h1 for the active grid title" time="0.001">
    </testcase>
    <testcase classname="headings review gate uses a screen-level h1 for the assign dialog title and an h2 for the user list section" name="headings review gate uses a screen-level h1 for the assign dialog title and an h2 for the user list section" time="0">
    </testcase>
    <testcase classname="headings review gate keeps the spatial lookup title on a real heading instead of visual text only" name="headings review gate keeps the spatial lookup title on a real heading instead of visual text only" time="0.001">
    </testcase>
  </testsuite>
  <testsuite name="WRT-206 Non-SVT User Access AC" errors="0" failures="0" skipped="0" timestamp="2026-04-28T10:07:43" time="0.075" tests="4">
    <testcase classname="WRT-206 Non-SVT User Access AC AC1: non-SVT persona can access only Sales Record Search workspace" name="WRT-206 Non-SVT User Access AC AC1: non-SVT persona can access only Sales Record Search workspace" time="0.007">
    </testcase>
    <testcase classname="WRT-206 Non-SVT User Access AC AC1: Sales Record Search tile label and screen metadata remain stable" name="WRT-206 Non-SVT User Access AC AC1: Sales Record Search tile label and screen metadata remain stable" time="0.001">
    </testcase>
    <testcase classname="WRT-206 Non-SVT User Access AC AC1: Sales Record Search resolves to the sales table/grid source" name="WRT-206 Non-SVT User Access AC AC1: Sales Record Search resolves to the sales table/grid source" time="0.001">
    </testcase>
    <testcase classname="WRT-206 Non-SVT User Access AC AC1: manager journey treats persona none as restricted access, not no-access hard block" name="WRT-206 Non-SVT User Access AC AC1: manager journey treats persona none as restricted access, not no-access hard block" time="0.001">
    </testcase>
  </testsuite>
  <testsuite name="external URL sanitization" errors="0" failures="0" skipped="0" timestamp="2026-04-28T10:07:43" time="0.062" tests="4">
    <testcase classname="external URL sanitization allows absolute http and https URLs" name="external URL sanitization allows absolute http and https URLs" time="0.001">
    </testcase>
    <testcase classname="external URL sanitization blocks protocol-relative and non-http schemes" name="external URL sanitization blocks protocol-relative and non-http schemes" time="0">
    </testcase>
    <testcase classname="external URL sanitization resolves relative URLs only when explicitly allowed with a base URL" name="external URL sanitization resolves relative URLs only when explicitly allowed with a base URL" time="0.001">
    </testcase>
    <testcase classname="external URL sanitization blocks unknown/bare URL values" name="external URL sanitization blocks unknown/bare URL values" time="0">
    </testcase>
  </testsuite>
  <testsuite name="SvtModifyTask model" errors="0" failures="0" skipped="0" timestamp="2026-04-28T10:07:42" time="0.321" tests="133">
    <testcase classname="SvtModifyTask model SvtModifyTaskRequest real payload satisfies the request interface" name="SvtModifyTask model SvtModifyTaskRequest real payload satisfies the request interface" time="0.002">
    </testcase>
    <testcase classname="SvtModifyTask model SvtModifyTaskRequest all four fields are strings" name="SvtModifyTask model SvtModifyTaskRequest all four fields are strings" time="0">
    </testcase>
    <testcase classname="SvtModifyTask model SvtModifyTaskRequest taskList is a JSON-stringified array" name="SvtModifyTask model SvtModifyTaskRequest taskList is a JSON-stringified array" time="0.012">
    </testcase>
    <testcase classname="SvtModifyTask model SvtModifyTaskRequest PCF typically sends taskStatus &quot;Assigned&quot; (reopen flow)" name="SvtModifyTask model SvtModifyTaskRequest PCF typically sends taskStatus &quot;Assigned&quot; (reopen flow)" time="0.001">
    </testcase>
    <testcase classname="SvtModifyTask model SvtModifyTaskResponse real response has Result string" name="SvtModifyTask model SvtModifyTaskResponse real response has Result string" time="0.025">
    </testcase>
    <testcase classname="SvtModifyTask model SvtModifyTaskResponse Result is a string (may be JSON-escaped)" name="SvtModifyTask model SvtModifyTaskResponse Result is a string (may be JSON-escaped)" time="0.001">
    </testcase>
    <testcase classname="SvtModifyTask model SvtModifyTaskResponse @odata.context is optional" name="SvtModifyTask model SvtModifyTaskResponse @odata.context is optional" time="0">
    </testcase>
    <testcase classname="SvtModifyTask model SvtModifyTaskResponse response without @odata.context is also valid" name="SvtModifyTask model SvtModifyTaskResponse response without @odata.context is also valid" time="0.03">
    </testcase>
    <testcase classname="SvtModifyTask model ModifyTaskApimPayload taskList is an array in the APIM payload" name="SvtModifyTask model ModifyTaskApimPayload taskList is an array in the APIM payload" time="0.003">
    </testcase>
    <testcase classname="SvtModifyTask model ModifyTaskApimPayload APIM payload has all four required fields" name="SvtModifyTask model ModifyTaskApimPayload APIM payload has all four required fields" time="0.002">
    </testcase>
    <testcase classname="SvtModifyTask model ModifyTaskApimPayload plugin normalizes task IDs to digits only" name="SvtModifyTask model ModifyTaskApimPayload plugin normalizes task IDs to digits only" time="0.001">
    </testcase>
    <testcase classname="SvtModifyTask model ModifyTaskApimPayload taskList can contain multiple task IDs" name="SvtModifyTask model ModifyTaskApimPayload taskList can contain multiple task IDs" time="0">
    </testcase>
    <testcase classname="SvtModifyTask model ModifyTaskMergePayload taskStatus is required" name="SvtModifyTask model ModifyTaskMergePayload taskStatus is required" time="0">
    </testcase>
    <testcase classname="SvtModifyTask model ModifyTaskMergePayload optional fields for assignment details" name="SvtModifyTask model ModifyTaskMergePayload optional fields for assignment details" time="0.001">
    </testcase>
    <testcase classname="SvtModifyTask model type aliases ModifyTaskAllowedStatus matches the two allowed statuses" name="SvtModifyTask model type aliases ModifyTaskAllowedStatus matches the two allowed statuses" time="0">
    </testcase>
    <testcase classname="SvtModifyTask model type aliases ModifyTaskTargetStatus is always Assigned" name="SvtModifyTask model type aliases ModifyTaskTargetStatus is always Assigned" time="0">
    </testcase>
    <testcase classname="SvtModifyTask model type aliases ModifyTaskSource is always VSRT" name="SvtModifyTask model type aliases ModifyTaskSource is always VSRT" time="0">
    </testcase>
    <testcase classname="SvtModifyTask model type aliases ModifyTaskAccessRole is Caseworker" name="SvtModifyTask model type aliases ModifyTaskAccessRole is Caseworker" time="0">
    </testcase>
    <testcase classname="SvtModifyTask model type aliases ModifyTaskResult has success and message" name="SvtModifyTask model type aliases ModifyTaskResult has success and message" time="0.001">
    </testcase>
    <testcase classname="SvtModifyTask model type aliases ModifyTaskSuccessHint covers all recognized keywords" name="SvtModifyTask model type aliases ModifyTaskSuccessHint covers all recognized keywords" time="0">
    </testcase>
    <testcase classname="SvtModifyTask model Field alias interfaces ModifyTaskStatusFields covers 3 status keys" name="SvtModifyTask model Field alias interfaces ModifyTaskStatusFields covers 3 status keys" time="0">
    </testcase>
    <testcase classname="SvtModifyTask model Field alias interfaces ModifyTaskAssignedToFields covers 6 keys" name="SvtModifyTask model Field alias interfaces ModifyTaskAssignedToFields covers 6 keys" time="0">
    </testcase>
    <testcase classname="SvtModifyTask model Field alias interfaces ModifyTaskAssignedToUserIdFields covers 6 keys" name="SvtModifyTask model Field alias interfaces ModifyTaskAssignedToUserIdFields covers 6 keys" time="0.001">
    </testcase>
    <testcase classname="SvtModifyTask model Field alias interfaces ModifyTaskAssignedDateFields covers 6 keys" name="SvtModifyTask model Field alias interfaces ModifyTaskAssignedDateFields covers 6 keys" time="0">
    </testcase>
    <testcase classname="SvtModifyTask model Field alias interfaces ModifyTaskClearedDateFields covers 4 keys cleared to null" name="SvtModifyTask model Field alias interfaces ModifyTaskClearedDateFields covers 4 keys cleared to null" time="0">
    </testcase>
    <testcase classname="PCF modifySvtTask() flow (DetailsListRuntimeController.ts) modifySvtTask is a public async method" name="PCF modifySvtTask() flow (DetailsListRuntimeController.ts) modifySvtTask is a public async method" time="0.001">
    </testcase>
    <testcase classname="PCF modifySvtTask() flow (DetailsListRuntimeController.ts) checks for existing task ID before proceeding" name="PCF modifySvtTask() flow (DetailsListRuntimeController.ts) checks for existing task ID before proceeding" time="0">
    </testcase>
    <testcase classname="PCF modifySvtTask() flow (DetailsListRuntimeController.ts) validates task status is in MODIFY_TASK_ALLOWED_STATUSES" name="PCF modifySvtTask() flow (DetailsListRuntimeController.ts) validates task status is in MODIFY_TASK_ALLOWED_STATUSES" time="0">
    </testcase>
    <testcase classname="PCF modifySvtTask() flow (DetailsListRuntimeController.ts) MODIFY_TASK_ALLOWED_STATUSES contains complete and complete passed qc" name="PCF modifySvtTask() flow (DetailsListRuntimeController.ts) MODIFY_TASK_ALLOWED_STATUSES contains complete and complete passed qc" time="0.001">
    </testcase>
    <testcase classname="PCF modifySvtTask() flow (DetailsListRuntimeController.ts) enforces caseworker access before modification" name="PCF modifySvtTask() flow (DetailsListRuntimeController.ts) enforces caseworker access before modification" time="0">
    </testcase>
    <testcase classname="PCF modifySvtTask() flow (DetailsListRuntimeController.ts) resolves API name from config" name="PCF modifySvtTask() flow (DetailsListRuntimeController.ts) resolves API name from config" time="0">
    </testcase>
    <testcase classname="PCF modifySvtTask() flow (DetailsListRuntimeController.ts) normalizes task ID before sending" name="PCF modifySvtTask() flow (DetailsListRuntimeController.ts) normalizes task ID before sending" time="0">
    </testcase>
    <testcase classname="PCF modifySvtTask() flow (DetailsListRuntimeController.ts) sends source as VSRT" name="PCF modifySvtTask() flow (DetailsListRuntimeController.ts) sends source as VSRT" time="0.001">
    </testcase>
    <testcase classname="PCF modifySvtTask() flow (DetailsListRuntimeController.ts) always sends taskStatus as Assigned" name="PCF modifySvtTask() flow (DetailsListRuntimeController.ts) always sends taskStatus as Assigned" time="0">
    </testcase>
    <testcase classname="PCF modifySvtTask() flow (DetailsListRuntimeController.ts) wraps task ID as JSON.stringify([normalizedTaskId])" name="PCF modifySvtTask() flow (DetailsListRuntimeController.ts) wraps task ID as JSON.stringify([normalizedTaskId])" time="0">
    </testcase>
    <testcase classname="PCF modifySvtTask() flow (DetailsListRuntimeController.ts) resolves requestedBy from current user context" name="PCF modifySvtTask() flow (DetailsListRuntimeController.ts) resolves requestedBy from current user context" time="0">
    </testcase>
    <testcase classname="PCF modifySvtTask() flow (DetailsListRuntimeController.ts) uses configured API type for operation" name="PCF modifySvtTask() flow (DetailsListRuntimeController.ts) uses configured API type for operation" time="0">
    </testcase>
    <testcase classname="PCF modifySvtTask() flow (DetailsListRuntimeController.ts) parses response with parseModifyTaskResult" name="PCF modifySvtTask() flow (DetailsListRuntimeController.ts) parses response with parseModifyTaskResult" time="0">
    </testcase>
    <testcase classname="PCF modifySvtTask() flow (DetailsListRuntimeController.ts) throws on failed result" name="PCF modifySvtTask() flow (DetailsListRuntimeController.ts) throws on failed result" time="0">
    </testcase>
    <testcase classname="PCF modifySvtTask() flow (DetailsListRuntimeController.ts) merges details with taskStatus Assigned on success" name="PCF modifySvtTask() flow (DetailsListRuntimeController.ts) merges details with taskStatus Assigned on success" time="0.001">
    </testcase>
    <testcase classname="PCF modifySvtTask() flow (DetailsListRuntimeController.ts) sets assignedTo from current user display name" name="PCF modifySvtTask() flow (DetailsListRuntimeController.ts) sets assignedTo from current user display name" time="0">
    </testcase>
    <testcase classname="PCF modifySvtTask() flow (DetailsListRuntimeController.ts) sets assignedToUserId from requestedBy" name="PCF modifySvtTask() flow (DetailsListRuntimeController.ts) sets assignedToUserId from requestedBy" time="0">
    </testcase>
    <testcase classname="PCF modifySvtTask() flow (DetailsListRuntimeController.ts) sets assignedDateIso to current ISO timestamp" name="PCF modifySvtTask() flow (DetailsListRuntimeController.ts) sets assignedDateIso to current ISO timestamp" time="0">
    </testcase>
    <testcase classname="PCF modifySvtTask() flow (DetailsListRuntimeController.ts) refreshes access and QC section after merge" name="PCF modifySvtTask() flow (DetailsListRuntimeController.ts) refreshes access and QC section after merge" time="0.001">
    </testcase>
    <testcase classname="PCF modifySvtTask() flow (DetailsListRuntimeController.ts) notifies output changed after completion" name="PCF modifySvtTask() flow (DetailsListRuntimeController.ts) notifies output changed after completion" time="0">
    </testcase>
    <testcase classname="normalizeTaskIdForModifyTask (DetailsListRuntimeController.ts) method exists as a private method" name="normalizeTaskIdForModifyTask (DetailsListRuntimeController.ts) method exists as a private method" time="0">
    </testcase>
    <testcase classname="normalizeTaskIdForModifyTask (DetailsListRuntimeController.ts) strips non-digit characters via regex" name="normalizeTaskIdForModifyTask (DetailsListRuntimeController.ts) strips non-digit characters via regex" time="0">
    </testcase>
    <testcase classname="normalizeTaskIdForModifyTask (DetailsListRuntimeController.ts) returns digits-only string when digits are present" name="normalizeTaskIdForModifyTask (DetailsListRuntimeController.ts) returns digits-only string when digits are present" time="0">
    </testcase>
    <testcase classname="normalizeTaskIdForModifyTask (DetailsListRuntimeController.ts) falls back to original when no digits found" name="normalizeTaskIdForModifyTask (DetailsListRuntimeController.ts) falls back to original when no digits found" time="0.001">
    </testcase>
    <testcase classname="normalizeTaskIdForModifyTask (DetailsListRuntimeController.ts) returns empty string when input is empty" name="normalizeTaskIdForModifyTask (DetailsListRuntimeController.ts) returns empty string when input is empty" time="0">
    </testcase>
    <testcase classname="normalizeTaskIdForModifyTask (DetailsListRuntimeController.ts) handles task ID with A- prefix (real scenario)" name="normalizeTaskIdForModifyTask (DetailsListRuntimeController.ts) handles task ID with A- prefix (real scenario)" time="0">
    </testcase>
    <testcase classname="normalizeTaskIdForModifyTask (DetailsListRuntimeController.ts) handles pure numeric task ID (no change)" name="normalizeTaskIdForModifyTask (DetailsListRuntimeController.ts) handles pure numeric task ID (no change)" time="0">
    </testcase>
    <testcase classname="normalizeTaskIdForModifyTask (DetailsListRuntimeController.ts) plugin and PCF use equivalent normalization logic" name="normalizeTaskIdForModifyTask (DetailsListRuntimeController.ts) plugin and PCF use equivalent normalization logic" time="0.001">
    </testcase>
    <testcase classname="mergeModifyTaskDetails and helpers (sale-details.ts) applyModifyTaskDetails() function exists" name="mergeModifyTaskDetails and helpers (sale-details.ts) applyModifyTaskDetails() function exists" time="0">
    </testcase>
    <testcase classname="mergeModifyTaskDetails and helpers (sale-details.ts) applyModifyTaskDetails() writes 3 status keys: taskStatus, taskstatus, status" name="mergeModifyTaskDetails and helpers (sale-details.ts) applyModifyTaskDetails() writes 3 status keys: taskStatus, taskstatus, status" time="0">
    </testcase>
    <testcase classname="mergeModifyTaskDetails and helpers (sale-details.ts) applyModifyTaskDetails() writes 6 assignedTo keys when value is present" name="mergeModifyTaskDetails and helpers (sale-details.ts) applyModifyTaskDetails() writes 6 assignedTo keys when value is present" time="0.001">
    </testcase>
    <testcase classname="mergeModifyTaskDetails and helpers (sale-details.ts) applyModifyTaskDetails() writes 6 assignedToUserId keys when value is present" name="mergeModifyTaskDetails and helpers (sale-details.ts) applyModifyTaskDetails() writes 6 assignedToUserId keys when value is present" time="0">
    </testcase>
    <testcase classname="mergeModifyTaskDetails and helpers (sale-details.ts) applyModifyTaskDetails() writes 6 assignedDate keys when value is present" name="mergeModifyTaskDetails and helpers (sale-details.ts) applyModifyTaskDetails() writes 6 assignedDate keys when value is present" time="0.001">
    </testcase>
    <testcase classname="mergeModifyTaskDetails and helpers (sale-details.ts) applyModifyTaskDetails() clears 4 completion date fields to null unconditionally" name="mergeModifyTaskDetails and helpers (sale-details.ts) applyModifyTaskDetails() clears 4 completion date fields to null unconditionally" time="0">
    </testcase>
    <testcase classname="mergeModifyTaskDetails and helpers (sale-details.ts) mergeModifyTaskDetails() is an exported function" name="mergeModifyTaskDetails and helpers (sale-details.ts) mergeModifyTaskDetails() is an exported function" time="0.001">
    </testcase>
    <testcase classname="mergeModifyTaskDetails and helpers (sale-details.ts) mergeModifyTaskDetails() applies to salesVerificationTaskDetails" name="mergeModifyTaskDetails and helpers (sale-details.ts) mergeModifyTaskDetails() applies to salesVerificationTaskDetails" time="0">
    </testcase>
    <testcase classname="mergeModifyTaskDetails and helpers (sale-details.ts) mergeModifyTaskDetails() applies to taskDetails" name="mergeModifyTaskDetails and helpers (sale-details.ts) mergeModifyTaskDetails() applies to taskDetails" time="0.001">
    </testcase>
    <testcase classname="mergeModifyTaskDetails and helpers (sale-details.ts) mergeModifyTaskDetails() returns serialized JSON" name="mergeModifyTaskDetails and helpers (sale-details.ts) mergeModifyTaskDetails() returns serialized JSON" time="0">
    </testcase>
    <testcase classname="parseModifyTaskResult (actions.ts) parseModifyTaskResult is an exported function" name="parseModifyTaskResult (actions.ts) parseModifyTaskResult is an exported function" time="0.001">
    </testcase>
    <testcase classname="parseModifyTaskResult (actions.ts) unwraps response via unwrapCustomApiPayload" name="parseModifyTaskResult (actions.ts) unwraps response via unwrapCustomApiPayload" time="0">
    </testcase>
    <testcase classname="parseModifyTaskResult (actions.ts) falls back to parsing raw response" name="parseModifyTaskResult (actions.ts) falls back to parsing raw response" time="0">
    </testcase>
    <testcase classname="parseModifyTaskResult (actions.ts) returns failure result when parsing fails" name="parseModifyTaskResult (actions.ts) returns failure result when parsing fails" time="0.001">
    </testcase>
    <testcase classname="parseModifyTaskResult (actions.ts) parseModifyTaskCandidate has max depth of 5" name="parseModifyTaskResult (actions.ts) parseModifyTaskCandidate has max depth of 5" time="0">
    </testcase>
    <testcase classname="parseModifyTaskResult (actions.ts) recursively parses JSON strings" name="parseModifyTaskResult (actions.ts) recursively parses JSON strings" time="0">
    </testcase>
    <testcase classname="parseModifyTaskResult (actions.ts) recognizes success keywords (case-insensitive)" name="parseModifyTaskResult (actions.ts) recognizes success keywords (case-insensitive)" time="0.001">
    </testcase>
    <testcase classname="parseModifyTaskResult (actions.ts) strips quotes before keyword matching" name="parseModifyTaskResult (actions.ts) strips quotes before keyword matching" time="0.001">
    </testcase>
    <testcase classname="parseModifyTaskResult (actions.ts) unwraps Result/result properties from objects" name="parseModifyTaskResult (actions.ts) unwraps Result/result properties from objects" time="0">
    </testcase>
    <testcase classname="parseModifyTaskResult (actions.ts) checks success property on plain objects" name="parseModifyTaskResult (actions.ts) checks success property on plain objects" time="0">
    </testcase>
    <testcase classname="parseModifyTaskResult (actions.ts) ModifyTaskResult interface has success and message" name="parseModifyTaskResult (actions.ts) ModifyTaskResult interface has success and message" time="0.001">
    </testcase>
    <testcase classname="Real payload: Complete scenario (A-1000542) request fields match the real POST body" name="Real payload: Complete scenario (A-1000542) request fields match the real POST body" time="0">
    </testcase>
    <testcase classname="Real payload: Complete scenario (A-1000542) taskList is a JSON array with the raw task ID" name="Real payload: Complete scenario (A-1000542) taskList is a JSON array with the raw task ID" time="0">
    </testcase>
    <testcase classname="Real payload: Complete scenario (A-1000542) response Result is a JSON-escaped &quot;SUCCEED&quot; string" name="Real payload: Complete scenario (A-1000542) response Result is a JSON-escaped &quot;SUCCEED&quot; string" time="0.001">
    </testcase>
    <testcase classname="Real payload: Complete scenario (A-1000542) SUCCEED is a recognized success keyword" name="Real payload: Complete scenario (A-1000542) SUCCEED is a recognized success keyword" time="0">
    </testcase>
    <testcase classname="Real payload: Complete scenario (A-1000542) plugin would normalize A-1000542 to 1000542 (digits only)" name="Real payload: Complete scenario (A-1000542) plugin would normalize A-1000542 to 1000542 (digits only)" time="0">
    </testcase>
    <testcase classname="Real payload: Complete scenario (A-1000542) PCF normalizeTaskIdForModifyTask would also produce 1000542" name="Real payload: Complete scenario (A-1000542) PCF normalizeTaskIdForModifyTask would also produce 1000542" time="0.001">
    </testcase>
    <testcase classname="Real payload: Complete scenario (A-1000542) plugin would build APIM payload with normalized taskList" name="Real payload: Complete scenario (A-1000542) plugin would build APIM payload with normalized taskList" time="0">
    </testcase>
    <testcase classname="Real payload: Complete scenario (A-1000542) real payload vs PCF payload: taskStatus difference is intentional" name="Real payload: Complete scenario (A-1000542) real payload vs PCF payload: taskStatus difference is intentional" time="0">
    </testcase>
    <testcase classname="Real payload: Complete scenario (A-1000542) requestedBy is a valid GUID format" name="Real payload: Complete scenario (A-1000542) requestedBy is a valid GUID format" time="0.001">
    </testcase>
    <testcase classname="Modify task merge scenarios Assigned merge: sets status to Assigned and clears completion dates" name="Modify task merge scenarios Assigned merge: sets status to Assigned and clears completion dates" time="0.001">
    </testcase>
    <testcase classname="Modify task merge scenarios assignedTo fields are set across all 6 aliases" name="Modify task merge scenarios assignedTo fields are set across all 6 aliases" time="0">
    </testcase>
    <testcase classname="Modify task merge scenarios assignedToUserId fields are set across all 6 aliases" name="Modify task merge scenarios assignedToUserId fields are set across all 6 aliases" time="0.001">
    </testcase>
    <testcase classname="Modify task merge scenarios assignedDate fields are set across all 6 aliases" name="Modify task merge scenarios assignedDate fields are set across all 6 aliases" time="0.001">
    </testcase>
    <testcase classname="Modify task merge scenarios completion dates are always cleared to null (reopening a task)" name="Modify task merge scenarios completion dates are always cleared to null (reopening a task)" time="0">
    </testcase>
    <testcase classname="Modify task merge scenarios taskDetails mirror salesVerificationTaskDetails for backward compat" name="Modify task merge scenarios taskDetails mirror salesVerificationTaskDetails for backward compat" time="0">
    </testcase>
    <testcase classname="Modify task merge scenarios merge preserves existing taskId in both sections" name="Modify task merge scenarios merge preserves existing taskId in both sections" time="0">
    </testcase>
    <testcase classname="Modify task merge scenarios previous completion dates from &quot;Complete&quot; status are overwritten to null" name="Modify task merge scenarios previous completion dates from &quot;Complete&quot; status are overwritten to null" time="0.001">
    </testcase>
    <testcase classname="Modify task merge scenarios lowercase aliases are consistent with canonical fields" name="Modify task merge scenarios lowercase aliases are consistent with canonical fields" time="0.001">
    </testcase>
    <testcase classname="Control config for modify task API modifyTaskApiName is voa_SvtModifyTask" name="Control config for modify task API modifyTaskApiName is voa_SvtModifyTask" time="0">
    </testcase>
    <testcase classname="Control config for modify task API modifyTaskApiType is action" name="Control config for modify task API modifyTaskApiType is action" time="0">
    </testcase>
    <testcase classname="Documentation alignment (svtModifySvtTask.md) docs describe voa_SvtModifyTask as an unbound action" name="Documentation alignment (svtModifySvtTask.md) docs describe voa_SvtModifyTask as an unbound action" time="0.001">
    </testcase>
    <testcase classname="Documentation alignment (svtModifySvtTask.md) docs mention source parameter" name="Documentation alignment (svtModifySvtTask.md) docs mention source parameter" time="0">
    </testcase>
    <testcase classname="Documentation alignment (svtModifySvtTask.md) docs mention taskStatus parameter" name="Documentation alignment (svtModifySvtTask.md) docs mention taskStatus parameter" time="0">
    </testcase>
    <testcase classname="Documentation alignment (svtModifySvtTask.md) docs mention taskList parameter" name="Documentation alignment (svtModifySvtTask.md) docs mention taskList parameter" time="0">
    </testcase>
    <testcase classname="Documentation alignment (svtModifySvtTask.md) docs mention requestedBy parameter" name="Documentation alignment (svtModifySvtTask.md) docs mention requestedBy parameter" time="0">
    </testcase>
    <testcase classname="Documentation alignment (svtModifySvtTask.md) docs mention Result output parameter" name="Documentation alignment (svtModifySvtTask.md) docs mention Result output parameter" time="0.001">
    </testcase>
    <testcase classname="Documentation alignment (svtModifySvtTask.md) docs describe caseworker-only access" name="Documentation alignment (svtModifySvtTask.md) docs describe caseworker-only access" time="0">
    </testcase>
    <testcase classname="ParseTaskIds simulation (matching plugin C# logic) JSON array: [&quot;A-1000542&quot;] → [&quot;1000542&quot;]" name="ParseTaskIds simulation (matching plugin C# logic) JSON array: [&quot;A-1000542&quot;] → [&quot;1000542&quot;]" time="0">
    </testcase>
    <testcase classname="ParseTaskIds simulation (matching plugin C# logic) JSON array: [&quot;1000542&quot;] → [&quot;1000542&quot;]" name="ParseTaskIds simulation (matching plugin C# logic) JSON array: [&quot;1000542&quot;] → [&quot;1000542&quot;]" time="0">
    </testcase>
    <testcase classname="ParseTaskIds simulation (matching plugin C# logic) JSON array with multiple items" name="ParseTaskIds simulation (matching plugin C# logic) JSON array with multiple items" time="0">
    </testcase>
    <testcase classname="ParseTaskIds simulation (matching plugin C# logic) comma-separated: &quot;A-100,B-200&quot; → [&quot;100&quot;,&quot;200&quot;]" name="ParseTaskIds simulation (matching plugin C# logic) comma-separated: &quot;A-100,B-200&quot; → [&quot;100&quot;,&quot;200&quot;]" time="0.001">
    </testcase>
    <testcase classname="ParseTaskIds simulation (matching plugin C# logic) single value: &quot;A-1000542&quot; → [&quot;1000542&quot;]" name="ParseTaskIds simulation (matching plugin C# logic) single value: &quot;A-1000542&quot; → [&quot;1000542&quot;]" time="0">
    </testcase>
    <testcase classname="ParseTaskIds simulation (matching plugin C# logic) single numeric value: &quot;1000542&quot; → [&quot;1000542&quot;]" name="ParseTaskIds simulation (matching plugin C# logic) single numeric value: &quot;1000542&quot; → [&quot;1000542&quot;]" time="0">
    </testcase>
    <testcase classname="ParseTaskIds simulation (matching plugin C# logic) empty string returns empty array" name="ParseTaskIds simulation (matching plugin C# logic) empty string returns empty array" time="0">
    </testcase>
    <testcase classname="ParseTaskIds simulation (matching plugin C# logic) value with no digits falls back to original" name="ParseTaskIds simulation (matching plugin C# logic) value with no digits falls back to original" time="0">
    </testcase>
    <testcase classname="ParseTaskIds simulation (matching plugin C# logic) real user payload: JSON.stringify([&quot;A-1000542&quot;]) → [&quot;1000542&quot;]" name="ParseTaskIds simulation (matching plugin C# logic) real user payload: JSON.stringify([&quot;A-1000542&quot;]) → [&quot;1000542&quot;]" time="0">
    </testcase>
    <testcase classname="ParseTaskIds simulation (matching plugin C# logic) typical PCF payload: JSON.stringify([&quot;1000542&quot;]) → [&quot;1000542&quot;]" name="ParseTaskIds simulation (matching plugin C# logic) typical PCF payload: JSON.stringify([&quot;1000542&quot;]) → [&quot;1000542&quot;]" time="0">
    </testcase>
    <testcase classname="parseModifyTaskResult simulation real response: { Result: &apos;&quot;SUCCEED&quot;&apos; } → success" name="parseModifyTaskResult simulation real response: { Result: &apos;&quot;SUCCEED&quot;&apos; } → success" time="0.001">
    </testcase>
    <testcase classname="parseModifyTaskResult simulation { Result: &quot;success&quot; } → success" name="parseModifyTaskResult simulation { Result: &quot;success&quot; } → success" time="0">
    </testcase>
    <testcase classname="parseModifyTaskResult simulation { Result: &apos;&quot;SUCCEED&quot;&apos; } unwraps to SUCCEED → success" name="parseModifyTaskResult simulation { Result: &apos;&quot;SUCCEED&quot;&apos; } unwraps to SUCCEED → success" time="0.001">
    </testcase>
    <testcase classname="parseModifyTaskResult simulation { Result: &quot;ok&quot; } → success" name="parseModifyTaskResult simulation { Result: &quot;ok&quot; } → success" time="0">
    </testcase>
    <testcase classname="parseModifyTaskResult simulation { Result: &quot;true&quot; } parses &quot;true&quot; string" name="parseModifyTaskResult simulation { Result: &quot;true&quot; } parses &quot;true&quot; string" time="0">
    </testcase>
    <testcase classname="parseModifyTaskResult simulation { Result: &quot;error occurred&quot; } → failure" name="parseModifyTaskResult simulation { Result: &quot;error occurred&quot; } → failure" time="0">
    </testcase>
    <testcase classname="parseModifyTaskResult simulation { success: true, message: &quot;done&quot; } — message is parsed as nested candidate first" name="parseModifyTaskResult simulation { success: true, message: &quot;done&quot; } — message is parsed as nested candidate first" time="0">
    </testcase>
    <testcase classname="parseModifyTaskResult simulation { success: true } without message — falls through to success property check" name="parseModifyTaskResult simulation { success: true } without message — falls through to success property check" time="0.001">
    </testcase>
    <testcase classname="parseModifyTaskResult simulation { success: false, message: &quot;failed&quot; } → failure" name="parseModifyTaskResult simulation { success: false, message: &quot;failed&quot; } → failure" time="0">
    </testcase>
    <testcase classname="parseModifyTaskResult simulation null response → failure with default message" name="parseModifyTaskResult simulation null response → failure with default message" time="0.001">
    </testcase>
    <testcase classname="parseModifyTaskResult simulation empty string response → failure" name="parseModifyTaskResult simulation empty string response → failure" time="0">
    </testcase>
    <testcase classname="parseModifyTaskResult simulation deeply nested JSON is unwrapped" name="parseModifyTaskResult simulation deeply nested JSON is unwrapped" time="0.001">
    </testcase>
    <testcase classname="parseModifyTaskResult simulation triple-nested JSON stops at depth 5" name="parseModifyTaskResult simulation triple-nested JSON stops at depth 5" time="0">
    </testcase>
    <testcase classname="MODIFY_TASK_ALLOWED_STATUSES coverage &quot;complete&quot; is an allowed status for modify task button" name="MODIFY_TASK_ALLOWED_STATUSES coverage &quot;complete&quot; is an allowed status for modify task button" time="0.002">
    </testcase>
    <testcase classname="MODIFY_TASK_ALLOWED_STATUSES coverage &quot;complete passed qc&quot; is an allowed status for modify task button" name="MODIFY_TASK_ALLOWED_STATUSES coverage &quot;complete passed qc&quot; is an allowed status for modify task button" time="0">
    </testcase>
    <testcase classname="MODIFY_TASK_ALLOWED_STATUSES coverage &quot;assigned&quot; is NOT an allowed status for modify task" name="MODIFY_TASK_ALLOWED_STATUSES coverage &quot;assigned&quot; is NOT an allowed status for modify task" time="0.001">
    </testcase>
    <testcase classname="MODIFY_TASK_ALLOWED_STATUSES coverage &quot;assigned qc failed&quot; is NOT an allowed status for modify task" name="MODIFY_TASK_ALLOWED_STATUSES coverage &quot;assigned qc failed&quot; is NOT an allowed status for modify task" time="0">
    </testcase>
    <testcase classname="MODIFY_TASK_ALLOWED_STATUSES coverage &quot;assigned to qc&quot; is NOT an allowed status for modify task" name="MODIFY_TASK_ALLOWED_STATUSES coverage &quot;assigned to qc&quot; is NOT an allowed status for modify task" time="0">
    </testcase>
    <testcase classname="MODIFY_TASK_ALLOWED_STATUSES coverage &quot;reassigned to qc&quot; is NOT an allowed status for modify task" name="MODIFY_TASK_ALLOWED_STATUSES coverage &quot;reassigned to qc&quot; is NOT an allowed status for modify task" time="0">
    </testcase>
    <testcase classname="MODIFY_TASK_ALLOWED_STATUSES coverage &quot;pending&quot; is NOT an allowed status for modify task" name="MODIFY_TASK_ALLOWED_STATUSES coverage &quot;pending&quot; is NOT an allowed status for modify task" time="0">
    </testcase>
    <testcase classname="MODIFY_TASK_ALLOWED_STATUSES coverage &quot;&quot; is NOT an allowed status for modify task" name="MODIFY_TASK_ALLOWED_STATUSES coverage &quot;&quot; is NOT an allowed status for modify task" time="0">
    </testcase>
    <testcase classname="MODIFY_TASK_ALLOWED_STATUSES coverage comparison is lowercase (PCF lowercases the resolved status)" name="MODIFY_TASK_ALLOWED_STATUSES coverage comparison is lowercase (PCF lowercases the resolved status)" time="0.001">
    </testcase>
  </testsuite>
  <testsuite name="summary flag equal filter contract" errors="0" failures="0" skipped="0" timestamp="2026-04-28T10:07:43" time="0.051" tests="1">
    <testcase classname="summary flag equal filter contract equal-mode uses multi-select combobox (same as contains/notContains)" name="summary flag equal filter contract equal-mode uses multi-select combobox (same as contains/notContains)" time="0.002">
    </testcase>
  </testsuite>
  <testsuite name="prefilter configs extra" errors="0" failures="0" skipped="0" timestamp="2026-04-28T10:07:43" time="0.094" tests="20">
    <testcase classname="prefilter configs extra manager defaults and search-by options" name="prefilter configs extra manager defaults and search-by options" time="0.002">
    </testcase>
    <testcase classname="prefilter configs extra caseworker defaults and workThat options" name="prefilter configs extra caseworker defaults and workThat options" time="0.001">
    </testcase>
    <testcase classname="prefilter configs extra getManagerWorkThatOptions switches by searchBy" name="prefilter configs extra getManagerWorkThatOptions switches by searchBy" time="0.001">
    </testcase>
    <testcase classname="prefilter configs extra manager workThat options include expected keys" name="prefilter configs extra manager workThat options include expected keys" time="0">
    </testcase>
    <testcase classname="prefilter configs extra getQcWorkThatOptions switches by searchBy" name="prefilter configs extra getQcWorkThatOptions switches by searchBy" time="0.001">
    </testcase>
    <testcase classname="prefilter configs extra getQcWorkThatOptions uses default branch for unknown searchBy values" name="prefilter configs extra getQcWorkThatOptions uses default branch for unknown searchBy values" time="0">
    </testcase>
    <testcase classname="prefilter configs extra qc assignment defaults and search-by options" name="prefilter configs extra qc assignment defaults and search-by options" time="0.001">
    </testcase>
    <testcase classname="prefilter configs extra qc assignment workThat options for qcUser" name="prefilter configs extra qc assignment workThat options for qcUser" time="0">
    </testcase>
    <testcase classname="prefilter configs extra qc assignment workThat options for caseworker" name="prefilter configs extra qc assignment workThat options for caseworker" time="0.001">
    </testcase>
    <testcase classname="prefilter configs extra qc assignment workThat options for task" name="prefilter configs extra qc assignment workThat options for task" time="0">
    </testcase>
    <testcase classname="prefilter configs extra completed workThat helpers" name="prefilter configs extra completed workThat helpers" time="0.001">
    </testcase>
    <testcase classname="prefilter configs extra mapManagerPrefiltersToApi handles empty values" name="prefilter configs extra mapManagerPrefiltersToApi handles empty values" time="0.001">
    </testcase>
    <testcase classname="prefilter configs extra mapQcPrefiltersToApi searchBy switch" name="prefilter configs extra mapQcPrefiltersToApi searchBy switch" time="0">
    </testcase>
    <testcase classname="prefilter configs extra mapQcViewPrefiltersToApi omits searchBy and preFilter" name="prefilter configs extra mapQcViewPrefiltersToApi omits searchBy and preFilter" time="0.001">
    </testcase>
    <testcase classname="prefilter configs extra all mappers return empty object when prefilters are missing" name="prefilter configs extra all mappers return empty object when prefilters are missing" time="0">
    </testcase>
    <testcase classname="prefilter configs extra manager mapper omits invalid ISO dates and empty prefilter values" name="prefilter configs extra manager mapper omits invalid ISO dates and empty prefilter values" time="0">
    </testcase>
    <testcase classname="prefilter configs extra manager mapper supports one-sided valid dates" name="prefilter configs extra manager mapper supports one-sided valid dates" time="0">
    </testcase>
    <testcase classname="prefilter configs extra qc assignment mapper supports unknown searchBy fallback and task branch prefilter omission" name="prefilter configs extra qc assignment mapper supports unknown searchBy fallback and task branch prefilter omission" time="0.001">
    </testcase>
    <testcase classname="prefilter configs extra qc view mapper omits invalid dates and supports one-sided valid date" name="prefilter configs extra qc view mapper omits invalid dates and supports one-sided valid date" time="0.001">
    </testcase>
    <testcase classname="prefilter configs extra qc view defaults and options" name="prefilter configs extra qc view defaults and options" time="0">
    </testcase>
  </testsuite>
  <testsuite name="focus borders review gate" errors="0" failures="0" skipped="0" timestamp="2026-04-28T10:07:43" time="0.053" tests="4">
    <testcase classname="focus borders review gate keeps repo-owned custom interactive elements on visible 2px solid focus outlines" name="focus borders review gate keeps repo-owned custom interactive elements on visible 2px solid focus outlines" time="0.001">
    </testcase>
    <testcase classname="focus borders review gate keeps grid header and row focus indicators as inset outlines that fully encompass the component" name="focus borders review gate keeps grid header and row focus indicators as inset outlines that fully encompass the component" time="0.001">
    </testcase>
    <testcase classname="focus borders review gate keeps link-style buttons on real button semantics while inheriting the visible focus outline class" name="focus borders review gate keeps link-style buttons on real button semantics while inheriting the visible focus outline class" time="0">
    </testcase>
    <testcase classname="focus borders review gate uses a 2px focus outline for exact-match highlighted filter menu options" name="focus borders review gate uses a 2px focus outline for exact-match highlighted filter menu options" time="0">
    </testcase>
  </testsuite>
  <testsuite name="runtime access warm-up" errors="0" failures="0" skipped="0" timestamp="2026-04-28T10:07:43" time="0.046" tests="2">
    <testcase classname="runtime access warm-up updateView triggers runtime access warm-up" name="runtime access warm-up updateView triggers runtime access warm-up" time="0.001">
    </testcase>
    <testcase classname="runtime access warm-up runtime warm-up resolves access and notifies output change" name="runtime access warm-up runtime warm-up resolves access and notifies output change" time="0">
    </testcase>
  </testsuite>
  <testsuite name="prefilter date utils" errors="0" failures="0" skipped="0" timestamp="2026-04-28T10:07:43" time="0.049" tests="8">
    <testcase classname="prefilter date utils computeCompletedToDateIso returns +14 days when within range" name="prefilter date utils computeCompletedToDateIso returns +14 days when within range" time="0.001">
    </testcase>
    <testcase classname="prefilter date utils computeCompletedToDateIso clamps to today when +14 exceeds today" name="prefilter date utils computeCompletedToDateIso clamps to today when +14 exceeds today" time="0">
    </testcase>
    <testcase classname="prefilter date utils computeCompletedToDateIso returns today when from date is today" name="prefilter date utils computeCompletedToDateIso returns today when from date is today" time="0">
    </testcase>
    <testcase classname="prefilter date utils computeCompletedToDateIso returns undefined when from date is missing" name="prefilter date utils computeCompletedToDateIso returns undefined when from date is missing" time="0.001">
    </testcase>
    <testcase classname="prefilter date utils computeCompletedToDateIso uses current date when today override is omitted" name="prefilter date utils computeCompletedToDateIso uses current date when today override is omitted" time="0">
    </testcase>
    <testcase classname="prefilter date utils getPrefilterFromDateError flags future dates" name="prefilter date utils getPrefilterFromDateError flags future dates" time="0">
    </testcase>
    <testcase classname="prefilter date utils getPrefilterFromDateError ignores today or past dates" name="prefilter date utils getPrefilterFromDateError ignores today or past dates" time="0">
    </testcase>
    <testcase classname="prefilter date utils getPrefilterFromDateError ignores blank and invalid ISO-like values" name="prefilter date utils getPrefilterFromDateError ignores blank and invalid ISO-like values" time="0">
    </testcase>
  </testsuite>
  <testsuite name="contrast review gate" errors="0" failures="0" skipped="0" timestamp="2026-04-28T10:07:39" time="4.865" tests="6">
    <testcase classname="contrast review gate uses a focus outline color that passes the 3:1 non-text contrast requirement on white" name="contrast review gate uses a focus outline color that passes the 3:1 non-text contrast requirement on white" time="0.005">
    </testcase>
    <testcase classname="contrast review gate keeps unavailable controls above contrast thresholds" name="contrast review gate keeps unavailable controls above contrast thresholds" time="0.001">
    </testcase>
    <testcase classname="contrast review gate uses a visible border color for custom button boundaries on white backgrounds" name="contrast review gate uses a visible border color for custom button boundaries on white backgrounds" time="0">
    </testcase>
    <testcase classname="contrast review gate uses a warning accent border that passes 3:1 against its background" name="contrast review gate uses a warning accent border that passes 3:1 against its background" time="0">
    </testcase>
    <testcase classname="contrast review gate uses an input-border token for pagination controls so button boundaries stay visible" name="contrast review gate uses an input-border token for pagination controls so button boundaries stay visible" time="0.001">
    </testcase>
    <testcase classname="contrast review gate placeholder text token stays above the 4.5:1 text contrast threshold on white" name="contrast review gate placeholder text token stays above the 4.5:1 text contrast threshold on white" time="0">
    </testcase>
  </testsuite>
</testsuites>